
Hexadecimal

Area                               Addr   Size   Decimal Bytes (Attributes)
--------------------------------   ----   ----   ------- ----- ------------
.  .ABS.                           0000   0000 =      0. bytes (ABS,CON)

      Value  Global
   --------  --------------------------------
     0000    l_BIT_BANK
     0000    l_GSINIT1
     0000    l_GSINIT5
     0000    l_ISEG
     0000    l_PSEG
     0000    l_REG_BANK_1
     0000    l_REG_BANK_3
     0000    l_RSEG
     0000    l__CODE
     0000    s_BSEG
     0000    s_DSEG
     0000    s_HOME
     0000    s_PSEG
     0000    s_REG_BANK_0
     0000    s_XSEG
     0000    s__CODE
     0001    l_XINIT
     0001    l_XISEG
     0002    l_BSEG_BYTES
     0003    l_GSFINAL
     0003    l_GSINIT0
     0006    l_OSEG
     0008    l_REG_BANK_0
     0008    l_REG_BANK_2
     0008    s_REG_BANK_1
     000A    l_GSINIT2
     000B    l_BSEG
     000F    l_GSINIT
     0010    s_REG_BANK_2
     0018    s_REG_BANK_3
     0020    s_BSEG_BYTES
     0022    l_GSINIT3
     0022    s_BIT_BANK
     002A    l_GSINIT4
     0046    s_OSEG
     004C    s_RSEG
     004C    s_SSEG
     0076    l_HOME
     0076    s_GSINIT0
     0079    s_GSINIT1
     0079    s_GSINIT2
     007C    l_DSEG
     0080    G$P0$0$0
     0080    G$P0_0$0$0
     0080    _P0
     0080    _P0_0
     0080    s_ISEG
     0081    G$P0_1$0$0
     0081    G$SP$0$0
     0081    _P0_1
     0081    _SP
     0082    G$DPL$0$0
     0082    G$P0_2$0$0
     0082    _DPL
     0082    _P0_2
     0083    G$DPH$0$0
     0083    G$P0_3$0$0
     0083    _DPH
     0083    _P0_3
     0083    s_GSINIT3
     0084    G$P0_4$0$0
     0084    _P0_4
     0085    G$P0_5$0$0
     0085    _P0_5
     0086    G$P0_6$0$0
     0086    _P0_6
     0087    G$P0_7$0$0
     0087    G$PCON$0$0
     0087    _P0_7
     0087    _PCON
     0088    G$IT0$0$0
     0088    G$TCON$0$0
     0088    _IT0
     0088    _TCON
     0089    G$IE0$0$0
     0089    G$TMOD$0$0
     0089    _IE0
     0089    _TMOD
     008A    G$IT1$0$0
     008A    G$TL0$0$0
     008A    _IT1
     008A    _TL0
     008B    G$IE1$0$0
     008B    G$TL1$0$0
     008B    _IE1
     008B    _TL1
     008C    G$TH0$0$0
     008C    G$TR0$0$0
     008C    _TH0
     008C    _TR0
     008D    G$TF0$0$0
     008D    G$TH1$0$0
     008D    _TF0
     008D    _TH1
     008E    G$CKCON$0$0
     008E    G$TR1$0$0
     008E    _CKCON
     008E    _TR1
     008F    G$PSCTL$0$0
     008F    G$TF1$0$0
     008F    _PSCTL
     008F    _TF1
     0090    G$P1$0$0
     0090    G$P1_0$0$0
     0090    _P1
     0090    _P1_0
     0091    G$P1_1$0$0
     0091    G$TMR3CN$0$0
     0091    _P1_1
     0091    _TMR3CN
     0092    G$P1_2$0$0
     0092    G$TMR3RLL$0$0
     0092    _P1_2
     0092    _TMR3RLL
     0093    G$P1_3$0$0
     0093    G$TMR3RLH$0$0
     0093    _P1_3
     0093    _TMR3RLH
     0094    G$P1_4$0$0
     0094    G$TMR3L$0$0
     0094    _P1_4
     0094    _TMR3L
     0095    G$P1_5$0$0
     0095    G$TMR3H$0$0
     0095    _P1_5
     0095    _TMR3H
     0096    G$IDA0L$0$0
     0096    G$P1_6$0$0
     0096    _IDA0L
     0096    _P1_6
     0097    G$IDA0H$0$0
     0097    G$P1_7$0$0
     0097    _IDA0H
     0097    _P1_7
     0098    G$RI$0$0
     0098    G$RI0$0$0
     0098    G$SCON$0$0
     0098    G$SCON0$0$0
     0098    _RI
     0098    _RI0
     0098    _SCON
     0098    _SCON0
     0099    G$SBUF$0$0
     0099    G$SBUF0$0$0
     0099    G$TI$0$0
     0099    G$TI0$0$0
     0099    _SBUF
     0099    _SBUF0
     0099    _TI
     0099    _TI0
     009A    G$RB8$0$0
     009A    G$RB80$0$0
     009A    _RB8
     009A    _RB80
     009B    G$CPT0CN$0$0
     009B    G$TB8$0$0
     009B    G$TB80$0$0
     009B    _CPT0CN
     009B    _TB8
     009B    _TB80
     009C    G$REN$0$0
     009C    G$REN0$0$0
     009C    _REN
     009C    _REN0
     009D    G$CPT0MD$0$0
     009D    G$MCE0$0$0
     009D    G$SM2$0$0
     009D    _CPT0MD
     009D    _MCE0
     009D    _SM2
     009F    G$CPT0MX$0$0
     009F    G$S0MODE$0$0
     009F    G$SM0$0$0
     009F    _CPT0MX
     009F    _S0MODE
     009F    _SM0
     00A0    G$P2$0$0
     00A0    G$P2_0$0$0
     00A0    _P2
     00A0    _P2_0
     00A1    G$P2_1$0$0
     00A1    G$SPI0CFG$0$0
     00A1    _P2_1
     00A1    _SPI0CFG
     00A2    G$P2_2$0$0
     00A2    G$SPI0CKR$0$0
     00A2    _P2_2
     00A2    _SPI0CKR
     00A3    G$P2_3$0$0
     00A3    G$SPI0DAT$0$0
     00A3    _P2_3
     00A3    _SPI0DAT
     00A4    G$P0MDOUT$0$0
     00A4    G$P2_4$0$0
     00A4    _P0MDOUT
     00A4    _P2_4
     00A5    G$P1MDOUT$0$0
     00A5    G$P2_5$0$0
     00A5    _P1MDOUT
     00A5    _P2_5
     00A5    s_GSINIT4
     00A6    G$P2MDOUT$0$0
     00A6    G$P2_6$0$0
     00A6    _P2MDOUT
     00A6    _P2_6
     00A7    G$P2_7$0$0
     00A7    _P2_7
     00A8    G$EX0$0$0
     00A8    G$IE$0$0
     00A8    _EX0
     00A8    _IE
     00A9    G$CLKSEL$0$0
     00A9    G$ET0$0$0
     00A9    _CLKSEL
     00A9    _ET0
     00AA    G$EMI0CN$0$0
     00AA    G$EX1$0$0
     00AA    G$_XPAGE$0$0
     00AA    _EMI0CN
     00AA    _EX1
     00AA    __XPAGE
     00AB    G$ET1$0$0
     00AB    _ET1
     00AC    G$ES$0$0
     00AC    G$ES0$0$0
     00AC    _ES
     00AC    _ES0
     00AD    G$ET2$0$0
     00AD    _ET2
     00AE    G$ESPI0$0$0
     00AE    _ESPI0
     00AF    G$EA$0$0
     00AF    _EA
     00B1    G$OSCXCN$0$0
     00B1    _OSCXCN
     00B2    G$OSCICN$0$0
     00B2    _OSCICN
     00B3    G$OSCICL$0$0
     00B3    _OSCICL
     00B4    l_SSEG
     00B6    G$FLSCL$0$0
     00B6    _FLSCL
     00B7    G$FLKEY$0$0
     00B7    _FLKEY
     00B8    G$IP$0$0
     00B8    G$PX0$0$0
     00B8    _IP
     00B8    _PX0
     00B9    G$IDA0CN$0$0
     00B9    G$PT0$0$0
     00B9    _IDA0CN
     00B9    _PT0
     00BA    G$AMX0N$0$0
     00BA    G$PX1$0$0
     00BA    _AMX0N
     00BA    _PX1
     00BB    G$AMX0P$0$0
     00BB    G$PT1$0$0
     00BB    _AMX0P
     00BB    _PT1
     00BC    G$ADC0CF$0$0
     00BC    G$PS$0$0
     00BC    G$PS0$0$0
     00BC    _ADC0CF
     00BC    _PS
     00BC    _PS0
     00BD    G$ADC0L$0$0
     00BD    G$PT2$0$0
     00BD    _ADC0L
     00BD    _PT2
     00BE    G$ADC0H$0$0
     00BE    G$PSPI0$0$0
     00BE    _ADC0H
     00BE    _PSPI0
     00C0    G$SI$0$0
     00C0    G$SMB0CN$0$0
     00C0    _SI
     00C0    _SMB0CN
     00C1    G$ACK$0$0
     00C1    G$SMB0CF$0$0
     00C1    _ACK
     00C1    _SMB0CF
     00C1    l_XSEG
     00C1    s_XISEG
     00C2    G$ARBLOST$0$0
     00C2    G$SMB0DAT$0$0
     00C2    _ARBLOST
     00C2    _SMB0DAT
     00C3    G$ACKRQ$0$0
     00C3    G$ADC0GTL$0$0
     00C3    _ACKRQ
     00C3    _ADC0GTL
     00C4    G$ADC0GTH$0$0
     00C4    G$STO$0$0
     00C4    _ADC0GTH
     00C4    _STO
     00C5    G$ADC0LTL$0$0
     00C5    G$STA$0$0
     00C5    _ADC0LTL
     00C5    _STA
     00C6    G$ADC0LTH$0$0
     00C6    G$TXMODE$0$0
     00C6    _ADC0LTH
     00C6    _TXMODE
     00C7    G$MASTER$0$0
     00C7    _MASTER
     00C8    G$T2CON$0$0
     00C8    G$T2XCLK$0$0
     00C8    G$TMR2CN$0$0
     00C8    _T2CON
     00C8    _T2XCLK
     00C8    _TMR2CN
     00CA    G$RCAP2L$0$0
     00CA    G$TMR2RLL$0$0
     00CA    G$TR2$0$0
     00CA    _RCAP2L
     00CA    _TMR2RLL
     00CA    _TR2
     00CB    G$RCAP2H$0$0
     00CB    G$T2SPLIT$0$0
     00CB    G$TMR2RLH$0$0
     00CB    _RCAP2H
     00CB    _T2SPLIT
     00CB    _TMR2RLH
     00CC    G$TL2$0$0
     00CC    G$TMR2L$0$0
     00CC    _TL2
     00CC    _TMR2L
     00CD    G$TF2CEN$0$0
     00CD    G$TF2LEN$0$0
     00CD    G$TH2$0$0
     00CD    G$TMR2H$0$0
     00CD    _TF2CEN
     00CD    _TF2LEN
     00CD    _TH2
     00CD    _TMR2H
     00CE    G$TF2L$0$0
     00CE    _TF2L
     00CF    G$TF2$0$0
     00CF    G$TF2H$0$0
     00CF    _TF2
     00CF    _TF2H
     00CF    s_GSINIT
     00CF    s_GSINIT5
     00D0    G$PARITY$0$0
     00D0    G$PSW$0$0
     00D0    _PARITY
     00D0    _PSW
     00D1    G$F1$0$0
     00D1    G$REF0CN$0$0
     00D1    _F1
     00D1    _REF0CN
     00D2    G$OV$0$0
     00D2    _OV
     00D3    G$RS0$0$0
     00D3    _RS0
     00D4    G$P0SKIP$0$0
     00D4    G$RS1$0$0
     00D4    _P0SKIP
     00D4    _RS1
     00D5    G$F0$0$0
     00D5    G$P1SKIP$0$0
     00D5    _F0
     00D5    _P1SKIP
     00D6    G$AC$0$0
     00D6    _AC
     00D7    G$CY$0$0
     00D7    _CY
     00D8    G$CCF0$0$0
     00D8    G$PCA0CN$0$0
     00D8    _CCF0
     00D8    _PCA0CN
     00D9    G$CCF1$0$0
     00D9    G$PCA0MD$0$0
     00D9    _CCF1
     00D9    _PCA0MD
     00DA    G$CCF2$0$0
     00DA    G$PCA0CPM0$0$0
     00DA    _CCF2
     00DA    _PCA0CPM0
     00DB    G$PCA0CPM1$0$0
     00DB    _PCA0CPM1
     00DC    G$PCA0CPM2$0$0
     00DC    _PCA0CPM2
     00DE    G$CR$0$0
     00DE    _CR
     00DE    s_GSFINAL
     00DF    G$CF$0$0
     00DF    _CF
     00E0    G$ACC$0$0
     00E0    _ACC
     00E1    G$XBR0$0$0
     00E1    _XBR0
     00E1    s_CSEG
     00E2    G$XBR1$0$0
     00E2    _XBR1
     00E3    G$OSCLCN$0$0
     00E3    _OSCLCN
     00E4    G$INT01CF$0$0
     00E4    G$IT01CF$0$0
     00E4    _INT01CF
     00E4    _IT01CF
     00E6    G$EIE1$0$0
     00E6    _EIE1
     00E8    G$AD0CM0$0$0
     00E8    G$ADC0CN$0$0
     00E8    _AD0CM0
     00E8    _ADC0CN
     00E9    G$AD0CM1$0$0
     00E9    G$PCA0CPL1$0$0
     00E9    _AD0CM1
     00E9    _PCA0CPL1
     00EA    G$AD0CM2$0$0
     00EA    G$PCA0CPH1$0$0
     00EA    _AD0CM2
     00EA    _PCA0CPH1
     00EB    G$AD0WINT$0$0
     00EB    G$PCA0CPL2$0$0
     00EB    _AD0WINT
     00EB    _PCA0CPL2
     00EC    G$AD0BUSY$0$0
     00EC    G$PCA0CPH2$0$0
     00EC    _AD0BUSY
     00EC    _PCA0CPH2
     00ED    G$AD0INT$0$0
     00ED    _AD0INT
     00EE    G$AD0TM$0$0
     00EE    _AD0TM
     00EF    G$AD0EN$0$0
     00EF    G$RSTSRC$0$0
     00EF    _AD0EN
     00EF    _RSTSRC
     00F0    G$B$0$0
     00F0    _B
     00F1    G$P0MDIN$0$0
     00F1    G$P0MODE$0$0
     00F1    _P0MDIN
     00F1    _P0MODE
     00F2    G$P1MDIN$0$0
     00F2    G$P1MODE$0$0
     00F2    _P1MDIN
     00F2    _P1MODE
     00F5    _B_5
     00F6    G$EIP1$0$0
     00F6    _B_6
     00F6    _EIP1
     00F7    _B_7
     00F8    G$SPI0CN$0$0
     00F8    G$SPIEN$0$0
     00F8    _SPI0CN
     00F8    _SPIEN
     00F9    G$PCA0L$0$0
     00F9    G$TXBMT$0$0
     00F9    _PCA0L
     00F9    _TXBMT
     00FA    G$NSSMD0$0$0
     00FA    G$PCA0H$0$0
     00FA    _NSSMD0
     00FA    _PCA0H
     00FB    G$NSSMD1$0$0
     00FB    G$PCA0CPL0$0$0
     00FB    _NSSMD1
     00FB    _PCA0CPL0
     00FC    G$PCA0CPH0$0$0
     00FC    G$RXOVRN$0$0
     00FC    _PCA0CPH0
     00FC    _RXOVRN
     00FD    G$MODF$0$0
     00FD    _MODF
     00FE    G$WCOL$0$0
     00FE    _WCOL
     00FF    G$SPIF$0$0
     00FF    G$VDM0CN$0$0
     00FF    _SPIF
     00FF    _VDM0CN
     0100    l_IRAM
     0475    l_CONST
     13EF    l_CSEG
     14D0    s_CONST
     1945    s_XINIT
     8C8A    G$TMR0$0$0
     8C8A    _TMR0
     8D8B    G$TMR1$0$0
     8D8B    _TMR1
     9392    G$TMR3RL$0$0
     9392    _TMR3RL
     9594    G$TMR3$0$0
     9594    _TMR3
     9796    G$IDA0$0$0
     9796    _IDA0
     BEBD    G$ADC0$0$0
     BEBD    _ADC0
     C4C3    G$ADC0GT$0$0
     C4C3    _ADC0GT
     C6C5    G$ADC0LT$0$0
     C6C5    _ADC0LT
     CBCA    G$RCAP2$0$0
     CBCA    G$TMR2RL$0$0
     CBCA    _RCAP2
     CBCA    _TMR2RL
     CDCC    G$TMR2$0$0
     CDCC    _TMR2
     EAE9    G$PCA0CP1$0$0
     EAE9    _PCA0CP1
     ECEB    G$PCA0CP2$0$0
     ECEB    _PCA0CP2
     FAF9    G$PCA0$0$0
     FAF9    _PCA0
     FCFB    G$PCA0CP0$0$0
     FCFB    _PCA0CP0

Hexadecimal

Area                               Addr   Size   Decimal Bytes (Attributes)
--------------------------------   ----   ----   ------- ----- ------------
_CODE                              0000   0000 =      0. bytes (REL,CON)

Hexadecimal

Area                               Addr   Size   Decimal Bytes (Attributes)
--------------------------------   ----   ----   ------- ----- ------------
REG_BANK_0                         0000   0008 =      8. bytes (REL,OVR)

Hexadecimal

Area                               Addr   Size   Decimal Bytes (Attributes)
--------------------------------   ----   ----   ------- ----- ------------
REG_BANK_1                         0008   0000 =      0. bytes (REL,OVR)

Hexadecimal

Area                               Addr   Size   Decimal Bytes (Attributes)
--------------------------------   ----   ----   ------- ----- ------------
REG_BANK_2                         0010   0008 =      8. bytes (REL,OVR)

Hexadecimal

Area                               Addr   Size   Decimal Bytes (Attributes)
--------------------------------   ----   ----   ------- ----- ------------
REG_BANK_3                         0018   0000 =      0. bytes (REL,OVR)

Hexadecimal

Area                               Addr   Size   Decimal Bits  (Attributes)
--------------------------------   ----   ----   ------- ----- ------------
BSEG                               0000   000B =     11. bits  (REL,CON,BIT)

      Value  Global
   --------  --------------------------------
  0B:0000    G$Rx_Pending$0$0
  0B:0000    _Rx_Pending
  0B:0001    G$Tx_In_Progress$0$0
  0B:0001    _Tx_In_Progress
  0B:0002    G$switch2$0$0
  0B:0002    _switch2
  0B:0003    G$switch1$0$0
  0B:0003    _switch1
  0B:0004    G$func2$0$0
  0B:0004    _func2
  0B:0005    G$func1$0$0
  0B:0005    _func1
  0B:0006    G$err1$0$0
  0B:0006    _err1
  0B:0007    LSioIntService$bEvenDLE$1$1
  0B:0008    LSupplementalTiming$b$1$1
  0B:0009    LSupplementalTiming$c$1$1
  0B:000A    LWaitLCD$bi$1$1

Hexadecimal

Area                               Addr   Size   Decimal Bytes (Attributes)
--------------------------------   ----   ----   ------- ----- ------------
BSEG_BYTES                         0020   0002 =      2. bytes (REL,CON)

Hexadecimal

Area                               Addr   Size   Decimal Bytes (Attributes)
--------------------------------   ----   ----   ------- ----- ------------
BIT_BANK                           0022   0000 =      0. bytes (REL,OVR)

Hexadecimal

Area                               Addr   Size   Decimal Bytes (Attributes)
--------------------------------   ----   ----   ------- ----- ------------
DSEG                               0000   007C =    124. bytes (REL,CON)

      Value  Global
   --------  --------------------------------
     0008    LprintLCD$chr_ptr$1$1
     0008    _printLCD_PARM_2
     000A    LprintLCD$offset$1$1
     000A    _printLCD_PARM_3
     000B    LprintCode2LCD$chr_ptr$1$1
     000B    _printCode2LCD_PARM_2
     000D    LprintCode2LCD$offset$1$1
     000D    _printCode2LCD_PARM_3
     0018    LAsciiToUnsigned$p_int$1$1
     0018    _AsciiToUnsigned_PARM_2
     001B    LUnsignedToAscii$pbuf$1$1
     001B    _UnsignedToAscii_PARM_2
     001D    LUnsignedToAscii$nbdigits$1$1
     001D    _UnsignedToAscii_PARM_3
     0022    G$Timer$0$0
     0022    _Timer
     002B    FTSIPMon$TxRx_State$0$0
     002C    FTSIPMon$TxRx_Count$0$0
     002D    G$tz$0$0
     002D    _tz
     002E    G$gpsoffset$0$0
     002E    _gpsoffset
     002F    G$ticks$0$0
     002F    _ticks
     0031    FTSIPMon$p_TxRx_Buf$0$0
     0033    LPrimaryTiming$sec$1$1
     0034    LPrimaryTiming$min$1$1
     0035    LPrimaryTiming$dom$1$1
     0036    LPrimaryTiming$yr$1$1
     0038    LSupplementalTiming$mode$1$1
     0039    LSupplementalTiming$RxBuf$1$1
     003B    LSupplementalTiming$temp$1$1
     003F    LSupplementalTiming$val$1$1
     0040    LSupplementalTiming$fval$1$1
     0042    LSupplementalTiming$sloc1$1$0

Hexadecimal

Area                               Addr   Size   Decimal Bytes (Attributes)
--------------------------------   ----   ----   ------- ----- ------------
OSEG                               0046   0006 =      6. bytes (REL,OVR)

      Value  Global
   --------  --------------------------------
     000E    LTimerStart$num_ticks$1$1
     000E    _TimerStart_PARM_2
     0046    LCharToAscii$pbuf$1$1
     0046    LFault_Msg_Query$buf$1$1
     0046    _CharToAscii_PARM_2
     0046    _Fault_Msg_Query_PARM_2
     0046    __divsint_PARM_2
     0046    __divuint_PARM_2
     0046    __gptrput_PARM_2
     0046    __mulint_PARM_2
     0046    _strcpy_PARM_2
     0048    LCharToAscii$nbdigits$1$1
     0048    LFault_Msg_Query$msg$1$1
     0048    _CharToAscii_PARM_3
     0048    _Fault_Msg_Query_PARM_3
     0049    _strcpy_d_1_1

Hexadecimal

Area                               Addr   Size   Decimal Bytes (Attributes)
--------------------------------   ----   ----   ------- ----- ------------
ISEG                               0080   0000 =      0. bytes (REL,CON)

Hexadecimal

Area                               Addr   Size   Decimal Bytes (Attributes)
--------------------------------   ----   ----   ------- ----- ------------
SSEG                               004C   00B4 =    180. bytes (REL,OVR)

      Value  Global
   --------  --------------------------------
     004C    __start__stack

Hexadecimal

Area                               Addr   Size   Decimal Bytes (Attributes)
--------------------------------   ----   ----   ------- ----- ------------
RSEG                               004C   0000 =      0. bytes (REL,CON)

Hexadecimal

Area                               Addr   Size   Decimal Bytes (Attributes)
--------------------------------   ----   ----   ------- ----- ------------
PSEG                               0000   0000 =      0. bytes (REL,CON,PAG,XDATA)

Hexadecimal

Area                               Addr   Size   Decimal Bytes (Attributes)
--------------------------------   ----   ----   ------- ----- ------------
XSEG                               0000   00C1 =    193. bytes (REL,CON,XDATA)

      Value  Global
   --------  --------------------------------
  0D:0000    G$Alarms$0$0
  0D:0000    _Alarms
  0D:0002    G$lcdbuf$0$0
  0D:0002    _lcdbuf
  0D:0017    G$TxRxBuf$0$0
  0D:0017    _TxRxBuf
  0D:006C    LProcessRxMsg$pBuf$1$1

Hexadecimal

Area                               Addr   Size   Decimal Bytes (Attributes)
--------------------------------   ----   ----   ------- ----- ------------
XISEG                              00C1   0001 =      1. bytes (REL,CON,XDATA)

      Value  Global
   --------  --------------------------------
  0D:00C1    FExtdebug$fault_query_ndx$0$0

Hexadecimal

Area                               Addr   Size   Decimal Bytes (Attributes)
--------------------------------   ----   ----   ------- ----- ------------
HOME                               0000   0076 =    118. bytes (REL,CON,CODE)

      Value  Global
   --------  --------------------------------
  0C:0000    A$TSIPMon$903
  0C:0003    A$TSIPMon$904
  0C:000B    A$TSIPMon$906
  0C:0013    A$TSIPMon$908
  0C:001B    A$TSIPMon$910
  0C:0023    A$TSIPMon$912
  0C:002B    A$TSIPMon$914
  0C:0033    A$TSIPMon$916
  0C:003B    A$TSIPMon$918
  0C:0043    A$TSIPMon$920
  0C:004B    A$TSIPMon$922
  0C:0053    A$TSIPMon$924
  0C:005B    A$TSIPMon$926
  0C:0063    A$TSIPMon$928
  0C:006B    A$TSIPMon$930
  0C:0073    A$TSIPMon$932

Hexadecimal

Area                               Addr   Size   Decimal Bytes (Attributes)
--------------------------------   ----   ----   ------- ----- ------------
GSINIT0                            0076   0003 =      3. bytes (REL,CON,CODE)

      Value  Global
   --------  --------------------------------
  0C:0076    __sdcc_gsinit_startup

Hexadecimal

Area                               Addr   Size   Decimal Bytes (Attributes)
--------------------------------   ----   ----   ------- ----- ------------
GSINIT1                            0079   0000 =      0. bytes (REL,CON,CODE)

Hexadecimal

Area                               Addr   Size   Decimal Bytes (Attributes)
--------------------------------   ----   ----   ------- ----- ------------
GSINIT2                            0079   000A =     10. bytes (REL,CON,CODE)

Hexadecimal

Area                               Addr   Size   Decimal Bytes (Attributes)
--------------------------------   ----   ----   ------- ----- ------------
GSINIT3                            0083   0022 =     34. bytes (REL,CON,CODE)

      Value  Global
   --------  --------------------------------
  0C:0083    __mcs51_genXINIT

Hexadecimal

Area                               Addr   Size   Decimal Bytes (Attributes)
--------------------------------   ----   ----   ------- ----- ------------
GSINIT4                            00A5   002A =     42. bytes (REL,CON,CODE)

      Value  Global
   --------  --------------------------------
  0C:00A5    __mcs51_genRAMCLEAR
  0C:00AB    __mcs51_genXRAMCLEAR

Hexadecimal

Area                               Addr   Size   Decimal Bytes (Attributes)
--------------------------------   ----   ----   ------- ----- ------------
GSINIT5                            00CF   0000 =      0. bytes (REL,CON,CODE)

Hexadecimal

Area                               Addr   Size   Decimal Bytes (Attributes)
--------------------------------   ----   ----   ------- ----- ------------
GSINIT                             00CF   000F =     15. bytes (REL,CON,CODE)

      Value  Global
   --------  --------------------------------
  0C:00CF    A$TSIPMon$961
  0C:00CF    C$TSIPMon.c$896$2$1
  0C:00D1    A$TSIPMon$965
  0C:00D1    C$TSIPMon.c$897$2$1
  0C:00D3    A$TSIPMon$969
  0C:00D3    C$TSIPMon.c$904$2$1
  0C:00D6    A$TSIPMon$974
  0C:00D6    C$TSIPMon.c$181$2$1
  0C:00D9    A$TSIPMon$979
  0C:00D9    C$TSIPMon.c$216$2$1
  0C:00DA    A$TSIPMon$980
  0C:00DC    A$TSIPMon$981

Hexadecimal

Area                               Addr   Size   Decimal Bytes (Attributes)
--------------------------------   ----   ----   ------- ----- ------------
GSFINAL                            00DE   0003 =      3. bytes (REL,CON,CODE)

      Value  Global
   --------  --------------------------------
  0C:00DE    A$TSIPMon$983

Hexadecimal

Area                               Addr   Size   Decimal Bytes (Attributes)
--------------------------------   ----   ----   ------- ----- ------------
CSEG                               00E1   13EF =   5103. bytes (REL,CON,CODE)

      Value  Global
   --------  --------------------------------
  0C:00E1    A$TSIPMon$990
  0C:00E1    __sdcc_program_startup
  0C:00E4    A$TSIPMon$992
  0C:00E6    A$TSIPMon$1019
  0C:00E6    C$TSIPMon.c$229$0$0
  0C:00E6    C$TSIPMon.c$231$1$1
  0C:00E6    G$main$0$0
  0C:00E6    _main
  0C:00E9    A$TSIPMon$1023
  0C:00E9    C$TSIPMon.c$233$1$1
  0C:00EC    A$TSIPMon$1027
  0C:00EC    C$TSIPMon.c$234$1$1
  0C:00EF    A$TSIPMon$1031
  0C:00EF    C$TSIPMon.c$235$1$1
  0C:00F2    A$TSIPMon$1035
  0C:00F2    C$TSIPMon.c$236$1$1
  0C:00F4    A$TSIPMon$1039
  0C:00F4    C$TSIPMon.c$237$1$1
  0C:00F6    A$TSIPMon$1043
  0C:00F6    C$TSIPMon.c$239$1$1
  0C:00F8    A$TSIPMon$1047
  0C:00F8    C$TSIPMon.c$240$1$1
  0C:00FB    A$TSIPMon$1048
  0C:00FE    A$TSIPMon$1050
  0C:0101    A$TSIPMon$1051
  0C:0104    A$TSIPMon$1056
  0C:0104    C$TSIPMon.c$241$1$1
  0C:0107    A$TSIPMon$1057
  0C:010A    A$TSIPMon$1062
  0C:010C    A$TSIPMon$1067
  0C:010C    C$TSIPMon.c$243$1$1
  0C:010F    A$TSIPMon$1071
  0C:010F    C$TSIPMon.c$244$1$1
  0C:0112    A$TSIPMon$1072
  0C:0115    A$TSIPMon$1076
  0C:0115    C$TSIPMon.c$245$1$1
  0C:0118    A$TSIPMon$1077
  0C:011B    A$TSIPMon$1079
  0C:011E    A$TSIPMon$1081
  0C:0121    A$TSIPMon$1082
  0C:0124    A$TSIPMon$1086
  0C:0124    C$TSIPMon.c$246$1$1
  0C:0127    A$TSIPMon$1087
  0C:012A    A$TSIPMon$1089
  0C:012D    A$TSIPMon$1091
  0C:0130    A$TSIPMon$1092
  0C:0133    A$TSIPMon$1096
  0C:0133    C$TSIPMon.c$248$1$1
  0C:0136    A$TSIPMon$1097
  0C:0139    A$TSIPMon$1099
  0C:013C    A$TSIPMon$1100
  0C:013F    A$TSIPMon$1105
  0C:013F    C$TSIPMon.c$249$1$1
  0C:0142    A$TSIPMon$1106
  0C:0145    A$TSIPMon$1111
  0C:0147    A$TSIPMon$1116
  0C:0147    C$TSIPMon.c$251$1$1
  0C:014A    A$TSIPMon$1117
  0C:014D    A$TSIPMon$1122
  0C:0150    A$TSIPMon$1127
  0C:0150    C$TSIPMon.c$254$2$2
  0C:0153    A$TSIPMon$1128
  0C:0156    A$TSIPMon$1129
  0C:0159    A$TSIPMon$1132
  0C:015C    A$TSIPMon$1133
  0C:015F    A$TSIPMon$1134
  0C:0162    A$TSIPMon$1139
  0C:0162    C$TSIPMon.c$255$2$2
  0C:0164    A$TSIPMon$1140
  0C:0166    A$TSIPMon$1141
  0C:0168    A$TSIPMon$1143
  0C:0169    A$TSIPMon$1144
  0C:016B    A$TSIPMon$1145
  0C:016D    A$TSIPMon$1147
  0C:0170    A$TSIPMon$1149
  0C:0173    A$TSIPMon$1150
  0C:0176    A$TSIPMon$1154
  0C:0176    C$TSIPMon.c$256$2$2
  0C:0179    A$TSIPMon$1155
  0C:017C    A$TSIPMon$1157
  0C:017F    A$TSIPMon$1159
  0C:0182    A$TSIPMon$1160
  0C:0185    A$TSIPMon$1164
  0C:0185    C$TSIPMon.c$257$2$2
  0C:0188    A$TSIPMon$1165
  0C:018B    A$TSIPMon$1166
  0C:018E    A$TSIPMon$1169
  0C:0191    A$TSIPMon$1170
  0C:0194    A$TSIPMon$1171
  0C:0197    A$TSIPMon$1175
  0C:0197    C$TSIPMon.c$259$2$2
  0C:019A    A$TSIPMon$1176
  0C:019D    A$TSIPMon$1178
  0C:01A0    A$TSIPMon$1180
  0C:01A3    A$TSIPMon$1181
  0C:01A6    A$TSIPMon$1185
  0C:01A6    C$TSIPMon.c$260$2$2
  0C:01A9    A$TSIPMon$1186
  0C:01AC    A$TSIPMon$1188
  0C:01AF    A$TSIPMon$1189
  0C:01B2    A$TSIPMon$1194
  0C:01B2    C$TSIPMon.c$261$2$2
  0C:01B5    A$TSIPMon$1195
  0C:01B8    A$TSIPMon$1200
  0C:01BA    A$TSIPMon$1205
  0C:01BA    C$TSIPMon.c$263$2$2
  0C:01BD    A$TSIPMon$1206
  0C:01C0    A$TSIPMon$1210
  0C:01C0    C$TSIPMon.c$267$2$2
  0C:01C3    A$TSIPMon$1215
  0C:01C3    C$TSIPMon.c$272$1$1
  0C:01C5    A$TSIPMon$1219
  0C:01C5    C$TSIPMon.c$273$1$1
  0C:01C7    A$TSIPMon$1223
  0C:01C7    C$TSIPMon.c$274$1$1
  0C:01C9    A$TSIPMon$1227
  0C:01C9    C$TSIPMon.c$275$1$1
  0C:01CB    A$TSIPMon$1231
  0C:01CB    C$TSIPMon.c$277$1$1
  0C:01CE    A$TSIPMon$1232
  0C:01D1    A$TSIPMon$1234
  0C:01D4    A$TSIPMon$1236
  0C:01D7    A$TSIPMon$1237
  0C:01DA    A$TSIPMon$1241
  0C:01DA    C$TSIPMon.c$278$1$1
  0C:01DD    A$TSIPMon$1242
  0C:01E0    A$TSIPMon$1244
  0C:01E3    A$TSIPMon$1245
  0C:01E6    A$TSIPMon$1250
  0C:01E6    C$TSIPMon.c$279$1$1
  0C:01E9    A$TSIPMon$1251
  0C:01EC    A$TSIPMon$1256
  0C:01EE    A$TSIPMon$1261
  0C:01EE    C$TSIPMon.c$281$1$1
  0C:01F0    A$TSIPMon$1265
  0C:01F0    C$TSIPMon.c$282$1$1
  0C:01F3    A$TSIPMon$1266
  0C:01F4    A$TSIPMon$1267
  0C:01F6    A$TSIPMon$1269
  0C:01F9    A$TSIPMon$1270
  0C:01FC    A$TSIPMon$1279
  0C:01FC    C$TSIPMon.c$284$1$1
  0C:01FC    C$TSIPMon.c$285$2$3
  0C:01FF    A$TSIPMon$1284
  0C:01FF    C$TSIPMon.c$286$3$4
  0C:0202    A$TSIPMon$1285
  0C:0205    A$TSIPMon$1289
  0C:0205    C$TSIPMon.c$287$3$4
  0C:0208    A$TSIPMon$1293
  0C:0208    C$TSIPMon.c$288$3$4
  0C:020B    A$TSIPMon$1294
  0C:020E    A$TSIPMon$1296
  0C:0211    A$TSIPMon$1297
  0C:0214    A$TSIPMon$1301
  0C:0214    C$TSIPMon.c$289$3$4
  0C:0216    A$TSIPMon$1306
  0C:0216    C$TSIPMon.c$291$2$3
  0C:0219    A$TSIPMon$1307
  0C:021C    A$TSIPMon$1312
  0C:021E    A$TSIPMon$1319
  0C:021E    C$TSIPMon.c$292$3$5
  0C:0221    A$TSIPMon$1324
  0C:0221    C$TSIPMon.c$293$4$6
  0C:0224    A$TSIPMon$1325
  0C:0227    A$TSIPMon$1327
  0C:022A    A$TSIPMon$1328
  0C:022D    A$TSIPMon$1332
  0C:022D    C$TSIPMon.c$294$4$6
  0C:0230    A$TSIPMon$1333
  0C:0233    A$TSIPMon$1335
  0C:0236    A$TSIPMon$1337
  0C:0239    A$TSIPMon$1338
  0C:023C    A$TSIPMon$1342
  0C:023C    C$TSIPMon.c$296$4$6
  0C:023E    A$TSIPMon$1344
  0C:0240    A$TSIPMon$1349
  0C:0240    C$TSIPMon.c$298$4$7
  0C:0243    A$TSIPMon$1350
  0C:0246    A$TSIPMon$1352
  0C:0249    A$TSIPMon$1353
  0C:024C    A$TSIPMon$1357
  0C:024C    C$TSIPMon.c$299$4$7
  0C:024F    A$TSIPMon$1358
  0C:0252    A$TSIPMon$1362
  0C:0252    C$TSIPMon.c$300$4$7
  0C:0254    A$TSIPMon$1367
  0C:0254    C$TSIPMon.c$304$2$3
  0C:0257    A$TSIPMon$1368
  0C:025A    A$TSIPMon$1373
  0C:025C    A$TSIPMon$1378
  0C:025C    C$TSIPMon.c$305$3$8
  0C:025E    A$TSIPMon$1382
  0C:025E    C$TSIPMon.c$306$3$8
  0C:0260    A$TSIPMon$1386
  0C:0260    C$TSIPMon.c$307$3$8
  0C:0263    A$TSIPMon$1387
  0C:0266    A$TSIPMon$1391
  0C:0266    C$TSIPMon.c$311$1$1
  0C:0266    XG$main$0$0
  0C:0268    A$TSIPMon$1408
  0C:0268    C$TSIPMon.c$341$1$1
  0C:0268    C$TSIPMon.c$343$1$1
  0C:0268    G$Port_Init$0$0
  0C:0268    _Port_Init
  0C:026B    A$TSIPMon$1412
  0C:026B    C$TSIPMon.c$345$1$1
  0C:026E    A$TSIPMon$1416
  0C:026E    C$TSIPMon.c$346$1$1
  0C:0271    A$TSIPMon$1420
  0C:0271    C$TSIPMon.c$347$1$1
  0C:0274    A$TSIPMon$1424
  0C:0274    C$TSIPMon.c$349$1$1
  0C:0277    A$TSIPMon$1428
  0C:0277    C$TSIPMon.c$352$1$1
  0C:027A    A$TSIPMon$1432
  0C:027A    C$TSIPMon.c$353$1$1
  0C:027D    A$TSIPMon$1436
  0C:027D    C$TSIPMon.c$360$1$1
  0C:027F    A$TSIPMon$1440
  0C:027F    C$TSIPMon.c$361$1$1
  0C:0281    A$TSIPMon$1444
  0C:0281    C$TSIPMon.c$365$1$1
  0C:0281    XG$Port_Init$0$0
  0C:0282    A$TSIPMon$1460
  0C:0282    C$TSIPMon.c$380$1$1
  0C:0282    C$TSIPMon.c$384$1$1
  0C:0282    G$Timer2_Init$0$0
  0C:0282    _Timer2_Init
  0C:0285    A$TSIPMon$1464
  0C:0285    C$TSIPMon.c$385$1$1
  0C:0288    A$TSIPMon$1468
  0C:0288    C$TSIPMon.c$387$1$1
  0C:028B    A$TSIPMon$1469
  0C:028E    A$TSIPMon$1473
  0C:028E    C$TSIPMon.c$388$1$1
  0C:0291    A$TSIPMon$1474
  0C:0294    A$TSIPMon$1478
  0C:0294    C$TSIPMon.c$390$1$1
  0C:0297    A$TSIPMon$1482
  0C:0297    C$TSIPMon.c$391$1$1
  0C:0299    A$TSIPMon$1486
  0C:0299    C$TSIPMon.c$393$1$1
  0C:029B    A$TSIPMon$1492
  0C:029B    C$TSIPMon.c$394$2$2
  0C:029C    A$TSIPMon$1493
  0C:029D    A$TSIPMon$1496
  0C:029E    A$TSIPMon$1498
  0C:02A1    A$TSIPMon$1499
  0C:02A2    A$TSIPMon$1501
  0C:02A4    A$TSIPMon$1502
  0C:02A5    A$TSIPMon$1505
  0C:02A7    A$TSIPMon$1507
  0C:02A8    A$TSIPMon$1511
  0C:02A9    A$TSIPMon$1512
  0C:02AB    A$TSIPMon$1517
  0C:02AB    C$TSIPMon.c$395$2$2
  0C:02AD    A$TSIPMon$1518
  0C:02AE    A$TSIPMon$1519
  0C:02B0    A$TSIPMon$1520
  0C:02B1    A$TSIPMon$1522
  0C:02B3    A$TSIPMon$1526
  0C:02B3    C$TSIPMon.c$393$2$2
  0C:02B4    A$TSIPMon$1529
  0C:02B6    A$TSIPMon$1534
  0C:02B6    C$TSIPMon.c$398$2$2
  0C:02B6    XG$Timer2_Init$0$0
  0C:02B7    A$TSIPMon$1547
  0C:02B7    C$TSIPMon.c$412$2$2
  0C:02B7    G$Timer2_ISR$0$0
  0C:02B7    _Timer2_ISR
  0C:02B9    A$TSIPMon$1548
  0C:02BB    A$TSIPMon$1549
  0C:02BD    A$TSIPMon$1550
  0C:02BF    A$TSIPMon$1551
  0C:02C1    A$TSIPMon$1552
  0C:02C3    A$TSIPMon$1553
  0C:02C5    A$TSIPMon$1554
  0C:02C7    A$TSIPMon$1555
  0C:02CA    A$TSIPMon$1559
  0C:02CA    C$TSIPMon.c$417$1$1
  0C:02CC    A$TSIPMon$1563
  0C:02CC    C$TSIPMon.c$418$1$1
  0C:02CE    A$TSIPMon$1564
  0C:02D0    A$TSIPMon$1567
  0C:02D2    A$TSIPMon$1573
  0C:02D2    C$TSIPMon.c$419$1$1
  0C:02D4    A$TSIPMon$1574
  0C:02D6    A$TSIPMon$1575
  0C:02D9    A$TSIPMon$1576
  0C:02DB    A$TSIPMon$1582
  0C:02DD    A$TSIPMon$1586
  0C:02E0    A$TSIPMon$1590
  0C:02E2    A$TSIPMon$1596
  0C:02E2    C$TSIPMon.c$421$2$2
  0C:02E3    A$TSIPMon$1597
  0C:02E6    A$TSIPMon$1598
  0C:02E7    A$TSIPMon$1600
  0C:02E8    A$TSIPMon$1602
  0C:02EA    A$TSIPMon$1603
  0C:02EB    A$TSIPMon$1606
  0C:02ED    A$TSIPMon$1607
  0C:02EE    A$TSIPMon$1608
  0C:02F0    A$TSIPMon$1609
  0C:02F1    A$TSIPMon$1611
  0C:02F2    A$TSIPMon$1612
  0C:02F3    A$TSIPMon$1615
  0C:02F5    A$TSIPMon$1621
  0C:02F5    C$TSIPMon.c$422$3$3
  0C:02F6    A$TSIPMon$1622
  0C:02F9    A$TSIPMon$1623
  0C:02FA    A$TSIPMon$1627
  0C:02FC    A$TSIPMon$1628
  0C:02FD    A$TSIPMon$1629
  0C:02FF    A$TSIPMon$1630
  0C:0300    A$TSIPMon$1635
  0C:0300    C$TSIPMon.c$423$3$3
  0C:0301    A$TSIPMon$1636
  0C:0303    A$TSIPMon$1639
  0C:0305    A$TSIPMon$1643
  0C:0306    A$TSIPMon$1644
  0C:0308    A$TSIPMon$1646
  0C:030A    A$TSIPMon$1652
  0C:030A    C$TSIPMon.c$425$3$4
  0C:030B    A$TSIPMon$1653
  0C:030D    A$TSIPMon$1656
  0C:030F    A$TSIPMon$1660
  0C:0310    A$TSIPMon$1661
  0C:0312    A$TSIPMon$1667
  0C:0312    C$TSIPMon.c$420$1$1
  0C:0313    A$TSIPMon$1669
  0C:0315    A$TSIPMon$1671
  0C:0317    A$TSIPMon$1672
  0C:0319    A$TSIPMon$1673
  0C:031B    A$TSIPMon$1674
  0C:031D    A$TSIPMon$1675
  0C:031F    A$TSIPMon$1676
  0C:0321    A$TSIPMon$1677
  0C:0323    A$TSIPMon$1678
  0C:0325    A$TSIPMon$1681
  0C:0325    C$TSIPMon.c$429$1$1
  0C:0325    XG$Timer2_ISR$0$0
  0C:0326    A$TSIPMon$1698
  0C:0326    C$TSIPMon.c$436$1$1
  0C:0326    G$WaitTicks$0$0
  0C:0326    _WaitTicks
  0C:0328    A$TSIPMon$1699
  0C:032A    A$TSIPMon$1703
  0C:032A    C$TSIPMon.c$438$1$1
  0C:032C    A$TSIPMon$1707
  0C:032C    C$TSIPMon.c$439$1$1
  0C:032E    A$TSIPMon$1708
  0C:0330    A$TSIPMon$1712
  0C:0330    C$TSIPMon.c$440$1$1
  0C:0332    A$TSIPMon$1717
  0C:0332    C$TSIPMon.c$441$1$1
  0C:0334    A$TSIPMon$1718
  0C:0336    A$TSIPMon$1721
  0C:0338    A$TSIPMon$1726
  0C:0338    C$TSIPMon.c$444$1$1
  0C:0338    XG$WaitTicks$0$0
  0C:0339    A$TSIPMon$1741
  0C:0339    C$TSIPMon.c$456$1$1
  0C:0339    G$TimerStart$0$0
  0C:0339    _TimerStart
  0C:033B    A$TSIPMon$1745
  0C:033B    C$TSIPMon.c$458$1$1
  0C:033D    A$TSIPMon$1750
  0C:033D    C$TSIPMon.c$460$1$1
  0C:033E    A$TSIPMon$1751
  0C:0341    A$TSIPMon$1752
  0C:0342    A$TSIPMon$1754
  0C:0343    A$TSIPMon$1756
  0C:0345    A$TSIPMon$1760
  0C:0346    A$TSIPMon$1761
  0C:0348    A$TSIPMon$1762
  0C:0349    A$TSIPMon$1763
  0C:034B    A$TSIPMon$1768
  0C:034B    C$TSIPMon.c$461$1$1
  0C:034C    A$TSIPMon$1769
  0C:034E    A$TSIPMon$1772
  0C:0350    A$TSIPMon$1776
  0C:0351    A$TSIPMon$1777
  0C:0353    A$TSIPMon$1781
  0C:0353    C$TSIPMon.c$463$1$1
  0C:0355    A$TSIPMon$1785
  0C:0355    C$TSIPMon.c$465$1$1
  0C:0355    XG$TimerStart$0$0
  0C:0356    A$TSIPMon$1804
  0C:0356    C$TSIPMon.c$471$1$1
  0C:0356    C$TSIPMon.c$473$1$1
  0C:0356    G$TimerRunning$0$0
  0C:0356    _TimerRunning
  0C:0358    A$TSIPMon$1805
  0C:0359    A$TSIPMon$1806
  0C:035C    A$TSIPMon$1807
  0C:035D    A$TSIPMon$1809
  0C:035F    A$TSIPMon$1812
  0C:0361    A$TSIPMon$1813
  0C:0362    A$TSIPMon$1816
  0C:0364    A$TSIPMon$1821
  0C:0367    A$TSIPMon$1826
  0C:0369    A$TSIPMon$1828
  0C:036B    A$TSIPMon$1831
  0C:036D    A$TSIPMon$1834
  0C:036E    A$TSIPMon$1835
  0C:0370    A$TSIPMon$1839
  0C:0370    C$TSIPMon.c$475$1$1
  0C:0370    XG$TimerRunning$0$0
  0C:0371    A$TSIPMon$1853
  0C:0371    C$TSIPMon.c$481$1$1
  0C:0371    G$TimerReset$0$0
  0C:0371    _TimerReset
  0C:0373    A$TSIPMon$1857
  0C:0373    C$TSIPMon.c$483$1$1
  0C:0375    A$TSIPMon$1862
  0C:0375    C$TSIPMon.c$484$1$1
  0C:0376    A$TSIPMon$1863
  0C:0379    A$TSIPMon$1864
  0C:037A    A$TSIPMon$1866
  0C:037B    A$TSIPMon$1868
  0C:037D    A$TSIPMon$1872
  0C:037E    A$TSIPMon$1873
  0C:0380    A$TSIPMon$1874
  0C:0381    A$TSIPMon$1875
  0C:0383    A$TSIPMon$1880
  0C:0383    C$TSIPMon.c$485$1$1
  0C:0384    A$TSIPMon$1881
  0C:0386    A$TSIPMon$1884
  0C:0388    A$TSIPMon$1888
  0C:0389    A$TSIPMon$1889
  0C:038B    A$TSIPMon$1893
  0C:038B    C$TSIPMon.c$486$1$1
  0C:038D    A$TSIPMon$1897
  0C:038D    C$TSIPMon.c$488$1$1
  0C:038D    XG$TimerReset$0$0
  0C:038E    A$TSIPMon$1916
  0C:038E    C$TSIPMon.c$493$1$1
  0C:038E    C$TSIPMon.c$495$1$1
  0C:038E    G$TimerReady$0$0
  0C:038E    _TimerReady
  0C:0390    A$TSIPMon$1917
  0C:0391    A$TSIPMon$1918
  0C:0394    A$TSIPMon$1919
  0C:0395    A$TSIPMon$1921
  0C:0397    A$TSIPMon$1924
  0C:0399    A$TSIPMon$1925
  0C:039A    A$TSIPMon$1928
  0C:039B    A$TSIPMon$1931
  0C:039D    A$TSIPMon$1936
  0C:039D    C$TSIPMon.c$496$1$1
  0C:039F    A$TSIPMon$1937
  0C:03A1    A$TSIPMon$1940
  0C:03A2    A$TSIPMon$1946
  0C:03A2    C$TSIPMon.c$498$1$1
  0C:03A3    A$TSIPMon$1947
  0C:03A5    A$TSIPMon$1951
  0C:03A5    C$TSIPMon.c$500$1$1
  0C:03A5    XG$TimerReady$0$0
  0C:03A6    A$TSIPMon$1966
  0C:03A6    C$TSIPMon.c$515$1$1
  0C:03A6    C$TSIPMon.c$517$1$1
  0C:03A6    G$UART0_Init$0$0
  0C:03A6    _UART0_Init
  0C:03A9    A$TSIPMon$1970
  0C:03A9    C$TSIPMon.c$527$2$2
  0C:03AC    A$TSIPMon$1974
  0C:03AC    C$TSIPMon.c$528$2$2
  0C:03AF    A$TSIPMon$1978
  0C:03AF    C$TSIPMon.c$529$2$2
  0C:03B2    A$TSIPMon$1982
  0C:03B2    C$TSIPMon.c$544$1$1
  0C:03B5    A$TSIPMon$1986
  0C:03B5    C$TSIPMon.c$545$1$1
  0C:03B8    A$TSIPMon$1990
  0C:03B8    C$TSIPMon.c$546$1$1
  0C:03BB    A$TSIPMon$1994
  0C:03BB    C$TSIPMon.c$547$1$1
  0C:03BD    A$TSIPMon$1998
  0C:03BD    C$TSIPMon.c$548$1$1
  0C:03BF    A$TSIPMon$2002
  0C:03BF    C$TSIPMon.c$556$1$1
  0C:03C1    A$TSIPMon$2006
  0C:03C1    C$TSIPMon.c$557$1$1
  0C:03C3    A$TSIPMon$2010
  0C:03C3    C$TSIPMon.c$558$1$1
  0C:03C5    A$TSIPMon$2014
  0C:03C5    C$TSIPMon.c$560$1$1
  0C:03C5    XG$UART0_Init$0$0
  0C:03C6    A$TSIPMon$2035
  0C:03C6    C$TSIPMon.c$566$1$1
  0C:03C6    G$SioIntService$0$0
  0C:03C6    _SioIntService
  0C:03C8    A$TSIPMon$2036
  0C:03CA    A$TSIPMon$2037
  0C:03CC    A$TSIPMon$2038
  0C:03CE    A$TSIPMon$2039
  0C:03D1    A$TSIPMon$2044
  0C:03D1    C$TSIPMon.c$573$1$1
  0C:03D4    A$TSIPMon$2045
  0C:03D7    A$TSIPMon$2050
  0C:03D7    C$TSIPMon.c$574$2$2
  0C:03D9    A$TSIPMon$2054
  0C:03D9    C$TSIPMon.c$575$2$2
  0C:03DB    A$TSIPMon$2062
  0C:03DB    C$TSIPMon.c$578$2$2
  0C:03DD    A$TSIPMon$2063
  0C:03DF    A$TSIPMon$2064
  0C:03E1    A$TSIPMon$2069
  0C:03E1    C$TSIPMon.c$579$3$3
  0C:03E4    A$TSIPMon$2073
  0C:03E4    C$TSIPMon.c$580$3$3
  0C:03E7    A$TSIPMon$2077
  0C:03E7    C$TSIPMon.c$581$3$3
  0C:03EA    A$TSIPMon$2085
  0C:03EA    C$TSIPMon.c$584$2$2
  0C:03EC    A$TSIPMon$2086
  0C:03EE    A$TSIPMon$2087
  0C:03F0    A$TSIPMon$2088
  0C:03F3    A$TSIPMon$2091
  0C:03F5    A$TSIPMon$2093
  0C:03F7    A$TSIPMon$2094
  0C:03F9    A$TSIPMon$2095
  0C:03FC    A$TSIPMon$2096
  0C:03FD    A$TSIPMon$2098
  0C:0400    A$TSIPMon$2099
  0C:0403    A$TSIPMon$2100
  0C:0406    A$TSIPMon$2101
  0C:0409    A$TSIPMon$2102
  0C:040C    A$TSIPMon$2103
  0C:040F    A$TSIPMon$2113
  0C:040F    C$TSIPMon.c$585$3$4
  0C:040F    C$TSIPMon.c$588$3$4
  0C:0412    A$TSIPMon$2120
  0C:0412    C$TSIPMon.c$590$4$5
  0C:0415    A$TSIPMon$2123
  0C:0418    A$TSIPMon$2124
  0C:0419    A$TSIPMon$2125
  0C:041A    A$TSIPMon$2129
  0C:041A    C$TSIPMon.c$591$4$5
  0C:041D    A$TSIPMon$2131
  0C:041F    A$TSIPMon$2137
  0C:041F    C$TSIPMon.c$592$3$4
  0C:0422    A$TSIPMon$2139
  0C:0424    A$TSIPMon$2144
  0C:0424    C$TSIPMon.c$593$4$6
  0C:0427    A$TSIPMon$2148
  0C:0427    C$TSIPMon.c$594$4$6
  0C:0429    A$TSIPMon$2152
  0C:0429    C$TSIPMon.c$595$4$6
  0C:042C    A$TSIPMon$2157
  0C:042C    C$TSIPMon.c$597$3$4
  0C:042E    A$TSIPMon$2160
  0C:042E    C$TSIPMon.c$598$3$4
  0C:0431    A$TSIPMon$2170
  0C:0431    C$TSIPMon.c$600$3$4
  0C:0431    C$TSIPMon.c$601$3$4
  0C:0434    A$TSIPMon$2177
  0C:0434    C$TSIPMon.c$602$3$4
  0C:0437    A$TSIPMon$2178
  0C:043A    A$TSIPMon$2183
  0C:043A    C$TSIPMon.c$604$3$4
  0C:043D    A$TSIPMon$2186
  0C:043D    C$TSIPMon.c$605$3$4
  0C:0440    A$TSIPMon$2196
  0C:0440    C$TSIPMon.c$607$3$4
  0C:0440    C$TSIPMon.c$608$3$4
  0C:0443    A$TSIPMon$2203
  0C:0443    C$TSIPMon.c$610$3$4
  0C:0446    A$TSIPMon$2204
  0C:0449    A$TSIPMon$2209
  0C:0449    C$TSIPMon.c$612$3$4
  0C:044C    A$TSIPMon$2212
  0C:044C    C$TSIPMon.c$613$3$4
  0C:044F    A$TSIPMon$2222
  0C:044F    C$TSIPMon.c$615$3$4
  0C:044F    C$TSIPMon.c$616$3$4
  0C:0452    A$TSIPMon$2229
  0C:0452    C$TSIPMon.c$618$4$7
  0C:0455    A$TSIPMon$2232
  0C:0458    A$TSIPMon$2233
  0C:0459    A$TSIPMon$2234
  0C:045A    A$TSIPMon$2238
  0C:045A    C$TSIPMon.c$619$4$7
  0C:045D    A$TSIPMon$2240
  0C:045F    A$TSIPMon$2245
  0C:045F    C$TSIPMon.c$621$3$4
  0C:0462    A$TSIPMon$2250
  0C:0462    C$TSIPMon.c$622$3$4
  0C:0464    A$TSIPMon$2253
  0C:0464    C$TSIPMon.c$623$3$4
  0C:0467    A$TSIPMon$2261
  0C:0467    C$TSIPMon.c$625$3$4
  0C:0467    C$TSIPMon.c$626$3$4
  0C:046A    A$TSIPMon$2263
  0C:046C    A$TSIPMon$2269
  0C:046F    A$TSIPMon$2277
  0C:046F    C$TSIPMon.c$627$4$8
  0C:0472    A$TSIPMon$2281
  0C:0472    C$TSIPMon.c$628$4$8
  0C:0475    A$TSIPMon$2282
  0C:0478    A$TSIPMon$2287
  0C:0478    C$TSIPMon.c$630$4$9
  0C:047B    A$TSIPMon$2291
  0C:047B    C$TSIPMon.c$631$4$9
  0C:047D    A$TSIPMon$2294
  0C:047F    A$TSIPMon$2297
  0C:0480    A$TSIPMon$2298
  0C:0482    A$TSIPMon$2299
  0C:0484    A$TSIPMon$2301
  0C:0485    A$TSIPMon$2302
  0C:0487    A$TSIPMon$2303
  0C:0489    A$TSIPMon$2306
  0C:048A    A$TSIPMon$2307
  0C:048B    A$TSIPMon$2310
  0C:048B    C$TSIPMon.c$633$3$4
  0C:048E    A$TSIPMon$2320
  0C:048E    C$TSIPMon.c$635$3$4
  0C:048E    C$TSIPMon.c$636$3$4
  0C:0491    A$TSIPMon$2326
  0C:0493    A$TSIPMon$2327
  0C:0494    A$TSIPMon$2329
  0C:0496    A$TSIPMon$2330
  0C:0498    A$TSIPMon$2332
  0C:0499    A$TSIPMon$2333
  0C:049B    A$TSIPMon$2334
  0C:049D    A$TSIPMon$2337
  0C:049E    A$TSIPMon$2338
  0C:049F    A$TSIPMon$2343
  0C:04A2    A$TSIPMon$2350
  0C:04A5    A$TSIPMon$2355
  0C:04A5    C$TSIPMon.c$638$4$10
  0C:04A7    A$TSIPMon$2356
  0C:04AA    A$TSIPMon$2364
  0C:04AA    C$TSIPMon.c$639$3$4
  0C:04AD    A$TSIPMon$2370
  0C:04AF    A$TSIPMon$2371
  0C:04B0    A$TSIPMon$2373
  0C:04B2    A$TSIPMon$2374
  0C:04B4    A$TSIPMon$2376
  0C:04B5    A$TSIPMon$2377
  0C:04B7    A$TSIPMon$2378
  0C:04B9    A$TSIPMon$2381
  0C:04BA    A$TSIPMon$2382
  0C:04BB    A$TSIPMon$2387
  0C:04BE    A$TSIPMon$2394
  0C:04C1    A$TSIPMon$2399
  0C:04C1    C$TSIPMon.c$642$4$11
  0C:04C3    A$TSIPMon$2403
  0C:04C3    C$TSIPMon.c$643$4$11
  0C:04C5    A$TSIPMon$2404
  0C:04C7    A$TSIPMon$2405
  0C:04C9    A$TSIPMon$2407
  0C:04CA    A$TSIPMon$2408
  0C:04CC    A$TSIPMon$2409
  0C:04CE    A$TSIPMon$2413
  0C:04CF    A$TSIPMon$2414
  0C:04D0    A$TSIPMon$2418
  0C:04D0    C$TSIPMon.c$644$4$11
  0C:04D3    A$TSIPMon$2419
  0C:04D6    A$TSIPMon$2424
  0C:04D6    C$TSIPMon.c$648$4$12
  0C:04D8    A$TSIPMon$2427
  0C:04DA    A$TSIPMon$2430
  0C:04DB    A$TSIPMon$2431
  0C:04DD    A$TSIPMon$2432
  0C:04DF    A$TSIPMon$2434
  0C:04E0    A$TSIPMon$2435
  0C:04E2    A$TSIPMon$2436
  0C:04E4    A$TSIPMon$2439
  0C:04E5    A$TSIPMon$2440
  0C:04E6    A$TSIPMon$2444
  0C:04E6    C$TSIPMon.c$649$4$12
  0C:04E8    A$TSIPMon$2450
  0C:04E8    C$TSIPMon.c$651$3$4
  0C:04E8    C$TSIPMon.c$653$3$4
  0C:04EA    A$TSIPMon$2455
  0C:04EA    C$TSIPMon.c$654$3$4
  0C:04ED    A$TSIPMon$2459
  0C:04ED    C$TSIPMon.c$656$1$1
  0C:04EF    A$TSIPMon$2470
  0C:04EF    C$TSIPMon.c$660$2$13
  0C:04EF    C$TSIPMon.c$661$3$14
  0C:04F2    A$TSIPMon$2471
  0C:04F4    A$TSIPMon$2478
  0C:04F4    C$TSIPMon.c$663$3$14
  0C:04F7    A$TSIPMon$2483
  0C:04F7    C$TSIPMon.c$664$4$15
  0C:04F9    A$TSIPMon$2487
  0C:04F9    C$TSIPMon.c$665$4$15
  0C:04FB    A$TSIPMon$2491
  0C:04FB    C$TSIPMon.c$666$4$15
  0C:04FD    A$TSIPMon$2496
  0C:04FD    C$TSIPMon.c$667$4$15
  0C:04FF    A$TSIPMon$2502
  0C:04FF    C$TSIPMon.c$669$3$14
  0C:0501    A$TSIPMon$2503
  0C:0504    A$TSIPMon$2505
  0C:0506    A$TSIPMon$2509
  0C:0508    A$TSIPMon$2515
  0C:0508    C$TSIPMon.c$671$4$16
  0C:050B    A$TSIPMon$2516
  0C:050D    A$TSIPMon$2522
  0C:050D    C$TSIPMon.c$672$4$16
  0C:0510    A$TSIPMon$2526
  0C:0510    C$TSIPMon.c$673$4$16
  0C:0513    A$TSIPMon$2531
  0C:0513    C$TSIPMon.c$674$4$16
  0C:0515    A$TSIPMon$2536
  0C:0515    C$TSIPMon.c$675$4$16
  0C:0517    A$TSIPMon$2537
  0C:0519    A$TSIPMon$2538
  0C:051B    A$TSIPMon$2540
  0C:051C    A$TSIPMon$2541
  0C:051E    A$TSIPMon$2542
  0C:0520    A$TSIPMon$2546
  0C:0520    C$TSIPMon.c$676$4$16
  0C:0522    A$TSIPMon$2552
  0C:0522    C$TSIPMon.c$677$4$16
  0C:0522    C$TSIPMon.c$679$4$16
  0C:0524    A$TSIPMon$2557
  0C:0524    C$TSIPMon.c$680$4$16
  0C:0527    A$TSIPMon$2558
  0C:052A    A$TSIPMon$2561
  0C:052B    A$TSIPMon$2562
  0C:052C    A$TSIPMon$2566
  0C:052C    C$TSIPMon.c$681$4$16
  0C:052E    A$TSIPMon$2573
  0C:052E    C$TSIPMon.c$682$4$16
  0C:0531    A$TSIPMon$2580
  0C:0534    A$TSIPMon$2587
  0C:0536    A$TSIPMon$2588
  0C:0538    A$TSIPMon$2589
  0C:053A    A$TSIPMon$2594
  0C:053A    C$TSIPMon.c$684$5$17
  0C:053C    A$TSIPMon$2599
  0C:053C    C$TSIPMon.c$685$5$17
  0C:053E    A$TSIPMon$2605
  0C:053E    C$TSIPMon.c$687$4$16
  0C:0540    A$TSIPMon$2606
  0C:0541    A$TSIPMon$2607
  0C:0544    A$TSIPMon$2608
  0C:0546    A$TSIPMon$2613
  0C:0546    C$TSIPMon.c$688$4$16
  0C:0548    A$TSIPMon$2617
  0C:0548    C$TSIPMon.c$689$4$16
  0C:054A    A$TSIPMon$2620
  0C:054C    A$TSIPMon$2622
  0C:054D    A$TSIPMon$2625
  0C:054F    A$TSIPMon$2630
  0C:054F    C$TSIPMon.c$690$5$18
  0C:0551    A$TSIPMon$2634
  0C:0551    C$TSIPMon.c$691$5$18
  0C:0554    A$TSIPMon$2642
  0C:0554    C$TSIPMon.c$697$1$1
  0C:0554    C$TSIPMon.c$701$1$1
  0C:0556    A$TSIPMon$2643
  0C:0558    A$TSIPMon$2644
  0C:055A    A$TSIPMon$2645
  0C:055C    A$TSIPMon$2648
  0C:055C    C$TSIPMon.c$704$1$1
  0C:055C    XG$SioIntService$0$0
  0C:055D    A$TSIPMon$2677
  0C:055D    C$TSIPMon.c$709$1$1
  0C:055D    C$TSIPMon.c$715$1$1
  0C:055D    G$ProcessRxMsg$0$0
  0C:055D    _ProcessRxMsg
  0C:0560    A$TSIPMon$2678
  0C:0561    A$TSIPMon$2679
  0C:0562    A$TSIPMon$2684
  0C:0562    C$TSIPMon.c$716$1$1
  0C:0565    A$TSIPMon$2685
  0C:0566    A$TSIPMon$2686
  0C:0567    A$TSIPMon$2690
  0C:0569    A$TSIPMon$2694
  0C:056A    A$TSIPMon$2695
  0C:056B    A$TSIPMon$2696
  0C:056D    A$TSIPMon$2699
  0C:056F    A$TSIPMon$2705
  0C:056F    C$TSIPMon.c$718$1$1
  0C:0570    A$TSIPMon$2706
  0C:0572    A$TSIPMon$2708
  0C:0574    A$TSIPMon$2709
  0C:0575    A$TSIPMon$2711
  0C:0576    A$TSIPMon$2712
  0C:0578    A$TSIPMon$2713
  0C:0579    A$TSIPMon$2716
  0C:057A    A$TSIPMon$2717
  0C:057C    A$TSIPMon$2718
  0C:057E    A$TSIPMon$2720
  0C:057F    A$TSIPMon$2721
  0C:0581    A$TSIPMon$2722
  0C:0583    A$TSIPMon$2725
  0C:0584    A$TSIPMon$2728
  0C:0585    A$TSIPMon$2729
  0C:0587    A$TSIPMon$2730
  0C:0589    A$TSIPMon$2732
  0C:058A    A$TSIPMon$2737
  0C:058A    C$TSIPMon.c$717$1$1
  0C:058B    A$TSIPMon$2739
  0C:058D    A$TSIPMon$2744
  0C:058D    C$TSIPMon.c$719$1$1
  0C:058F    A$TSIPMon$2751
  0C:058F    C$TSIPMon.c$721$1$1
  0C:0592    A$TSIPMon$2759
  0C:0592    C$TSIPMon.c$723$2$2
  0C:0595    A$TSIPMon$2761
  0C:0597    A$TSIPMon$2770
  0C:0597    C$TSIPMon.c$724$3$3
  0C:059A    A$TSIPMon$2771
  0C:059C    A$TSIPMon$2778
  0C:059C    C$TSIPMon.c$725$3$3
  0C:059F    A$TSIPMon$2786
  0C:059F    C$TSIPMon.c$726$3$3
  0C:059F    C$TSIPMon.c$728$3$3
  0C:05A2    A$TSIPMon$2792
  0C:05A2    C$TSIPMon.c$729$3$3
  0C:05A5    A$TSIPMon$2798
  0C:05A5    C$TSIPMon.c$737$1$1
  0C:05A5    C$TSIPMon.c$739$1$1
  0C:05A5    XG$ProcessRxMsg$0$0
  0C:05A8    A$TSIPMon$2800
  0C:05A9    A$TSIPMon$2822
  0C:05A9    C$TSIPMon.c$746$1$1
  0C:05A9    G$PrimaryTiming$0$0
  0C:05A9    _PrimaryTiming
  0C:05AB    A$TSIPMon$2823
  0C:05AD    A$TSIPMon$2827
  0C:05AD    C$TSIPMon.c$753$1$1
  0C:05AF    A$TSIPMon$2832
  0C:05AF    C$TSIPMon.c$755$1$1
  0C:05B1    A$TSIPMon$2834
  0C:05B2    A$TSIPMon$2835
  0C:05B4    A$TSIPMon$2837
  0C:05B5    A$TSIPMon$2839
  0C:05B6    A$TSIPMon$2840
  0C:05B8    A$TSIPMon$2843
  0C:05B9    A$TSIPMon$2844
  0C:05BA    A$TSIPMon$2848
  0C:05BC    A$TSIPMon$2853
  0C:05BC    C$TSIPMon.c$756$1$1
  0C:05BE    A$TSIPMon$2855
  0C:05BF    A$TSIPMon$2856
  0C:05C1    A$TSIPMon$2858
  0C:05C2    A$TSIPMon$2860
  0C:05C3    A$TSIPMon$2861
  0C:05C5    A$TSIPMon$2864
  0C:05C6    A$TSIPMon$2865
  0C:05C7    A$TSIPMon$2869
  0C:05C9    A$TSIPMon$2874
  0C:05C9    C$TSIPMon.c$757$1$1
  0C:05CC    A$TSIPMon$2879
  0C:05CC    C$TSIPMon.c$760$1$1
  0C:05CE    A$TSIPMon$2881
  0C:05CF    A$TSIPMon$2882
  0C:05D1    A$TSIPMon$2884
  0C:05D2    A$TSIPMon$2886
  0C:05D3    A$TSIPMon$2887
  0C:05D5    A$TSIPMon$2890
  0C:05D6    A$TSIPMon$2891
  0C:05D8    A$TSIPMon$2896
  0C:05D8    C$TSIPMon.c$762$1$1
  0C:05DA    A$TSIPMon$2898
  0C:05DB    A$TSIPMon$2899
  0C:05DD    A$TSIPMon$2901
  0C:05DE    A$TSIPMon$2903
  0C:05DF    A$TSIPMon$2904
  0C:05E1    A$TSIPMon$2907
  0C:05E2    A$TSIPMon$2908
  0C:05E4    A$TSIPMon$2913
  0C:05E4    C$TSIPMon.c$764$1$1
  0C:05E6    A$TSIPMon$2915
  0C:05E7    A$TSIPMon$2916
  0C:05E9    A$TSIPMon$2918
  0C:05EA    A$TSIPMon$2920
  0C:05EB    A$TSIPMon$2921
  0C:05ED    A$TSIPMon$2924
  0C:05EE    A$TSIPMon$2925
  0C:05EF    A$TSIPMon$2930
  0C:05EF    C$TSIPMon.c$766$1$1
  0C:05F1    A$TSIPMon$2932
  0C:05F2    A$TSIPMon$2933
  0C:05F4    A$TSIPMon$2935
  0C:05F5    A$TSIPMon$2937
  0C:05F6    A$TSIPMon$2938
  0C:05F8    A$TSIPMon$2941
  0C:05F9    A$TSIPMon$2942
  0C:05FB    A$TSIPMon$2947
  0C:05FB    C$TSIPMon.c$768$1$1
  0C:05FD    A$TSIPMon$2949
  0C:05FE    A$TSIPMon$2950
  0C:0600    A$TSIPMon$2952
  0C:0601    A$TSIPMon$2954
  0C:0602    A$TSIPMon$2955
  0C:0604    A$TSIPMon$2958
  0C:0605    A$TSIPMon$2961
  0C:0606    A$TSIPMon$2963
  0C:0607    A$TSIPMon$2966
  0C:060A    A$TSIPMon$2967
  0C:060B    A$TSIPMon$2968
  0C:060C    A$TSIPMon$2973
  0C:060C    C$TSIPMon.c$770$1$1
  0C:060E    A$TSIPMon$2975
  0C:060F    A$TSIPMon$2976
  0C:0611    A$TSIPMon$2978
  0C:0612    A$TSIPMon$2980
  0C:0613    A$TSIPMon$2981
  0C:0615    A$TSIPMon$2984
  0C:0616    A$TSIPMon$2985
  0C:0617    A$TSIPMon$2989
  0C:0619    A$TSIPMon$2994
  0C:0619    C$TSIPMon.c$771$1$1
  0C:061B    A$TSIPMon$2996
  0C:061C    A$TSIPMon$2997
  0C:061E    A$TSIPMon$2999
  0C:061F    A$TSIPMon$3001
  0C:0620    A$TSIPMon$3002
  0C:0622    A$TSIPMon$3005
  0C:0623    A$TSIPMon$3015
  0C:0623    C$TSIPMon.c$773$1$1
  0C:0624    A$TSIPMon$3016
  0C:0626    A$TSIPMon$3018
  0C:0628    A$TSIPMon$3019
  0C:0629    A$TSIPMon$3022
  0C:062C    A$TSIPMon$3023
  0C:062F    A$TSIPMon$3028
  0C:062F    C$TSIPMon.c$778$2$2
  0C:0631    A$TSIPMon$3029
  0C:0632    A$TSIPMon$3030
  0C:0634    A$TSIPMon$3035
  0C:0634    C$TSIPMon.c$779$2$2
  0C:0636    A$TSIPMon$3039
  0C:0639    A$TSIPMon$3045
  0C:0639    C$TSIPMon.c$780$3$3
  0C:063B    A$TSIPMon$3046
  0C:063D    A$TSIPMon$3047
  0C:063F    A$TSIPMon$3052
  0C:063F    C$TSIPMon.c$781$3$3
  0C:0641    A$TSIPMon$3057
  0C:0641    C$TSIPMon.c$782$3$3
  0C:0643    A$TSIPMon$3060
  0C:0646    A$TSIPMon$3066
  0C:0646    C$TSIPMon.c$783$4$4
  0C:0648    A$TSIPMon$3067
  0C:064A    A$TSIPMon$3068
  0C:064C    A$TSIPMon$3073
  0C:064C    C$TSIPMon.c$784$4$4
  0C:064D    A$TSIPMon$3078
  0C:064D    C$TSIPMon.c$785$4$4
  0C:064E    A$TSIPMon$3081
  0C:0651    A$TSIPMon$3087
  0C:0651    C$TSIPMon.c$786$5$5
  0C:0653    A$TSIPMon$3089
  0C:0654    A$TSIPMon$3090
  0C:0655    A$TSIPMon$3095
  0C:0655    C$TSIPMon.c$787$5$5
  0C:0656    A$TSIPMon$3101
  0C:0656    C$TSIPMon.c$793$2$2
  0C:0657    A$TSIPMon$3103
  0C:0659    A$TSIPMon$3104
  0C:065B    A$TSIPMon$3105
  0C:065E    A$TSIPMon$3106
  0C:0660    A$TSIPMon$3109
  0C:0662    A$TSIPMon$3115
  0C:0662    C$TSIPMon.c$794$3$6
  0C:0663    A$TSIPMon$3117
  0C:0664    A$TSIPMon$3118
  0C:0665    A$TSIPMon$3122
  0C:0668    A$TSIPMon$3128
  0C:0668    C$TSIPMon.c$796$3$6
  0C:0669    A$TSIPMon$3134
  0C:0669    C$TSIPMon.c$797$3$6
  0C:066A    A$TSIPMon$3136
  0C:066C    A$TSIPMon$3137
  0C:066E    A$TSIPMon$3138
  0C:0671    A$TSIPMon$3139
  0C:0673    A$TSIPMon$3142
  0C:0675    A$TSIPMon$3147
  0C:0675    C$TSIPMon.c$798$4$7
  0C:0676    A$TSIPMon$3148
  0C:0678    A$TSIPMon$3149
  0C:0679    A$TSIPMon$3154
  0C:0679    C$TSIPMon.c$799$4$7
  0C:067B    A$TSIPMon$3158
  0C:067B    C$TSIPMon.c$800$4$7
  0C:067D    A$TSIPMon$3161
  0C:067E    A$TSIPMon$3166
  0C:0681    A$TSIPMon$3167
  0C:0682    A$TSIPMon$3170
  0C:0683    A$TSIPMon$3171
  0C:0684    A$TSIPMon$3173
  0C:0685    A$TSIPMon$3176
  0C:0687    A$TSIPMon$3181
  0C:0687    C$TSIPMon.c$802$5$8
  0C:068A    A$TSIPMon$3186
  0C:068A    C$TSIPMon.c$803$5$8
  0C:068B    A$TSIPMon$3191
  0C:068B    C$TSIPMon.c$804$5$8
  0C:068C    A$TSIPMon$3193
  0C:068E    A$TSIPMon$3194
  0C:0690    A$TSIPMon$3195
  0C:0693    A$TSIPMon$3196
  0C:0695    A$TSIPMon$3199
  0C:0697    A$TSIPMon$3204
  0C:0697    C$TSIPMon.c$805$6$9
  0C:0699    A$TSIPMon$3209
  0C:0699    C$TSIPMon.c$806$6$9
  0C:069A    A$TSIPMon$3215
  0C:069A    C$TSIPMon.c$811$2$2
  0C:069B    A$TSIPMon$3218
  0C:069E    A$TSIPMon$3224
  0C:069E    C$TSIPMon.c$812$3$10
  0C:069F    A$TSIPMon$3226
  0C:06A0    A$TSIPMon$3227
  0C:06A1    A$TSIPMon$3231
  0C:06A4    A$TSIPMon$3237
  0C:06A4    C$TSIPMon.c$814$3$10
  0C:06A5    A$TSIPMon$3243
  0C:06A5    C$TSIPMon.c$815$3$10
  0C:06A6    A$TSIPMon$3246
  0C:06A9    A$TSIPMon$3252
  0C:06A9    C$TSIPMon.c$816$4$11
  0C:06AB    A$TSIPMon$3254
  0C:06AC    A$TSIPMon$3255
  0C:06AD    A$TSIPMon$3260
  0C:06AD    C$TSIPMon.c$817$4$11
  0C:06AF    A$TSIPMon$3265
  0C:06AF    C$TSIPMon.c$818$4$11
  0C:06B1    A$TSIPMon$3268
  0C:06B4    A$TSIPMon$3274
  0C:06B4    C$TSIPMon.c$819$5$12
  0C:06B5    A$TSIPMon$3279
  0C:06B5    C$TSIPMon.c$820$5$12
  0C:06B6    A$TSIPMon$3282
  0C:06B9    A$TSIPMon$3287
  0C:06B9    C$TSIPMon.c$821$6$13
  0C:06BB    A$TSIPMon$3292
  0C:06BB    C$TSIPMon.c$822$6$13
  0C:06BC    A$TSIPMon$3298
  0C:06BC    C$TSIPMon.c$824$5$12
  0C:06BD    A$TSIPMon$3303
  0C:06C0    A$TSIPMon$3304
  0C:06C1    A$TSIPMon$3305
  0C:06C3    A$TSIPMon$3311
  0C:06C3    C$TSIPMon.c$832$1$1
  0C:06C5    A$TSIPMon$3312
  0C:06C6    A$TSIPMon$3313
  0C:06C7    A$TSIPMon$3314
  0C:06C9    A$TSIPMon$3315
  0C:06CA    A$TSIPMon$3318
  0C:06CC    A$TSIPMon$3319
  0C:06CE    A$TSIPMon$3320
  0C:06D0    A$TSIPMon$3322
  0C:06D1    A$TSIPMon$3323
  0C:06D3    A$TSIPMon$3324
  0C:06D5    A$TSIPMon$3326
  0C:06D8    A$TSIPMon$3328
  0C:06DA    A$TSIPMon$3329
  0C:06DC    A$TSIPMon$3330
  0C:06DE    A$TSIPMon$3331
  0C:06E0    A$TSIPMon$3332
  0C:06E2    A$TSIPMon$3333
  0C:06E5    A$TSIPMon$3334
  0C:06E7    A$TSIPMon$3335
  0C:06E9    A$TSIPMon$3336
  0C:06EB    A$TSIPMon$3341
  0C:06EB    C$TSIPMon.c$833$1$1
  0C:06EE    A$TSIPMon$3342
  0C:06EF    A$TSIPMon$3343
  0C:06F0    A$TSIPMon$3348
  0C:06F3    A$TSIPMon$3354
  0C:06F6    A$TSIPMon$3355
  0C:06F8    A$TSIPMon$3356
  0C:06F9    A$TSIPMon$3362
  0C:06F9    C$TSIPMon.c$834$1$1
  0C:06FC    A$TSIPMon$3363
  0C:06FE    A$TSIPMon$3364
  0C:06FF    A$TSIPMon$3369
  0C:06FF    C$TSIPMon.c$836$1$1
  0C:0701    A$TSIPMon$3370
  0C:0702    A$TSIPMon$3371
  0C:0703    A$TSIPMon$3372
  0C:0705    A$TSIPMon$3373
  0C:0706    A$TSIPMon$3376
  0C:0708    A$TSIPMon$3377
  0C:070A    A$TSIPMon$3378
  0C:070C    A$TSIPMon$3380
  0C:070D    A$TSIPMon$3381
  0C:070F    A$TSIPMon$3382
  0C:0711    A$TSIPMon$3384
  0C:0714    A$TSIPMon$3386
  0C:0716    A$TSIPMon$3387
  0C:0718    A$TSIPMon$3388
  0C:071A    A$TSIPMon$3389
  0C:071C    A$TSIPMon$3390
  0C:071E    A$TSIPMon$3391
  0C:0721    A$TSIPMon$3392
  0C:0723    A$TSIPMon$3393
  0C:0725    A$TSIPMon$3394
  0C:0727    A$TSIPMon$3399
  0C:0727    C$TSIPMon.c$837$1$1
  0C:072A    A$TSIPMon$3400
  0C:072B    A$TSIPMon$3401
  0C:072C    A$TSIPMon$3406
  0C:072F    A$TSIPMon$3412
  0C:0732    A$TSIPMon$3413
  0C:0734    A$TSIPMon$3414
  0C:0735    A$TSIPMon$3420
  0C:0735    C$TSIPMon.c$838$1$1
  0C:0738    A$TSIPMon$3421
  0C:073A    A$TSIPMon$3422
  0C:073B    A$TSIPMon$3426
  0C:073B    C$TSIPMon.c$840$1$1
  0C:073C    A$TSIPMon$3427
  0C:073D    A$TSIPMon$3428
  0C:073F    A$TSIPMon$3429
  0C:0740    A$TSIPMon$3431
  0C:0743    A$TSIPMon$3432
  0C:0746    A$TSIPMon$3434
  0C:0749    A$TSIPMon$3436
  0C:074B    A$TSIPMon$3437
  0C:074D    A$TSIPMon$3438
  0C:074F    A$TSIPMon$3439
  0C:0751    A$TSIPMon$3440
  0C:0754    A$TSIPMon$3441
  0C:0756    A$TSIPMon$3442
  0C:0758    A$TSIPMon$3447
  0C:0758    C$TSIPMon.c$841$1$1
  0C:075B    A$TSIPMon$3448
  0C:075C    A$TSIPMon$3449
  0C:075D    A$TSIPMon$3454
  0C:0760    A$TSIPMon$3460
  0C:0763    A$TSIPMon$3461
  0C:0765    A$TSIPMon$3462
  0C:0766    A$TSIPMon$3468
  0C:0766    C$TSIPMon.c$842$1$1
  0C:0769    A$TSIPMon$3469
  0C:076B    A$TSIPMon$3470
  0C:076C    A$TSIPMon$3475
  0C:076C    C$TSIPMon.c$845$1$1
  0C:076E    A$TSIPMon$3476
  0C:076F    A$TSIPMon$3477
  0C:0770    A$TSIPMon$3478
  0C:0772    A$TSIPMon$3479
  0C:0773    A$TSIPMon$3482
  0C:0775    A$TSIPMon$3483
  0C:0777    A$TSIPMon$3484
  0C:0779    A$TSIPMon$3486
  0C:077A    A$TSIPMon$3487
  0C:077C    A$TSIPMon$3488
  0C:077E    A$TSIPMon$3490
  0C:0781    A$TSIPMon$3492
  0C:0783    A$TSIPMon$3493
  0C:0785    A$TSIPMon$3494
  0C:0787    A$TSIPMon$3495
  0C:0789    A$TSIPMon$3496
  0C:078C    A$TSIPMon$3497
  0C:078E    A$TSIPMon$3498
  0C:0790    A$TSIPMon$3503
  0C:0790    C$TSIPMon.c$847$1$1
  0C:0793    A$TSIPMon$3504
  0C:0794    A$TSIPMon$3505
  0C:0795    A$TSIPMon$3510
  0C:0798    A$TSIPMon$3516
  0C:079B    A$TSIPMon$3517
  0C:079D    A$TSIPMon$3518
  0C:079E    A$TSIPMon$3524
  0C:079E    C$TSIPMon.c$850$1$1
  0C:079F    A$TSIPMon$3529
  0C:07A2    A$TSIPMon$3530
  0C:07A3    A$TSIPMon$3533
  0C:07A4    A$TSIPMon$3534
  0C:07A7    A$TSIPMon$3536
  0C:07A8    A$TSIPMon$3541
  0C:07A8    C$TSIPMon.c$851$1$1
  0C:07AA    A$TSIPMon$3543
  0C:07AB    A$TSIPMon$3549
  0C:07AE    A$TSIPMon$3550
  0C:07AF    A$TSIPMon$3553
  0C:07B0    A$TSIPMon$3554
  0C:07B3    A$TSIPMon$3556
  0C:07B4    A$TSIPMon$3561
  0C:07B4    C$TSIPMon.c$852$1$1
  0C:07B6    A$TSIPMon$3563
  0C:07B7    A$TSIPMon$3569
  0C:07BA    A$TSIPMon$3570
  0C:07BB    A$TSIPMon$3573
  0C:07BC    A$TSIPMon$3574
  0C:07BF    A$TSIPMon$3576
  0C:07C0    A$TSIPMon$3580
  0C:07C0    C$TSIPMon.c$855$1$1
  0C:07C1    A$TSIPMon$3581
  0C:07C2    A$TSIPMon$3582
  0C:07C4    A$TSIPMon$3583
  0C:07C5    A$TSIPMon$3586
  0C:07C7    A$TSIPMon$3587
  0C:07C9    A$TSIPMon$3588
  0C:07CB    A$TSIPMon$3590
  0C:07CC    A$TSIPMon$3591
  0C:07CE    A$TSIPMon$3592
  0C:07D0    A$TSIPMon$3594
  0C:07D3    A$TSIPMon$3596
  0C:07D5    A$TSIPMon$3597
  0C:07D7    A$TSIPMon$3598
  0C:07DA    A$TSIPMon$3603
  0C:07DA    C$TSIPMon.c$856$1$1
  0C:07DD    A$TSIPMon$3604
  0C:07DE    A$TSIPMon$3605
  0C:07DF    A$TSIPMon$3610
  0C:07E2    A$TSIPMon$3616
  0C:07E5    A$TSIPMon$3617
  0C:07E7    A$TSIPMon$3618
  0C:07E8    A$TSIPMon$3624
  0C:07E8    C$TSIPMon.c$857$1$1
  0C:07EB    A$TSIPMon$3626
  0C:07EC    A$TSIPMon$3627
  0C:07ED    A$TSIPMon$3631
  0C:07F0    A$TSIPMon$3637
  0C:07F0    C$TSIPMon.c$860$2$14
  0C:07F3    A$TSIPMon$3638
  0C:07F5    A$TSIPMon$3639
  0C:07F6    A$TSIPMon$3644
  0C:07F6    C$TSIPMon.c$861$2$14
  0C:07F9    A$TSIPMon$3645
  0C:07FB    A$TSIPMon$3646
  0C:07FC    A$TSIPMon$3651
  0C:07FC    C$TSIPMon.c$862$2$14
  0C:07FF    A$TSIPMon$3652
  0C:0801    A$TSIPMon$3653
  0C:0802    A$TSIPMon$3658
  0C:0802    C$TSIPMon.c$863$2$14
  0C:0805    A$TSIPMon$3659
  0C:0807    A$TSIPMon$3660
  0C:0808    A$TSIPMon$3665
  0C:0808    C$TSIPMon.c$864$2$14
  0C:080B    A$TSIPMon$3667
  0C:080C    A$TSIPMon$3668
  0C:080D    A$TSIPMon$3671
  0C:080E    A$TSIPMon$3677
  0C:080E    C$TSIPMon.c$866$2$15
  0C:0811    A$TSIPMon$3678
  0C:0813    A$TSIPMon$3679
  0C:0814    A$TSIPMon$3684
  0C:0814    C$TSIPMon.c$867$2$15
  0C:0817    A$TSIPMon$3685
  0C:0819    A$TSIPMon$3686
  0C:081A    A$TSIPMon$3690
  0C:081D    A$TSIPMon$3696
  0C:081D    C$TSIPMon.c$869$2$15
  0C:0820    A$TSIPMon$3697
  0C:0822    A$TSIPMon$3698
  0C:0823    A$TSIPMon$3700
  0C:0825    A$TSIPMon$3706
  0C:0825    C$TSIPMon.c$871$2$15
  0C:0828    A$TSIPMon$3707
  0C:082A    A$TSIPMon$3708
  0C:082B    A$TSIPMon$3714
  0C:082B    C$TSIPMon.c$872$2$15
  0C:082E    A$TSIPMon$3715
  0C:0830    A$TSIPMon$3716
  0C:0831    A$TSIPMon$3721
  0C:0831    C$TSIPMon.c$873$2$15
  0C:0834    A$TSIPMon$3723
  0C:0835    A$TSIPMon$3724
  0C:0836    A$TSIPMon$3728
  0C:0836    C$TSIPMon.c$884$1$1
  0C:0836    XG$PrimaryTiming$0$0
  0C:0837    A$TSIPMon$3748
  0C:0837    C$TSIPMon.c$891$1$1
  0C:0837    G$SupplementalTiming$0$0
  0C:0837    _SupplementalTiming
  0C:083A    A$TSIPMon$3749
  0C:083D    A$TSIPMon$3753
  0C:083D    C$TSIPMon.c$913$1$1
  0C:0840    A$TSIPMon$3754
  0C:0843    A$TSIPMon$3756
  0C:0846    A$TSIPMon$3758
  0C:0849    A$TSIPMon$3759
  0C:084C    A$TSIPMon$3764
  0C:084C    C$TSIPMon.c$918$1$1
  0C:084E    A$TSIPMon$3765
  0C:0850    A$TSIPMon$3766
  0C:0852    A$TSIPMon$3768
  0C:0853    A$TSIPMon$3769
  0C:0855    A$TSIPMon$3770
  0C:0857    A$TSIPMon$3773
  0C:0858    A$TSIPMon$3776
  0C:0859    A$TSIPMon$3777
  0C:085C    A$TSIPMon$3779
  0C:085D    A$TSIPMon$3784
  0C:085D    C$TSIPMon.c$919$1$1
  0C:085F    A$TSIPMon$3785
  0C:0861    A$TSIPMon$3786
  0C:0863    A$TSIPMon$3788
  0C:0864    A$TSIPMon$3789
  0C:0866    A$TSIPMon$3790
  0C:0868    A$TSIPMon$3793
  0C:0869    A$TSIPMon$3796
  0C:086A    A$TSIPMon$3797
  0C:086D    A$TSIPMon$3799
  0C:086E    A$TSIPMon$3804
  0C:086E    C$TSIPMon.c$921$1$1
  0C:0871    A$TSIPMon$3805
  0C:0872    A$TSIPMon$3806
  0C:0873    A$TSIPMon$3807
  0C:0874    A$TSIPMon$3808
  0C:0875    A$TSIPMon$3812
  0C:0876    A$TSIPMon$3814
  0C:0877    A$TSIPMon$3815
  0C:0878    A$TSIPMon$3816
  0C:087A    A$TSIPMon$3817
  0C:087B    A$TSIPMon$3818
  0C:087C    A$TSIPMon$3819
  0C:087D    A$TSIPMon$3820
  0C:087E    A$TSIPMon$3821
  0C:087F    A$TSIPMon$3822
  0C:0880    A$TSIPMon$3823
  0C:0882    A$TSIPMon$3824
  0C:0883    A$TSIPMon$3825
  0C:0884    A$TSIPMon$3826
  0C:0885    A$TSIPMon$3829
  0C:0888    A$TSIPMon$3830
  0C:0889    A$TSIPMon$3831
  0C:088A    A$TSIPMon$3832
  0C:088B    A$TSIPMon$3833
  0C:088C    A$TSIPMon$3834
  0C:088D    A$TSIPMon$3839
  0C:088D    C$TSIPMon.c$923$1$1
  0C:0890    A$TSIPMon$3840
  0C:0891    A$TSIPMon$3841
  0C:0892    A$TSIPMon$3844
  0C:0894    A$TSIPMon$3845
  0C:0896    A$TSIPMon$3846
  0C:0897    A$TSIPMon$3848
  0C:0898    A$TSIPMon$3849
  0C:089A    A$TSIPMon$3850
  0C:089B    A$TSIPMon$3853
  0C:089D    A$TSIPMon$3854
  0C:089F    A$TSIPMon$3855
  0C:08A0    A$TSIPMon$3857
  0C:08A1    A$TSIPMon$3859
  0C:08A3    A$TSIPMon$3862
  0C:08A6    A$TSIPMon$3863
  0C:08A7    A$TSIPMon$3864
  0C:08A8    A$TSIPMon$3868
  0C:08A8    C$TSIPMon.c$926$1$1
  0C:08AA    A$TSIPMon$3874
  0C:08AA    C$TSIPMon.c$927$1$1
  0C:08AD    A$TSIPMon$3880
  0C:08AD    C$TSIPMon.c$928$1$1
  0C:08AE    A$TSIPMon$3885
  0C:08AE    C$TSIPMon.c$930$1$1
  0C:08B1    A$TSIPMon$3886
  0C:08B3    A$TSIPMon$3887
  0C:08B5    A$TSIPMon$3888
  0C:08B8    A$TSIPMon$3889
  0C:08BA    A$TSIPMon$3890
  0C:08BC    A$TSIPMon$3895
  0C:08BC    C$TSIPMon.c$931$1$1
  0C:08BF    A$TSIPMon$3896
  0C:08C0    A$TSIPMon$3897
  0C:08C1    A$TSIPMon$3898
  0C:08C2    A$TSIPMon$3899
  0C:08C3    A$TSIPMon$3900
  0C:08C4    A$TSIPMon$3903
  0C:08C7    A$TSIPMon$3904
  0C:08CA    A$TSIPMon$3906
  0C:08CC    A$TSIPMon$3910
  0C:08CE    A$TSIPMon$3913
  0C:08D1    A$TSIPMon$3921
  0C:08D1    C$TSIPMon.c$932$2$2
  0C:08D4    A$TSIPMon$3922
  0C:08D5    A$TSIPMon$3923
  0C:08D6    A$TSIPMon$3924
  0C:08D7    A$TSIPMon$3925
  0C:08D8    A$TSIPMon$3926
  0C:08D9    A$TSIPMon$3928
  0C:08DC    A$TSIPMon$3929
  0C:08DF    A$TSIPMon$3931
  0C:08E2    A$TSIPMon$3932
  0C:08E5    A$TSIPMon$3934
  0C:08E7    A$TSIPMon$3935
  0C:08E9    A$TSIPMon$3936
  0C:08EB    A$TSIPMon$3937
  0C:08ED    A$TSIPMon$3938
  0C:08F0    A$TSIPMon$3939
  0C:08F2    A$TSIPMon$3940
  0C:08F4    A$TSIPMon$3941
  0C:08F6    A$TSIPMon$3947
  0C:08F6    C$TSIPMon.c$933$2$2
  0C:08F9    A$TSIPMon$3952
  0C:08F9    C$TSIPMon.c$934$2$2
  0C:08FC    A$TSIPMon$3953
  0C:08FF    A$TSIPMon$3955
  0C:0902    A$TSIPMon$3957
  0C:0905    A$TSIPMon$3958
  0C:0907    A$TSIPMon$3959
  0C:0909    A$TSIPMon$3960
  0C:090C    A$TSIPMon$3961
  0C:090E    A$TSIPMon$3962
  0C:0910    A$TSIPMon$3968
  0C:0910    C$TSIPMon.c$935$2$2
  0C:0912    A$TSIPMon$3969
  0C:0914    A$TSIPMon$3970
  0C:0915    A$TSIPMon$3974
  0C:0916    A$TSIPMon$3976
  0C:0918    A$TSIPMon$3982
  0C:0918    C$TSIPMon.c$936$2$2
  0C:0919    A$TSIPMon$3988
  0C:0919    C$TSIPMon.c$939$1$1
  0C:091C    A$TSIPMon$3990
  0C:091D    A$TSIPMon$3996
  0C:091D    C$TSIPMon.c$940$2$3
  0C:091F    A$TSIPMon$3999
  0C:0920    A$TSIPMon$4000
  0C:0922    A$TSIPMon$4001
  0C:0924    A$TSIPMon$4002
  0C:0926    A$TSIPMon$4006
  0C:0928    A$TSIPMon$4011
  0C:0928    C$TSIPMon.c$941$2$3
  0C:092B    A$TSIPMon$4016
  0C:092B    C$TSIPMon.c$943$2$3
  0C:092E    A$TSIPMon$4020
  0C:092E    C$TSIPMon.c$944$2$3
  0C:0931    A$TSIPMon$4021
  0C:0934    A$TSIPMon$4026
  0C:0934    C$TSIPMon.c$945$2$3
  0C:0936    A$TSIPMon$4028
  0C:0939    A$TSIPMon$4029
  0C:093C    A$TSIPMon$4033
  0C:093D    A$TSIPMon$4035
  0C:093F    A$TSIPMon$4036
  0C:0942    A$TSIPMon$4037
  0C:0945    A$TSIPMon$4038
  0C:0947    A$TSIPMon$4040
  0C:0949    A$TSIPMon$4041
  0C:094C    A$TSIPMon$4044
  0C:094E    A$TSIPMon$4046
  0C:0950    A$TSIPMon$4047
  0C:0952    A$TSIPMon$4048
  0C:0955    A$TSIPMon$4049
  0C:0956    A$TSIPMon$4051
  0C:0959    A$TSIPMon$4052
  0C:095C    A$TSIPMon$4053
  0C:095F    A$TSIPMon$4054
  0C:0962    A$TSIPMon$4055
  0C:0965    A$TSIPMon$4056
  0C:0968    A$TSIPMon$4064
  0C:0968    C$TSIPMon.c$946$3$4
  0C:0968    C$TSIPMon.c$947$3$4
  0C:096B    A$TSIPMon$4065
  0C:096E    A$TSIPMon$4066
  0C:096F    A$TSIPMon$4067
  0C:0970    A$TSIPMon$4070
  0C:0971    A$TSIPMon$4073
  0C:0972    A$TSIPMon$4075
  0C:0975    A$TSIPMon$4076
  0C:0976    A$TSIPMon$4078
  0C:0978    A$TSIPMon$4079
  0C:0979    A$TSIPMon$4081
  0C:097A    A$TSIPMon$4082
  0C:097C    A$TSIPMon$4083
  0C:097D    A$TSIPMon$4085
  0C:097F    A$TSIPMon$4086
  0C:0981    A$TSIPMon$4087
  0C:0984    A$TSIPMon$4090
  0C:0987    A$TSIPMon$4091
  0C:098A    A$TSIPMon$4092
  0C:098D    A$TSIPMon$4095
  0C:098D    C$TSIPMon.c$948$3$4
  0C:0990    A$TSIPMon$4103
  0C:0990    C$TSIPMon.c$950$3$4
  0C:0990    C$TSIPMon.c$951$3$4
  0C:0992    A$TSIPMon$4104
  0C:0994    A$TSIPMon$4105
  0C:0996    A$TSIPMon$4107
  0C:0997    A$TSIPMon$4108
  0C:0999    A$TSIPMon$4109
  0C:099B    A$TSIPMon$4112
  0C:099C    A$TSIPMon$4115
  0C:099D    A$TSIPMon$4117
  0C:09A0    A$TSIPMon$4118
  0C:09A1    A$TSIPMon$4120
  0C:09A3    A$TSIPMon$4121
  0C:09A4    A$TSIPMon$4123
  0C:09A5    A$TSIPMon$4124
  0C:09A7    A$TSIPMon$4125
  0C:09A8    A$TSIPMon$4127
  0C:09AA    A$TSIPMon$4128
  0C:09AC    A$TSIPMon$4129
  0C:09AF    A$TSIPMon$4132
  0C:09B2    A$TSIPMon$4133
  0C:09B5    A$TSIPMon$4134
  0C:09B8    A$TSIPMon$4137
  0C:09B8    C$TSIPMon.c$952$3$4
  0C:09BB    A$TSIPMon$4145
  0C:09BB    C$TSIPMon.c$954$3$4
  0C:09BB    C$TSIPMon.c$955$3$4
  0C:09BE    A$TSIPMon$4146
  0C:09C1    A$TSIPMon$4147
  0C:09C2    A$TSIPMon$4150
  0C:09C3    A$TSIPMon$4153
  0C:09C4    A$TSIPMon$4155
  0C:09C7    A$TSIPMon$4156
  0C:09C8    A$TSIPMon$4158
  0C:09CA    A$TSIPMon$4159
  0C:09CB    A$TSIPMon$4161
  0C:09CC    A$TSIPMon$4162
  0C:09CE    A$TSIPMon$4163
  0C:09CF    A$TSIPMon$4165
  0C:09D1    A$TSIPMon$4166
  0C:09D3    A$TSIPMon$4167
  0C:09D6    A$TSIPMon$4170
  0C:09D9    A$TSIPMon$4171
  0C:09DC    A$TSIPMon$4172
  0C:09DF    A$TSIPMon$4175
  0C:09DF    C$TSIPMon.c$956$3$4
  0C:09E2    A$TSIPMon$4183
  0C:09E2    C$TSIPMon.c$958$3$4
  0C:09E2    C$TSIPMon.c$959$3$4
  0C:09E4    A$TSIPMon$4184
  0C:09E6    A$TSIPMon$4185
  0C:09E8    A$TSIPMon$4187
  0C:09E9    A$TSIPMon$4188
  0C:09EB    A$TSIPMon$4189
  0C:09ED    A$TSIPMon$4192
  0C:09EE    A$TSIPMon$4195
  0C:09EF    A$TSIPMon$4197
  0C:09F2    A$TSIPMon$4198
  0C:09F3    A$TSIPMon$4200
  0C:09F5    A$TSIPMon$4201
  0C:09F6    A$TSIPMon$4202
  0C:09F8    A$TSIPMon$4203
  0C:09FA    A$TSIPMon$4204
  0C:09FB    A$TSIPMon$4206
  0C:09FD    A$TSIPMon$4207
  0C:09FF    A$TSIPMon$4208
  0C:0A02    A$TSIPMon$4211
  0C:0A05    A$TSIPMon$4212
  0C:0A08    A$TSIPMon$4213
  0C:0A0B    A$TSIPMon$4216
  0C:0A0B    C$TSIPMon.c$960$3$4
  0C:0A0E    A$TSIPMon$4223
  0C:0A0E    C$TSIPMon.c$962$3$4
  0C:0A0E    C$TSIPMon.c$963$3$4
  0C:0A11    A$TSIPMon$4227
  0C:0A11    C$TSIPMon.c$964$3$4
  0C:0A14    A$TSIPMon$4228
  0C:0A15    A$TSIPMon$4229
  0C:0A17    A$TSIPMon$4236
  0C:0A17    C$TSIPMon.c$967$3$4
  0C:0A17    C$TSIPMon.c$968$3$4
  0C:0A19    A$TSIPMon$4237
  0C:0A1B    A$TSIPMon$4238
  0C:0A1D    A$TSIPMon$4240
  0C:0A1E    A$TSIPMon$4241
  0C:0A20    A$TSIPMon$4242
  0C:0A22    A$TSIPMon$4245
  0C:0A23    A$TSIPMon$4246
  0C:0A24    A$TSIPMon$4250
  0C:0A26    A$TSIPMon$4254
  0C:0A26    C$TSIPMon.c$969$3$4
  0C:0A28    A$TSIPMon$4255
  0C:0A2A    A$TSIPMon$4258
  0C:0A2C    A$TSIPMon$4260
  0C:0A2D    A$TSIPMon$4261
  0C:0A2E    A$TSIPMon$4263
  0C:0A2F    A$TSIPMon$4265
  0C:0A30    A$TSIPMon$4266
  0C:0A31    A$TSIPMon$4269
  0C:0A32    A$TSIPMon$4270
  0C:0A34    A$TSIPMon$4271
  0C:0A36    A$TSIPMon$4273
  0C:0A37    A$TSIPMon$4274
  0C:0A39    A$TSIPMon$4275
  0C:0A3B    A$TSIPMon$4278
  0C:0A3C    A$TSIPMon$4279
  0C:0A3D    A$TSIPMon$4283
  0C:0A3F    A$TSIPMon$4288
  0C:0A3F    C$TSIPMon.c$970$3$4
  0C:0A41    A$TSIPMon$4290
  0C:0A42    A$TSIPMon$4291
  0C:0A43    A$TSIPMon$4293
  0C:0A44    A$TSIPMon$4295
  0C:0A45    A$TSIPMon$4296
  0C:0A46    A$TSIPMon$4299
  0C:0A47    A$TSIPMon$4300
  0C:0A49    A$TSIPMon$4301
  0C:0A4B    A$TSIPMon$4303
  0C:0A4C    A$TSIPMon$4304
  0C:0A4E    A$TSIPMon$4305
  0C:0A50    A$TSIPMon$4308
  0C:0A51    A$TSIPMon$4309
  0C:0A52    A$TSIPMon$4313
  0C:0A54    A$TSIPMon$4318
  0C:0A54    C$TSIPMon.c$971$3$4
  0C:0A56    A$TSIPMon$4320
  0C:0A57    A$TSIPMon$4321
  0C:0A58    A$TSIPMon$4323
  0C:0A59    A$TSIPMon$4325
  0C:0A5A    A$TSIPMon$4326
  0C:0A5B    A$TSIPMon$4329
  0C:0A5C    A$TSIPMon$4330
  0C:0A5E    A$TSIPMon$4331
  0C:0A60    A$TSIPMon$4333
  0C:0A61    A$TSIPMon$4334
  0C:0A63    A$TSIPMon$4335
  0C:0A65    A$TSIPMon$4338
  0C:0A66    A$TSIPMon$4339
  0C:0A67    A$TSIPMon$4343
  0C:0A69    A$TSIPMon$4348
  0C:0A69    C$TSIPMon.c$973$3$4
  0C:0A6C    A$TSIPMon$4349
  0C:0A6F    A$TSIPMon$4350
  0C:0A72    A$TSIPMon$4351
  0C:0A74    A$TSIPMon$4352
  0C:0A77    A$TSIPMon$4353
  0C:0A7A    A$TSIPMon$4359
  0C:0A7A    C$TSIPMon.c$974$3$4
  0C:0A7D    A$TSIPMon$4360
  0C:0A80    A$TSIPMon$4361
  0C:0A83    A$TSIPMon$4362
  0C:0A86    A$TSIPMon$4364
  0C:0A88    A$TSIPMon$4365
  0C:0A8A    A$TSIPMon$4367
  0C:0A8C    A$TSIPMon$4368
  0C:0A8E    A$TSIPMon$4369
  0C:0A91    A$TSIPMon$4370
  0C:0A93    A$TSIPMon$4371
  0C:0A95    A$TSIPMon$4372
  0C:0A97    A$TSIPMon$4373
  0C:0A98    A$TSIPMon$4375
  0C:0A9A    A$TSIPMon$4376
  0C:0A9C    A$TSIPMon$4377
  0C:0A9E    A$TSIPMon$4378
  0C:0AA0    A$TSIPMon$4380
  0C:0AA3    A$TSIPMon$4381
  0C:0AA6    A$TSIPMon$4382
  0C:0AA9    A$TSIPMon$4383
  0C:0AAB    A$TSIPMon$4384
  0C:0AAE    A$TSIPMon$4385
  0C:0AB1    A$TSIPMon$4386
  0C:0AB4    A$TSIPMon$4387
  0C:0AB7    A$TSIPMon$4388
  0C:0AB9    A$TSIPMon$4389
  0C:0ABB    A$TSIPMon$4390
  0C:0ABD    A$TSIPMon$4391
  0C:0ABF    A$TSIPMon$4393
  0C:0AC2    A$TSIPMon$4394
  0C:0AC5    A$TSIPMon$4395
  0C:0AC8    A$TSIPMon$4396
  0C:0ACA    A$TSIPMon$4397
  0C:0ACC    A$TSIPMon$4398
  0C:0ACE    A$TSIPMon$4399
  0C:0ACF    A$TSIPMon$4401
  0C:0AD1    A$TSIPMon$4402
  0C:0AD3    A$TSIPMon$4403
  0C:0AD5    A$TSIPMon$4404
  0C:0AD7    A$TSIPMon$4406
  0C:0ADA    A$TSIPMon$4407
  0C:0ADD    A$TSIPMon$4408
  0C:0AE0    A$TSIPMon$4409
  0C:0AE2    A$TSIPMon$4410
  0C:0AE5    A$TSIPMon$4411
  0C:0AE7    A$TSIPMon$4412
  0C:0AE9    A$TSIPMon$4413
  0C:0AEB    A$TSIPMon$4414
  0C:0AEC    A$TSIPMon$4415
  0C:0AEE    A$TSIPMon$4416
  0C:0AF0    A$TSIPMon$4417
  0C:0AF2    A$TSIPMon$4419
  0C:0AF4    A$TSIPMon$4420
  0C:0AF6    A$TSIPMon$4421
  0C:0AF8    A$TSIPMon$4422
  0C:0AF9    A$TSIPMon$4423
  0C:0AFC    A$TSIPMon$4424
  0C:0AFF    A$TSIPMon$4425
  0C:0B02    A$TSIPMon$4430
  0C:0B02    C$TSIPMon.c$980$3$4
  0C:0B04    A$TSIPMon$4431
  0C:0B06    A$TSIPMon$4434
  0C:0B09    A$TSIPMon$4435
  0C:0B0A    A$TSIPMon$4437
  0C:0B0C    A$TSIPMon$4438
  0C:0B0D    A$TSIPMon$4440
  0C:0B0E    A$TSIPMon$4441
  0C:0B10    A$TSIPMon$4442
  0C:0B11    A$TSIPMon$4444
  0C:0B13    A$TSIPMon$4445
  0C:0B15    A$TSIPMon$4446
  0C:0B18    A$TSIPMon$4449
  0C:0B1B    A$TSIPMon$4450
  0C:0B1E    A$TSIPMon$4451
  0C:0B21    A$TSIPMon$4455
  0C:0B21    C$TSIPMon.c$981$3$4
  0C:0B23    A$TSIPMon$4456
  0C:0B25    A$TSIPMon$4459
  0C:0B27    A$TSIPMon$4460
  0C:0B29    A$TSIPMon$4461
  0C:0B2B    A$TSIPMon$4463
  0C:0B2C    A$TSIPMon$4464
  0C:0B2E    A$TSIPMon$4465
  0C:0B30    A$TSIPMon$4467
  0C:0B33    A$TSIPMon$4469
  0C:0B35    A$TSIPMon$4470
  0C:0B37    A$TSIPMon$4471
  0C:0B3A    A$TSIPMon$4476
  0C:0B3A    C$TSIPMon.c$982$3$4
  0C:0B3D    A$TSIPMon$4477
  0C:0B3F    A$TSIPMon$4478
  0C:0B40    A$TSIPMon$4483
  0C:0B40    C$TSIPMon.c$983$3$4
  0C:0B42    A$TSIPMon$4484
  0C:0B44    A$TSIPMon$4485
  0C:0B46    A$TSIPMon$4487
  0C:0B47    A$TSIPMon$4488
  0C:0B49    A$TSIPMon$4489
  0C:0B4B    A$TSIPMon$4492
  0C:0B4D    A$TSIPMon$4493
  0C:0B4F    A$TSIPMon$4499
  0C:0B51    A$TSIPMon$4503
  0C:0B52    A$TSIPMon$4505
  0C:0B54    A$TSIPMon$4506
  0C:0B56    A$TSIPMon$4508
  0C:0B59    A$TSIPMon$4509
  0C:0B5C    A$TSIPMon$4510
  0C:0B5F    A$TSIPMon$4514
  0C:0B5F    C$TSIPMon.c$985$2$1
  0C:0B61    A$TSIPMon$4518
  0C:0B64    A$TSIPMon$4522
  0C:0B66    A$TSIPMon$4528
  0C:0B66    C$TSIPMon.c$986$4$5
  0C:0B68    A$TSIPMon$4530
  0C:0B69    A$TSIPMon$4532
  0C:0B6B    A$TSIPMon$4533
  0C:0B6D    A$TSIPMon$4535
  0C:0B6E    A$TSIPMon$4536
  0C:0B70    A$TSIPMon$4537
  0C:0B72    A$TSIPMon$4540
  0C:0B73    A$TSIPMon$4541
  0C:0B74    A$TSIPMon$4546
  0C:0B77    A$TSIPMon$4554
  0C:0B77    C$TSIPMon.c$987$4$5
  0C:0B79    A$TSIPMon$4556
  0C:0B7A    A$TSIPMon$4558
  0C:0B7C    A$TSIPMon$4559
  0C:0B7E    A$TSIPMon$4561
  0C:0B7F    A$TSIPMon$4562
  0C:0B81    A$TSIPMon$4563
  0C:0B83    A$TSIPMon$4566
  0C:0B85    A$TSIPMon$4567
  0C:0B86    A$TSIPMon$4572
  0C:0B86    C$TSIPMon.c$985$3$4
  0C:0B87    A$TSIPMon$4576
  0C:0B87    C$TSIPMon.c$993$2$3
  0C:0B89    A$TSIPMon$4581
  0C:0B89    C$TSIPMon.c$994$2$3
  0C:0B8C    A$TSIPMon$4582
  0C:0B8F    A$TSIPMon$4584
  0C:0B92    A$TSIPMon$4586
  0C:0B95    A$TSIPMon$4590
  0C:0B95    C$TSIPMon.c$997$2$1
  0C:0B95    XG$SupplementalTiming$0$0
  0C:0B98    A$TSIPMon$4607
  0C:0B98    C$TSIPMon.c$1002$2$1
  0C:0B98    G$clr_LCDBuf$0$0
  0C:0B98    _clr_LCDBuf
  0C:0B9A    A$TSIPMon$4611
  0C:0B9D    A$TSIPMon$4615
  0C:0B9F    A$TSIPMon$4621
  0C:0B9F    C$TSIPMon.c$1007$1$1
  0C:0BA0    A$TSIPMon$4622
  0C:0BA2    A$TSIPMon$4623
  0C:0BA4    A$TSIPMon$4625
  0C:0BA5    A$TSIPMon$4626
  0C:0BA7    A$TSIPMon$4627
  0C:0BA9    A$TSIPMon$4630
  0C:0BAB    A$TSIPMon$4631
  0C:0BAC    A$TSIPMon$4636
  0C:0BAC    C$TSIPMon.c$1006$1$1
  0C:0BAD    A$TSIPMon$4638
  0C:0BAF    A$TSIPMon$4644
  0C:0BAF    C$TSIPMon.c$1008$1$1
  0C:0BB0    A$TSIPMon$4645
  0C:0BB2    A$TSIPMon$4646
  0C:0BB4    A$TSIPMon$4648
  0C:0BB5    A$TSIPMon$4649
  0C:0BB7    A$TSIPMon$4650
  0C:0BB9    A$TSIPMon$4654
  0C:0BBA    A$TSIPMon$4655
  0C:0BBB    A$TSIPMon$4659
  0C:0BBB    C$TSIPMon.c$1010$1$1
  0C:0BBB    XG$clr_LCDBuf$0$0
  0C:0BBC    A$TSIPMon$4671
  0C:0BBC    C$TSIPMon.c$1017$1$1
  0C:0BBC    G$External_Interrupt_0$0$0
  0C:0BBC    _External_Interrupt_0
  0C:0BBE    A$TSIPMon$4672
  0C:0BC0    A$TSIPMon$4673
  0C:0BC2    A$TSIPMon$4674
  0C:0BC4    A$TSIPMon$4675
  0C:0BC6    A$TSIPMon$4676
  0C:0BC8    A$TSIPMon$4677
  0C:0BCA    A$TSIPMon$4678
  0C:0BCC    A$TSIPMon$4679
  0C:0BCE    A$TSIPMon$4680
  0C:0BD0    A$TSIPMon$4681
  0C:0BD2    A$TSIPMon$4682
  0C:0BD4    A$TSIPMon$4683
  0C:0BD6    A$TSIPMon$4684
  0C:0BD9    A$TSIPMon$4692
  0C:0BD9    C$TSIPMon.c$1022$2$2
  0C:0BDC    A$TSIPMon$4693
  0C:0BDE    A$TSIPMon$4698
  0C:0BDE    C$TSIPMon.c$1025$2$2
  0C:0BE1    A$TSIPMon$4699
  0C:0BE2    A$TSIPMon$4700
  0C:0BE4    A$TSIPMon$4702
  0C:0BE7    A$TSIPMon$4703
  0C:0BEA    A$TSIPMon$4705
  0C:0BEC    A$TSIPMon$4706
  0C:0BEE    A$TSIPMon$4707
  0C:0BF0    A$TSIPMon$4708
  0C:0BF2    A$TSIPMon$4709
  0C:0BF4    A$TSIPMon$4710
  0C:0BF6    A$TSIPMon$4711
  0C:0BF8    A$TSIPMon$4712
  0C:0BFA    A$TSIPMon$4713
  0C:0BFC    A$TSIPMon$4714
  0C:0BFE    A$TSIPMon$4715
  0C:0C00    A$TSIPMon$4716
  0C:0C02    A$TSIPMon$4717
  0C:0C04    A$TSIPMon$4720
  0C:0C04    C$TSIPMon.c$1028$2$1
  0C:0C04    XG$External_Interrupt_0$0$0
  0C:0C05    A$TSIPMon$4732
  0C:0C05    C$TSIPMon.c$1034$2$1
  0C:0C05    G$External_Interrupt_1$0$0
  0C:0C05    _External_Interrupt_1
  0C:0C07    A$TSIPMon$4733
  0C:0C09    A$TSIPMon$4734
  0C:0C0B    A$TSIPMon$4735
  0C:0C0D    A$TSIPMon$4736
  0C:0C0F    A$TSIPMon$4737
  0C:0C11    A$TSIPMon$4738
  0C:0C13    A$TSIPMon$4739
  0C:0C15    A$TSIPMon$4740
  0C:0C17    A$TSIPMon$4741
  0C:0C19    A$TSIPMon$4742
  0C:0C1B    A$TSIPMon$4743
  0C:0C1D    A$TSIPMon$4744
  0C:0C1F    A$TSIPMon$4745
  0C:0C22    A$TSIPMon$4749
  0C:0C25    A$TSIPMon$4754
  0C:0C25    C$TSIPMon.c$1037$1$1
  0C:0C28    A$TSIPMon$4755
  0C:0C2B    A$TSIPMon$4760
  0C:0C2D    A$TSIPMon$4765
  0C:0C2D    C$TSIPMon.c$1039$2$2
  0C:0C2F    A$TSIPMon$4769
  0C:0C2F    C$TSIPMon.c$1040$2$2
  0C:0C31    A$TSIPMon$4773
  0C:0C31    C$TSIPMon.c$1042$2$2
  0C:0C34    A$TSIPMon$4774
  0C:0C35    A$TSIPMon$4775
  0C:0C37    A$TSIPMon$4777
  0C:0C3A    A$TSIPMon$4778
  0C:0C3D    A$TSIPMon$4780
  0C:0C3F    A$TSIPMon$4781
  0C:0C41    A$TSIPMon$4782
  0C:0C43    A$TSIPMon$4783
  0C:0C45    A$TSIPMon$4784
  0C:0C47    A$TSIPMon$4785
  0C:0C49    A$TSIPMon$4786
  0C:0C4B    A$TSIPMon$4787
  0C:0C4D    A$TSIPMon$4788
  0C:0C4F    A$TSIPMon$4789
  0C:0C51    A$TSIPMon$4790
  0C:0C53    A$TSIPMon$4791
  0C:0C55    A$TSIPMon$4792
  0C:0C57    A$TSIPMon$4795
  0C:0C57    C$TSIPMon.c$1045$2$1
  0C:0C57    XG$External_Interrupt_1$0$0
  0C:0C58    A$TSIPMon$4810
  0C:0C58    C$TSIPMon.c$1053$2$1
  0C:0C58    G$Timer_1_Overflow$0$0
  0C:0C58    XG$Timer_1_Overflow$0$0
  0C:0C58    _Timer_1_Overflow
  0C:0C59    A$TSIPMon$4830
  0C:0C59    C$TSIPMon.c$1056$2$1
  0C:0C59    G$SPI0$0$0
  0C:0C59    XG$SPI0$0$0
  0C:0C59    _SPI0
  0C:0C5A    A$TSIPMon$4850
[...]
  0C:0E68    C$iconv.c$67$1$0
  0C:0E6A    A$iconv$811
  0C:0E6A    C$iconv.c$68$1$0
  0C:0E6C    A$iconv$812
  0C:0E6E    A$iconv$816
  0C:0E6E    C$iconv.c$70$1$1
  0C:0E70    A$iconv$821
  0C:0E73    A$iconv$825
  0C:0E75    A$iconv$829
  0C:0E78    A$iconv$833
  0C:0E7A    A$iconv$839
  0C:0E7A    C$iconv.c$71$2$2
  0C:0E7C    A$iconv$840
  0C:0E7E    A$iconv$841
  0C:0E7F    A$iconv$843
  0C:0E80    A$iconv$847
  0C:0E82    A$iconv$853
  0C:0E82    C$iconv.c$74$2$2
  0C:0E85    A$iconv$858
  0C:0E87    A$iconv$865
  0C:0E88    A$iconv$866
  0C:0E8A    A$iconv$867
  0C:0E8C    A$iconv$874
  0C:0E8C    C$iconv.c$75$3$3
  0C:0E8E    A$iconv$875
  0C:0E90    A$iconv$876
  0C:0E91    A$iconv$877
  0C:0E92    A$iconv$880
  0C:0E95    A$iconv$882
  0C:0E97    A$iconv$887
  0C:0E97    C$iconv.c$76$3$3
  0C:0E99    A$iconv$889
  0C:0E9B    A$iconv$895
  0C:0E9B    C$iconv.c$78$3$4
  0C:0E9C    A$iconv$899
  0C:0E9C    C$iconv.c$79$1$1
  0C:0E9F    A$iconv$900
  0C:0EA0    A$iconv$901
  0C:0EA2    A$iconv$903
  0C:0EA4    A$iconv$904
  0C:0EA6    A$iconv$905
  0C:0EA8    A$iconv$906
  0C:0EAA    A$iconv$907
  0C:0EAC    A$iconv$908
  0C:0EAE    A$iconv$909
  0C:0EB0    A$iconv$910
  0C:0EB3    A$iconv$911
  0C:0EB5    A$iconv$912
  0C:0EB7    A$iconv$913
  0C:0EB9    A$iconv$914
  0C:0EBB    A$iconv$915
  0C:0EBD    A$iconv$916
  0C:0EBF    A$iconv$917
  0C:0EC1    A$iconv$921
  0C:0EC1    C$iconv.c$80$3$4
  0C:0EC4    A$iconv$923
  0C:0EC6    A$iconv$926
  0C:0EC7    A$iconv$928
  0C:0EC8    A$iconv$929
  0C:0EC9    A$iconv$931
  0C:0ECA    A$iconv$933
  0C:0ECB    A$iconv$934
  0C:0ECC    A$iconv$940
  0C:0ECC    C$iconv.c$83$2$2
  0C:0ECD    A$iconv$945
  0C:0ECD    C$iconv.c$84$2$2
  0C:0ECE    A$iconv$948
  0C:0ED1    A$iconv$949
  0C:0ED2    A$iconv$951
  0C:0ED4    A$iconv$957
  0C:0ED4    C$iconv.c$87$1$1
  0C:0ED6    A$iconv$958
  0C:0ED8    A$iconv$959
  0C:0ED9    A$iconv$962
  0C:0EDB    A$iconv$965
  0C:0EDC    A$iconv$968
  0C:0EDE    A$iconv$973
  0C:0EDE    C$iconv.c$88$2$5
  0C:0EE0    A$iconv$974
  0C:0EE2    A$iconv$975
  0C:0EE4    A$iconv$978
  0C:0EE6    A$iconv$979
  0C:0EE8    A$iconv$980
  0C:0EEA    A$iconv$981
  0C:0EEB    A$iconv$982
  0C:0EEE    A$iconv$983
  0C:0EEF    A$iconv$984
  0C:0EF0    A$iconv$985
  0C:0EF3    A$iconv$989
  0C:0EF3    C$iconv.c$89$2$5
  0C:0EF6    A$iconv$997
  0C:0EF6    C$iconv.c$91$1$1
  0C:0EF6    C$iconv.c$93$1$1
  0C:0EF6    XG$AsciiToUnsigned$0$0
  0C:0EF7    A$iconv$999
  0C:0EFA    A$iconv$1001
  0C:0EFB    A$iconv$1020
  0C:0EFB    C$iconv.c$102$1$1
  0C:0EFB    G$UnsignedToAscii$0$0
  0C:0EFB    _UnsignedToAscii
  0C:0EFD    A$iconv$1021
  0C:0EFF    A$iconv$1029
  0C:0EFF    C$iconv.c$109$1$1
  0C:0EFF    C$iconv.c$111$1$1
  0C:0F01    A$iconv$1030
  0C:0F02    A$iconv$1031
  0C:0F03    A$iconv$1033
  0C:0F05    A$iconv$1034
  0C:0F07    A$iconv$1035
  0C:0F09    A$iconv$1037
  0C:0F0A    A$iconv$1038
  0C:0F0C    A$iconv$1039
  0C:0F0E    A$iconv$1043
  0C:0F0F    A$iconv$1044
  0C:0F10    A$iconv$1046
  0C:0F12    A$iconv$1052
  0C:0F13    A$iconv$1055
  0C:0F16    A$iconv$1060
  0C:0F16    C$iconv.c$113$1$1
  0C:0F19    A$iconv$1061
  0C:0F1A    A$iconv$1062
  0C:0F1C    A$iconv$1064
  0C:0F1E    A$iconv$1065
  0C:0F20    A$iconv$1066
  0C:0F22    A$iconv$1067
  0C:0F24    A$iconv$1068
  0C:0F26    A$iconv$1069
  0C:0F29    A$iconv$1070
  0C:0F2B    A$iconv$1071
  0C:0F2D    A$iconv$1072
  0C:0F2F    A$iconv$1073
  0C:0F31    A$iconv$1074
  0C:0F33    A$iconv$1078
  0C:0F33    C$iconv.c$114$1$1
  0C:0F36    A$iconv$1079
  0C:0F37    A$iconv$1080
  0C:0F39    A$iconv$1082
  0C:0F3B    A$iconv$1083
  0C:0F3D    A$iconv$1084
  0C:0F3F    A$iconv$1085
  0C:0F41    A$iconv$1086
  0C:0F43    A$iconv$1087
  0C:0F45    A$iconv$1088
  0C:0F47    A$iconv$1089
  0C:0F4A    A$iconv$1090
  0C:0F4C    A$iconv$1091
  0C:0F4E    A$iconv$1092
  0C:0F50    A$iconv$1093
  0C:0F52    A$iconv$1094
  0C:0F54    A$iconv$1095
  0C:0F56    A$iconv$1096
  0C:0F58    A$iconv$1098
  0C:0F59    A$iconv$1099
  0C:0F5A    A$iconv$1101
  0C:0F5B    A$iconv$1102
  0C:0F5C    A$iconv$1103
  0C:0F5D    A$iconv$1105
  0C:0F5E    A$iconv$1106
  0C:0F5F    A$iconv$1110
  0C:0F5F    C$iconv.c$115$2$2
  0C:0F61    A$iconv$1111
  0C:0F63    A$iconv$1116
  0C:0F63    C$iconv.c$116$2$2
  0C:0F64    A$iconv$1117
  0C:0F66    A$iconv$1118
  0C:0F68    A$iconv$1120
  0C:0F69    A$iconv$1121
  0C:0F6B    A$iconv$1122
  0C:0F6D    A$iconv$1124
  0C:0F70    A$iconv$1128
  0C:0F71    A$iconv$1129
  0C:0F72    A$iconv$1133
  0C:0F72    C$iconv.c$117$2$2
  0C:0F73    A$iconv$1134
  0C:0F74    A$iconv$1137
  0C:0F76    A$iconv$1143
  0C:0F76    C$iconv.c$112$1$1
  0C:0F77    A$iconv$1145
  0C:0F79    A$iconv$1150
  0C:0F79    C$iconv.c$120$1$1
  0C:0F7A    A$iconv$1151
  0C:0F7B    A$iconv$1154
  0C:0F7D    A$iconv$1160
  0C:0F7F    A$iconv$1161
  0C:0F80    A$iconv$1162
  0C:0F81    A$iconv$1164
  0C:0F83    A$iconv$1168
  0C:0F84    A$iconv$1171
  0C:0F87    A$iconv$1177
  0C:0F87    C$iconv.c$123$2$3
  0C:0F88    A$iconv$1178
  0C:0F8A    A$iconv$1179
  0C:0F8C    A$iconv$1181
  0C:0F8D    A$iconv$1182
  0C:0F8F    A$iconv$1183
  0C:0F91    A$iconv$1186
  0C:0F93    A$iconv$1187
  0C:0F94    A$iconv$1192
  0C:0F94    C$iconv.c$122$2$3
  0C:0F95    A$iconv$1194
  0C:0F97    A$iconv$1201
  0C:0F97    C$iconv.c$124$2$3
  0C:0F98    A$iconv$1207
  0C:0F98    C$iconv.c$128$1$1
  0C:0F99    A$iconv$1208
  0C:0F9A    A$iconv$1209
  0C:0F9B    A$iconv$1213
  0C:0F9B    C$iconv.c$129$1$1
  0C:0F9D    A$iconv$1217
  0C:0F9E    A$iconv$1220
  0C:0FA1    A$iconv$1225
  0C:0FA1    C$iconv.c$130$1$1
  0C:0FA3    A$iconv$1228
  0C:0FA4    A$iconv$1231
  0C:0FA5    A$iconv$1232
  0C:0FA7    A$iconv$1233
  0C:0FA9    A$iconv$1235
  0C:0FAA    A$iconv$1236
  0C:0FAC    A$iconv$1237
  0C:0FAE    A$iconv$1240
  0C:0FB0    A$iconv$1241
  0C:0FB1    A$iconv$1243
  0C:0FB3    A$iconv$1247
  0C:0FB3    C$iconv.c$132$1$1
  0C:0FB3    XG$UnsignedToAscii$0$0
  0C:0FB4    A$iconv$1267
  0C:0FB4    C$iconv.c$183$1$1
  0C:0FB4    G$CharToAscii$0$0
  0C:0FB4    _CharToAscii
  0C:0FB6    A$iconv$1271
  0C:0FB6    C$iconv.c$190$1$1
  0C:0FB8    A$iconv$1273
  0C:0FBA    A$iconv$1278
  0C:0FBA    C$iconv.c$192$1$1
  0C:0FBB    A$iconv$1281
  0C:0FBE    A$iconv$1286
  0C:0FBE    C$iconv.c$193$2$2
  0C:0FBF    A$iconv$1287
  0C:0FC0    A$iconv$1288
  0C:0FC1    A$iconv$1289
  0C:0FC2    A$iconv$1293
  0C:0FC2    C$iconv.c$194$2$2
  0C:0FC4    A$iconv$1295
  0C:0FC6    A$iconv$1300
  0C:0FC6    C$iconv.c$196$1$1
  0C:0FC8    A$iconv$1305
  0C:0FC8    C$iconv.c$198$1$1
  0C:0FCA    A$iconv$1308
  0C:0FCB    A$iconv$1311
  0C:0FCC    A$iconv$1312
  0C:0FCE    A$iconv$1313
  0C:0FD0    A$iconv$1315
  0C:0FD1    A$iconv$1316
  0C:0FD3    A$iconv$1317
  0C:0FD5    A$iconv$1321
  0C:0FD6    A$iconv$1322
  0C:0FD7    A$iconv$1324
  0C:0FD9    A$iconv$1330
  0C:0FDA    A$iconv$1332
  0C:0FDC    A$iconv$1333
  0C:0FDE    A$iconv$1334
  0C:0FE1    A$iconv$1335
  0C:0FE3    A$iconv$1338
  0C:0FE5    A$iconv$1344
  0C:0FE5    C$iconv.c$200$2$3
  0C:0FE7    A$iconv$1345
  0C:0FEA    A$iconv$1346
  0C:0FEB    A$iconv$1347
  0C:0FEE    A$iconv$1348
  0C:0FF0    A$iconv$1349
  0C:0FF1    A$iconv$1350
  0C:0FF2    A$iconv$1352
  0C:0FF3    A$iconv$1353
  0C:0FF6    A$iconv$1354
  0C:0FF7    A$iconv$1355
  0C:0FF8    A$iconv$1361
  0C:0FF8    C$iconv.c$201$2$3
  0C:0FF9    A$iconv$1363
  0C:0FFC    A$iconv$1364
  0C:0FFD    A$iconv$1366
  0C:0FFE    A$iconv$1368
  0C:0FFF    A$iconv$1369
  0C:1000    A$iconv$1370
  0C:1001    A$iconv$1374
  0C:1001    C$iconv.c$202$2$3
  0C:1003    A$iconv$1379
  0C:1003    C$iconv.c$203$2$3
  0C:1004    A$iconv$1380
  0C:1006    A$iconv$1381
  0C:1008    A$iconv$1383
  0C:1009    A$iconv$1384
  0C:100B    A$iconv$1385
  0C:100D    A$iconv$1388
  0C:100F    A$iconv$1390
  0C:1010    A$iconv$1393
  0C:1011    A$iconv$1395
  0C:1012    A$iconv$1399
  0C:1012    C$iconv.c$204$2$3
  0C:1013    A$iconv$1402
  0C:1015    A$iconv$1408
  0C:1015    C$iconv.c$199$1$1
  0C:1016    A$iconv$1410
  0C:1018    A$iconv$1416
  0C:1018    C$iconv.c$209$1$1
  0C:1019    A$iconv$1418
  0C:101B    A$iconv$1419
  0C:101D    A$iconv$1420
  0C:1020    A$iconv$1421
  0C:1022    A$iconv$1424
  0C:1024    A$iconv$1430
  0C:1025    A$iconv$1431
  0C:1026    A$iconv$1432
  0C:1027    A$iconv$1434
  0C:1029    A$iconv$1438
  0C:102A    A$iconv$1441
  0C:102D    A$iconv$1447
  0C:102D    C$iconv.c$211$2$4
  0C:102E    A$iconv$1448
  0C:1030    A$iconv$1449
  0C:1032    A$iconv$1451
  0C:1033    A$iconv$1452
  0C:1035    A$iconv$1453
  0C:1037    A$iconv$1456
  0C:1039    A$iconv$1457
  0C:103A    A$iconv$1462
  0C:103A    C$iconv.c$210$2$4
  0C:103B    A$iconv$1464
  0C:103D    A$iconv$1471
  0C:103D    C$iconv.c$212$2$4
  0C:103E    A$iconv$1477
  0C:103E    C$iconv.c$215$1$1
  0C:103F    A$iconv$1478
  0C:1040    A$iconv$1479
  0C:1041    A$iconv$1486
  0C:1041    C$iconv.c$217$1$1
  0C:1044    A$iconv$1494
  0C:1044    C$iconv.c$218$2$5
  0C:1045    A$iconv$1496
  0C:1047    A$iconv$1497
  0C:1049    A$iconv$1498
  0C:104C    A$iconv$1499
  0C:104E    A$iconv$1502
  0C:1050    A$iconv$1507
  0C:1050    C$iconv.c$219$2$5
  0C:1052    A$iconv$1510
  0C:1053    A$iconv$1513
  0C:1054    A$iconv$1514
  0C:1056    A$iconv$1515
  0C:1058    A$iconv$1517
  0C:1059    A$iconv$1518
  0C:105B    A$iconv$1519
  0C:105D    A$iconv$1522
  0C:105F    A$iconv$1523
  0C:1060    A$iconv$1525
  0C:1062    A$iconv$1531
  0C:1063    A$iconv$1532
  0C:1064    A$iconv$1533
  0C:1065    A$iconv$1535
  0C:1067    A$iconv$1539
  0C:1068    A$iconv$1542
  0C:106B    A$iconv$1548
  0C:106B    C$iconv.c$222$3$6
  0C:106C    A$iconv$1549
  0C:106E    A$iconv$1550
  0C:1070    A$iconv$1552
  0C:1071    A$iconv$1553
  0C:1073    A$iconv$1554
  0C:1075    A$iconv$1557
  0C:1077    A$iconv$1558
  0C:1078    A$iconv$1563
  0C:1078    C$iconv.c$221$3$6
  0C:1079    A$iconv$1565
  0C:107B    A$iconv$1574
  0C:107B    C$iconv.c$223$3$6
  0C:107B    C$iconv.c$227$1$1
  0C:107C    A$iconv$1577
  0C:107E    A$iconv$1581
  0C:107F    A$iconv$1584
  0C:1082    A$iconv$1589
  0C:1082    C$iconv.c$228$1$1
  0C:1084    A$iconv$1592
  0C:1085    A$iconv$1595
  0C:1086    A$iconv$1596
  0C:1088    A$iconv$1597
  0C:108A    A$iconv$1599
  0C:108B    A$iconv$1600
  0C:108D    A$iconv$1601
  0C:108F    A$iconv$1604
  0C:1091    A$iconv$1605
  0C:1092    A$iconv$1607
  0C:1094    A$iconv$1611
  0C:1094    C$iconv.c$230$1$1
  0C:1094    XG$CharToAscii$0$0
  0C:1095    A$Extdebug$792
  0C:1095    C$Extdebug.c$100$0$0
  0C:1095    G$Fault_Msg_Query$0$0
  0C:1095    _Fault_Msg_Query
  0C:1097    A$Extdebug$793
  0C:1099    A$Extdebug$797
  0C:1099    C$Extdebug.c$106$1$1
  0C:109A    A$Extdebug$798
  0C:109B    A$Extdebug$805
  0C:109B    C$Extdebug.c$107$1$1
  0C:109D    A$Extdebug$808
  0C:109F    A$Extdebug$810
  0C:10A0    A$Extdebug$815
  0C:10A0    C$Extdebug.c$109$1$1
  0C:10A3    A$Extdebug$816
  0C:10A4    A$Extdebug$822
  0C:10A5    A$Extdebug$824
  0C:10A7    A$Extdebug$825
  0C:10A9    A$Extdebug$830
  0C:10A9    C$Extdebug.c$110$1$1
  0C:10AC    A$Extdebug$832
  0C:10AD    A$Extdebug$833
  0C:10AE    A$Extdebug$838
  0C:10AE    C$Extdebug.c$111$1$1
  0C:10B0    A$Extdebug$841
  0C:10B3    A$Extdebug$842
  0C:10B4    A$Extdebug$843
  0C:10B5    A$Extdebug$845
  0C:10B7    A$Extdebug$846
  0C:10B9    A$Extdebug$847
  0C:10BB    A$Extdebug$848
  0C:10BD    A$Extdebug$849
  0C:10BF    A$Extdebug$851
  0C:10C0    A$Extdebug$853
  0C:10C1    A$Extdebug$854
  0C:10C2    A$Extdebug$855
  0C:10C3    A$Extdebug$856
  0C:10C4    A$Extdebug$857
  0C:10C5    A$Extdebug$859
  0C:10C8    A$Extdebug$861
  0C:10C9    A$Extdebug$862
  0C:10CB    A$Extdebug$863
  0C:10CC    A$Extdebug$864
  0C:10CE    A$Extdebug$866
  0C:10CF    A$Extdebug$867
  0C:10D0    A$Extdebug$870
  0C:10D2    A$Extdebug$875
  0C:10D2    C$Extdebug.c$112$2$2
  0C:10D5    A$Extdebug$877
  0C:10D7    A$Extdebug$879
  0C:10D8    A$Extdebug$880
  0C:10D9    A$Extdebug$884
  0C:10D9    C$Extdebug.c$113$2$2
  0C:10DC    A$Extdebug$885
  0C:10DD    A$Extdebug$886
  0C:10DE    A$Extdebug$889
  0C:10E1    A$Extdebug$893
  0C:10E3    A$Extdebug$896
  0C:10E5    A$Extdebug$899
  0C:10E6    A$Extdebug$902
  0C:10E9    A$Extdebug$907
  0C:10EB    A$Extdebug$913
  0C:10EB    C$Extdebug.c$114$3$3
  0C:10EE    A$Extdebug$915
  0C:10EF    A$Extdebug$916
  0C:10F0    A$Extdebug$921
  0C:10F0    C$Extdebug.c$115$3$3
  0C:10F1    A$Extdebug$922
  0C:10F3    A$Extdebug$925
  0C:10F4    A$Extdebug$931
  0C:10F4    C$Extdebug.c$120$1$1
  0C:10F5    A$Extdebug$932
  0C:10F8    A$Extdebug$933
  0C:10F9    A$Extdebug$935
  0C:10FB    A$Extdebug$936
  0C:10FC    A$Extdebug$937
  0C:10FE    A$Extdebug$938
  0C:1100    A$Extdebug$939
  0C:1101    A$Extdebug$942
  0C:1103    A$Extdebug$943
  0C:1105    A$Extdebug$944
  0C:1106    A$Extdebug$945
  0C:1107    A$Extdebug$948
  0C:1109    A$Extdebug$953
  0C:1109    C$Extdebug.c$121$2$4
  0C:110C    A$Extdebug$955
  0C:110E    A$Extdebug$957
  0C:110F    A$Extdebug$958
  0C:1110    A$Extdebug$962
  0C:1110    C$Extdebug.c$122$2$4
  0C:1113    A$Extdebug$963
  0C:1116    A$Extdebug$967
  0C:1117    A$Extdebug$968
  0C:1118    A$Extdebug$973
  0C:1118    C$Extdebug.c$123$2$4
  0C:1119    A$Extdebug$974
  0C:111B    A$Extdebug$979
  0C:111C    A$Extdebug$982
  0C:111E    A$Extdebug$986
  0C:1121    A$Extdebug$990
  0C:1123    A$Extdebug$996
  0C:1123    C$Extdebug.c$127$2$5
  0C:1124    A$Extdebug$997
  0C:1126    A$Extdebug$998
  0C:1127    A$Extdebug$1000
  0C:1128    A$Extdebug$1001
  0C:112A    A$Extdebug$1002
  0C:112B    A$Extdebug$1004
  0C:112E    A$Extdebug$1005
  0C:112F    A$Extdebug$1008
  0C:1130    A$Extdebug$1010
  0C:1133    A$Extdebug$1011
  0C:1134    A$Extdebug$1013
  0C:1136    A$Extdebug$1014
  0C:1137    A$Extdebug$1016
  0C:1138    A$Extdebug$1017
  0C:113A    A$Extdebug$1018
  0C:113B    A$Extdebug$1021
  0C:113C    A$Extdebug$1023
  0C:113D    A$Extdebug$1024
  0C:113F    A$Extdebug$1026
  0C:1140    A$Extdebug$1028
  0C:1141    A$Extdebug$1029
  0C:1143    A$Extdebug$1032
  0C:1144    A$Extdebug$1033
  0C:1145    A$Extdebug$1036
  0C:1146    A$Extdebug$1037
  0C:1148    A$Extdebug$1038
  0C:114A    A$Extdebug$1040
  0C:114B    A$Extdebug$1044
  0C:114B    C$Extdebug.c$128$2$5
  0C:114C    A$Extdebug$1047
  0C:114E    A$Extdebug$1053
  0C:114E    C$Extdebug.c$126$1$1
  0C:114F    A$Extdebug$1055
  0C:1151    A$Extdebug$1060
  0C:1151    C$Extdebug.c$131$1$1
  0C:1154    A$Extdebug$1061
  0C:1155    A$Extdebug$1062
  0C:1156    A$Extdebug$1064
  0C:1159    A$Extdebug$1066
  0C:115B    A$Extdebug$1068
  0C:115C    A$Extdebug$1069
  0C:115D    A$Extdebug$1073
  0C:115D    C$Extdebug.c$133$1$1
  0C:115F    A$Extdebug$1074
  0C:1161    A$Extdebug$1078
  0C:1161    C$Extdebug.c$134$1$1
  0C:1161    XG$Fault_Msg_Query$0$0
  0C:1162    ___fssub
  0C:116D    __divuint
  0C:1196    _strcpy
  0C:11D6    ___fsmul
  0C:1279    fsgetargs
  0C:12A7    fs_normalize_a
  0C:12D0    __gptrput
  0C:12E9    __mulint
  0C:12E9    __mulint_dummy
  0C:1306    ___fsadd
  0C:1309    fsadd_direct_entry
  0C:135F    ___sint2fs
  0C:136C    ___uint2fs
  0C:1378    ___fs2uint
  0C:1383    fs_round_and_return
  0C:139B    fs_zerocheck_return
  0C:13A4    fs_return_zero
  0C:13AC    fs_direct_return
  0C:13BA    fs_return_inf
  0C:13C7    fs_return_nan
  0C:13D2    fs_swap_a_b
  0C:13EC    __gptrget
  0C:1408    ___fs2uchar
  0C:1410    ___slong2fs
  0C:1419    slong2fs_doit
  0C:143D    ___ulong2fs
  0C:1446    ulong2fs_doit
  0C:1450    fs_rshift_a
  0C:1493    __sdcc_external_startup
  0C:1497    ___fs2ulong
  0C:1499    fs2ulong_begin
  0C:14BE    fsgetarg

Hexadecimal

Area                               Addr   Size   Decimal Bytes (Attributes)
--------------------------------   ----   ----   ------- ----- ------------
CONST                              14D0   0475 =   1141. bytes (REL,CON,CODE)

      Value  Global
   --------  --------------------------------
  0C:14D0    G$Month$0$0
  0C:14D0    _Month
  0C:14F5    G$DIM$0$0
  0C:14F5    _DIM
  0C:1501    G$RxMode$0$0
  0C:1501    _RxMode
  0C:1589    G$DiscMode$0$0
  0C:1589    _DiscMode
  0C:1600    G$GPSDecodeStatus$0$0
  0C:1600    _GPSDecodeStatus
  0C:1721    G$DiscActivity$0$0
  0C:1721    _DiscActivity
  0C:17BA    G$VersionMsg$0$0
  0C:17BA    _VersionMsg
  0C:17CF    G$LCDInitMsg$0$0
  0C:17CF    _LCDInitMsg
  0C:17E4    G$prompt$0$0
  0C:17E4    _prompt
  0C:17F6    FTSIPMon$_str_0$0$0
  0C:1803    FTSIPMon$_str_1$0$0
  0C:1814    FTSIPMon$_str_2$0$0
  0C:1824    FTSIPMon$_str_3$0$0
  0C:1835    G$ALARM_MSG$0$0
  0C:1835    _ALARM_MSG

Hexadecimal

Area                               Addr   Size   Decimal Bytes (Attributes)
--------------------------------   ----   ----   ------- ----- ------------
XINIT                              1945   0001 =      1. bytes (REL,CON,CODE)

      Value  Global
   --------  --------------------------------
  0C:1945    FExtdebug$__xinit_fault_query_ndx$0$0
ASxxxx Linker V01.70 + NoICE + SDCC Feb 1999,  page 1.

Files Linked      [ module(s) ]

C:\SDCC\GPSMon\dev\TSIPMon.rel
C:\SDCC\GPSMon\dev\lcd_if.rel
C:\SDCC\GPSMon\dev\iconv.rel
C:\SDCC\GPSMon\dev\Extdebug.rel

Libraries Linked            [   object  file   ]

C:\Program Files\SDCC\bin\..\lib\small/libfloat.lib    [           _fssub ]
C:\Program Files\SDCC\bin\..\lib\small/libint.lib    [         _divuint ]
C:\Program Files\SDCC\bin\..\lib\small/libsdcc.lib    [          _strcpy ]
C:\Program Files\SDCC\bin\..\lib\small/libfloat.lib    [           _fsmul ]
C:\Program Files\SDCC\bin\..\lib\small/libfloat.lib    [      _fsget2args ]
C:\Program Files\SDCC\bin\..\lib\small/mcs51.lib    [     crtclear.rel ]
C:\Program Files\SDCC\bin\..\lib\small/libfloat.lib    [     _fsnormalize ]
C:\Program Files\SDCC\bin\..\lib\small/mcs51.lib    [     crtxinit.rel ]
C:\Program Files\SDCC\bin\..\lib\small/libsdcc.lib    [         _gptrput ]
C:\Program Files\SDCC\bin\..\lib\small/libint.lib    [          _mulint ]
C:\Program Files\SDCC\bin\..\lib\small/libfloat.lib    [           _fsadd ]
C:\Program Files\SDCC\bin\..\lib\small/mcs51.lib    [    crtxclear.rel ]
C:\Program Files\SDCC\bin\..\lib\small/libfloat.lib    [         _sint2fs ]
C:\Program Files\SDCC\bin\..\lib\small/libfloat.lib    [         _uint2fs ]
C:\Program Files\SDCC\bin\..\lib\small/libfloat.lib    [         _fs2uint ]
C:\Program Files\SDCC\bin\..\lib\small/libfloat.lib    [     _fsreturnval ]
C:\Program Files\SDCC\bin\..\lib\small/libfloat.lib    [      _fsswapargs ]
C:\Program Files\SDCC\bin\..\lib\small/mcs51.lib    [     crtstart.rel ]
C:\Program Files\SDCC\bin\..\lib\small/libsdcc.lib    [         _gptrget ]
C:\Program Files\SDCC\bin\..\lib\small/libfloat.lib    [        _fs2uchar ]
C:\Program Files\SDCC\bin\..\lib\small/libfloat.lib    [        _slong2fs ]
C:\Program Files\SDCC\bin\..\lib\small/libfloat.lib    [        _ulong2fs ]
C:\Program Files\SDCC\bin\..\lib\small/libfloat.lib    [        _fsrshift ]
C:\Program Files\SDCC\bin\..\lib\small/libsdcc.lib    [         _startup ]
C:\Program Files\SDCC\bin\..\lib\small/libfloat.lib    [        _fs2ulong ]
C:\Program Files\SDCC\bin\..\lib\small/libfloat.lib    [       _fsget1arg ]

ASxxxx Linker V01.70 + NoICE + SDCC Feb 1999,  page 2.

User Base Address Definitions

HOME = 0x0000
ISEG = 0x0080
BSEG = 0x0000

