Archive member included because of file (symbol)

d:/avr/winavr20100110/bin/../lib/gcc/avr/4.3.3/avr4\libgcc.a(_mulsi3.o)
                              main.o (__mulsi3)
d:/avr/winavr20100110/bin/../lib/gcc/avr/4.3.3/avr4\libgcc.a(_divmodhi4.o)
                              main.o (__divmodhi4)
d:/avr/winavr20100110/bin/../lib/gcc/avr/4.3.3/avr4\libgcc.a(_divmodsi4.o)
                              main.o (__divmodsi4)
d:/avr/winavr20100110/bin/../lib/gcc/avr/4.3.3/avr4\libgcc.a(_exit.o)
                              d:/avr/winavr20100110/bin/../lib/gcc/avr/4.3.3/../../../../avr/lib/avr4/crtm8515.o (exit)
d:/avr/winavr20100110/bin/../lib/gcc/avr/4.3.3/avr4\libgcc.a(_copy_data.o)
                              main.o (__do_copy_data)
d:/avr/winavr20100110/bin/../lib/gcc/avr/4.3.3/avr4\libgcc.a(_clear_bss.o)
                              main.o (__do_clear_bss)
d:/avr/winavr20100110/bin/../lib/gcc/avr/4.3.3/avr4\libgcc.a(_udivmodhi4.o)
                              d:/avr/winavr20100110/bin/../lib/gcc/avr/4.3.3/avr4\libgcc.a(_divmodhi4.o) (__udivmodhi4)
d:/avr/winavr20100110/bin/../lib/gcc/avr/4.3.3/avr4\libgcc.a(_udivmodsi4.o)
                              d:/avr/winavr20100110/bin/../lib/gcc/avr/4.3.3/avr4\libgcc.a(_divmodsi4.o) (__udivmodsi4)
d:/avr/winavr20100110/bin/../lib/gcc/avr/4.3.3/../../../../avr/lib/avr4\libc.a(strncpy_P.o)
                              main.o (strncpy_P)
d:/avr/winavr20100110/bin/../lib/gcc/avr/4.3.3/../../../../avr/lib/avr4\libc.a(itoa.o)
                              main.o (itoa)
d:/avr/winavr20100110/bin/../lib/gcc/avr/4.3.3/../../../../avr/lib/avr4\libc.a(sprintf.o)
                              main.o (sprintf)
d:/avr/winavr20100110/bin/../lib/gcc/avr/4.3.3/../../../../avr/lib/avr4\libc.a(vfprintf_std.o)
                              d:/avr/winavr20100110/bin/../lib/gcc/avr/4.3.3/../../../../avr/lib/avr4\libc.a(sprintf.o) (vfprintf)
d:/avr/winavr20100110/bin/../lib/gcc/avr/4.3.3/../../../../avr/lib/avr4\libc.a(strnlen_P.o)
                              d:/avr/winavr20100110/bin/../lib/gcc/avr/4.3.3/../../../../avr/lib/avr4\libc.a(vfprintf_std.o) (strnlen_P)
d:/avr/winavr20100110/bin/../lib/gcc/avr/4.3.3/../../../../avr/lib/avr4\libc.a(strnlen.o)
                              d:/avr/winavr20100110/bin/../lib/gcc/avr/4.3.3/../../../../avr/lib/avr4\libc.a(vfprintf_std.o) (strnlen)
d:/avr/winavr20100110/bin/../lib/gcc/avr/4.3.3/../../../../avr/lib/avr4\libc.a(strrev.o)
                              d:/avr/winavr20100110/bin/../lib/gcc/avr/4.3.3/../../../../avr/lib/avr4\libc.a(itoa.o) (strrev)
d:/avr/winavr20100110/bin/../lib/gcc/avr/4.3.3/../../../../avr/lib/avr4\libc.a(fputc.o)
                              d:/avr/winavr20100110/bin/../lib/gcc/avr/4.3.3/../../../../avr/lib/avr4\libc.a(vfprintf_std.o) (fputc)
d:/avr/winavr20100110/bin/../lib/gcc/avr/4.3.3/../../../../avr/lib/avr4\libc.a(ultoa_invert.o)
                              d:/avr/winavr20100110/bin/../lib/gcc/avr/4.3.3/../../../../avr/lib/avr4\libc.a(vfprintf_std.o) (__ultoa_invert)
d:/avr/winavr20100110/bin/../lib/gcc/avr/4.3.3/avr4\libgcc.a(_prologue.o)
                              d:/avr/winavr20100110/bin/../lib/gcc/avr/4.3.3/../../../../avr/lib/avr4\libc.a(sprintf.o) (__prologue_saves__)
d:/avr/winavr20100110/bin/../lib/gcc/avr/4.3.3/avr4\libgcc.a(_epilogue.o)
                              d:/avr/winavr20100110/bin/../lib/gcc/avr/4.3.3/../../../../avr/lib/avr4\libc.a(sprintf.o) (__epilogue_restores__)

Allocating common symbols
Common symbol       size              file

tsipSTATUS          0xe               main.o
lcdScreen           0x21              main.o
gpstime             0x21              main.o
gpshealth           0x2               main.o
gps_time            0x2               main.o
tsipSATELLITE       0x4               main.o
rxBuffer            0x45              main.o

Memory Configuration

Name             Origin             Length             Attributes
text             0x00000000         0x00002000         xr
data             0x00800060         0x0000ffa0         rw !x
eeprom           0x00810000         0x00010000         rw !x
fuse             0x00820000         0x00000400         rw !x
lock             0x00830000         0x00000400         rw !x
signature        0x00840000         0x00000400         rw !x
*default*        0x00000000         0xffffffff

Linker script and memory map

LOAD d:/avr/winavr20100110/bin/../lib/gcc/avr/4.3.3/../../../../avr/lib/avr4/crtm8515.o
LOAD main.o
LOAD lcd.o
LOAD d:/avr/winavr20100110/bin/../lib/gcc/avr/4.3.3/../../../../avr/lib/avr4\libm.a
LOAD d:/avr/winavr20100110/bin/../lib/gcc/avr/4.3.3/avr4\libgcc.a
LOAD d:/avr/winavr20100110/bin/../lib/gcc/avr/4.3.3/../../../../avr/lib/avr4\libc.a
LOAD d:/avr/winavr20100110/bin/../lib/gcc/avr/4.3.3/avr4\libgcc.a

.hash
 *(.hash)

.dynsym
 *(.dynsym)

.dynstr
 *(.dynstr)

.gnu.version
 *(.gnu.version)

.gnu.version_d
 *(.gnu.version_d)

.gnu.version_r
 *(.gnu.version_r)

.rel.init
 *(.rel.init)

.rela.init
 *(.rela.init)

.rel.text
 *(.rel.text)
 *(.rel.text.*)
 *(.rel.gnu.linkonce.t*)

.rela.text
 *(.rela.text)
 *(.rela.text.*)
 *(.rela.gnu.linkonce.t*)

.rel.fini
 *(.rel.fini)

.rela.fini
 *(.rela.fini)

.rel.rodata
 *(.rel.rodata)
 *(.rel.rodata.*)
 *(.rel.gnu.linkonce.r*)

.rela.rodata
 *(.rela.rodata)
 *(.rela.rodata.*)
 *(.rela.gnu.linkonce.r*)

.rel.data
 *(.rel.data)
 *(.rel.data.*)
 *(.rel.gnu.linkonce.d*)

.rela.data
 *(.rela.data)
 *(.rela.data.*)
 *(.rela.gnu.linkonce.d*)

.rel.ctors
 *(.rel.ctors)

.rela.ctors
 *(.rela.ctors)

.rel.dtors
 *(.rel.dtors)

.rela.dtors
 *(.rela.dtors)

.rel.got
 *(.rel.got)

.rela.got
 *(.rela.got)

.rel.bss
 *(.rel.bss)

.rela.bss
 *(.rela.bss)

.rel.plt
 *(.rel.plt)

.rela.plt
 *(.rela.plt)

.text           0x00000000     0x1b42
 *(.vectors)
 .vectors       0x00000000       0x22 d:/avr/winavr20100110/bin/../lib/gcc/avr/4.3.3/../../../../avr/lib/avr4/crtm8515.o
                0x00000000                __vectors
                0x00000000                __vector_default
 *(.vectors)
 *(.progmem.gcc*)
 .progmem.gcc_sw_table
                0x00000022       0x50 main.o
 *(.progmem*)
 .progmem.data  0x00000072      0x358 main.o
                0x000002f8                decodingmalarm8
                0x000001f9                decodingactivity4
                0x000001b5                decodingactivity0
                0x000001e8                decodingactivity3
                0x0000024e                decodingactivity9
                0x000002e7                decodingmalarm7
                0x000000fa                decodingstatus0
                0x000002a3                decodingmalarm3
                0x0000035e                criticalalarm
                0x0000031a                decodingmalarm10
                0x000000c7                disciplinmode5
                0x000002d6                decodingmalarm6
                0x0000023d                decodingactivity8
                0x0000012d                decodingstatus3
                0x00000083                disciplinmode1
                0x00000171                decodingstatus11
                0x0000021b                decodingactivity6
                0x000000a5                disciplinmode3
                0x00000281                decodingmalarm1
                0x0000033c                decodingmalarm12
                0x00000309                decodingmalarm9
                0x0000011c                decodingstatus2
                0x0000032b                decodingmalarm11
                0x0000014f                decodingstatus9
                0x0000010b                decodingstatus1
                0x0000025f                decodingactivityu
                0x00000072                disciplinmode0
                0x000002b4                decodingmalarm4
                0x00000193                decodingstatus16
                0x00000182                decodingstatus12
                0x00000270                decodingmalarm0
                0x0000034d                decodingmalarmu
                0x000001c6                decodingactivity1
                0x000000e9                disciplinmodeu
                0x000001a4                decodingstatusu
                0x000000d8                disciplinmode6
                0x000001d7                decodingactivity2
                0x000000b6                disciplinmode4
                0x0000022c                decodingactivity7
                0x000002c5                decodingmalarm5
                0x00000292                decodingmalarm2
                0x0000020a                decodingactivity5
                0x00000160                decodingstatus10
                0x0000036f                months
                0x0000013e                decodingstatus8
                0x00000094                disciplinmode2
                0x000003ca                . = ALIGN (0x2)
                0x000003ca                __trampolines_start = .
 *(.trampolines)
 .trampolines   0x000003ca        0x0 linker stubs
 *(.trampolines*)
                0x000003ca                __trampolines_end = .
 *(.jumptables)
 *(.jumptables*)
 *(.lowtext)
 *(.lowtext*)
                0x000003ca                __ctors_start = .
 *(.ctors)
                0x000003ca                __ctors_end = .
                0x000003ca                __dtors_start = .
 *(.dtors)
                0x000003ca                __dtors_end = .
 SORT(*)(.ctors)
 SORT(*)(.dtors)
 *(.init0)
 .init0         0x000003ca        0x0 d:/avr/winavr20100110/bin/../lib/gcc/avr/4.3.3/../../../../avr/lib/avr4/crtm8515.o
                0x000003ca                __init
 *(.init0)
 *(.init1)
 *(.init1)
 *(.init2)
 .init2         0x000003ca        0xc d:/avr/winavr20100110/bin/../lib/gcc/avr/4.3.3/../../../../avr/lib/avr4/crtm8515.o
 *(.init2)
 *(.init3)
 *(.init3)
 *(.init4)
 .init4         0x000003d6       0x16 d:/avr/winavr20100110/bin/../lib/gcc/avr/4.3.3/avr4\libgcc.a(_copy_data.o)
                0x000003d6                __do_copy_data
 .init4         0x000003ec       0x10 d:/avr/winavr20100110/bin/../lib/gcc/avr/4.3.3/avr4\libgcc.a(_clear_bss.o)
                0x000003ec                __do_clear_bss
 *(.init4)
 *(.init5)
 *(.init5)
 *(.init6)
 *(.init6)
 *(.init7)
 *(.init7)
 *(.init8)
 *(.init8)
 *(.init9)
 .init9         0x000003fc        0x4 d:/avr/winavr20100110/bin/../lib/gcc/avr/4.3.3/../../../../avr/lib/avr4/crtm8515.o
 *(.init9)
 *(.text)
 .text          0x00000400        0x2 d:/avr/winavr20100110/bin/../lib/gcc/avr/4.3.3/../../../../avr/lib/avr4/crtm8515.o
                0x00000400                __vector_12
                0x00000400                __bad_interrupt
                0x00000400                __vector_3
                0x00000400                __vector_11
                0x00000400                __vector_13
                0x00000400                __vector_5
                0x00000400                __vector_4
                0x00000400                __vector_2
                0x00000400                __vector_15
                0x00000400                __vector_8
                0x00000400                __vector_14
                0x00000400                __vector_16
 .text          0x00000402      0xe72 main.o
                0x00000ba4                __vector_1
                0x00000432                tsipDecodeSTATUS
                0x00000b68                __vector_6
                0x00000ac0                dow
                0x00000b48                __vector_7
                0x00001164                main
                0x00000402                time
                0x000009dc                GpsToMjd
                0x00000b28                hwinit
                0x00000bcc                __vector_9
                0x000006b4                DateToMjd
                0x000007fc                MjdToDate
                0x00000676                swap_uint32
                0x00000412                tsipDecodeSATELLITE
                0x00000cf4                tsipDecodeGPSTIME
                0x00000bb8                __vector_10
                0x0000066e                swap_uint16
 .text          0x00001274      0x1bc lcd.o
                0x0000133e                lcd_gotoxy
                0x0000135e                lcd_putc
                0x00001358                lcd_home
                0x00001352                lcd_clrscr
                0x0000134c                lcd_getxy
                0x00001396                lcd_puts
                0x000013ac                lcd_puts_p
                0x000013c6                lcd_init
                0x0000132e                lcd_command
 .text          0x00001430        0x0 d:/avr/winavr20100110/bin/../lib/gcc/avr/4.3.3/avr4\libgcc.a(_mulsi3.o)
 .text          0x00001430        0x0 d:/avr/winavr20100110/bin/../lib/gcc/avr/4.3.3/avr4\libgcc.a(_divmodhi4.o)
 .text          0x00001430        0x0 d:/avr/winavr20100110/bin/../lib/gcc/avr/4.3.3/avr4\libgcc.a(_divmodsi4.o)
 .text          0x00001430        0x0 d:/avr/winavr20100110/bin/../lib/gcc/avr/4.3.3/avr4\libgcc.a(_exit.o)
 .text          0x00001430        0x0 d:/avr/winavr20100110/bin/../lib/gcc/avr/4.3.3/avr4\libgcc.a(_copy_data.o)
 .text          0x00001430        0x0 d:/avr/winavr20100110/bin/../lib/gcc/avr/4.3.3/avr4\libgcc.a(_clear_bss.o)
 .text          0x00001430        0x0 d:/avr/winavr20100110/bin/../lib/gcc/avr/4.3.3/avr4\libgcc.a(_udivmodhi4.o)
 .text          0x00001430        0x0 d:/avr/winavr20100110/bin/../lib/gcc/avr/4.3.3/avr4\libgcc.a(_udivmodsi4.o)
 .text          0x00001430        0x0 d:/avr/winavr20100110/bin/../lib/gcc/avr/4.3.3/../../../../avr/lib/avr4\libc.a(strncpy_P.o)
 .text          0x00001430        0x0 d:/avr/winavr20100110/bin/../lib/gcc/avr/4.3.3/../../../../avr/lib/avr4\libc.a(itoa.o)
 .text          0x00001430        0x0 d:/avr/winavr20100110/bin/../lib/gcc/avr/4.3.3/../../../../avr/lib/avr4\libc.a(sprintf.o)
 .text          0x00001430        0x0 d:/avr/winavr20100110/bin/../lib/gcc/avr/4.3.3/../../../../avr/lib/avr4\libc.a(vfprintf_std.o)
 .text          0x00001430        0x0 d:/avr/winavr20100110/bin/../lib/gcc/avr/4.3.3/../../../../avr/lib/avr4\libc.a(strnlen_P.o)
 .text          0x00001430        0x0 d:/avr/winavr20100110/bin/../lib/gcc/avr/4.3.3/../../../../avr/lib/avr4\libc.a(strnlen.o)
 .text          0x00001430        0x0 d:/avr/winavr20100110/bin/../lib/gcc/avr/4.3.3/../../../../avr/lib/avr4\libc.a(strrev.o)
 .text          0x00001430        0x0 d:/avr/winavr20100110/bin/../lib/gcc/avr/4.3.3/../../../../avr/lib/avr4\libc.a(fputc.o)
 .text          0x00001430        0x0 d:/avr/winavr20100110/bin/../lib/gcc/avr/4.3.3/../../../../avr/lib/avr4\libc.a(ultoa_invert.o)
 .text          0x00001430        0x0 d:/avr/winavr20100110/bin/../lib/gcc/avr/4.3.3/avr4\libgcc.a(_prologue.o)
 .text          0x00001430        0x0 d:/avr/winavr20100110/bin/../lib/gcc/avr/4.3.3/avr4\libgcc.a(_epilogue.o)
                0x00001430                . = ALIGN (0x2)
 *(.text.*)
 .text.libgcc   0x00001430       0x3e d:/avr/winavr20100110/bin/../lib/gcc/avr/4.3.3/avr4\libgcc.a(_mulsi3.o)
                0x00001430                __mulsi3
 .text.libgcc   0x0000146e       0x26 d:/avr/winavr20100110/bin/../lib/gcc/avr/4.3.3/avr4\libgcc.a(_divmodhi4.o)
                0x0000146e                __divmodhi4
                0x0000146e                _div
 .text.libgcc   0x00001494       0x36 d:/avr/winavr20100110/bin/../lib/gcc/avr/4.3.3/avr4\libgcc.a(_divmodsi4.o)
                0x00001494                __divmodsi4
 .text.libgcc   0x000014ca        0x0 d:/avr/winavr20100110/bin/../lib/gcc/avr/4.3.3/avr4\libgcc.a(_exit.o)
 .text.libgcc   0x000014ca        0x0 d:/avr/winavr20100110/bin/../lib/gcc/avr/4.3.3/avr4\libgcc.a(_copy_data.o)
 .text.libgcc   0x000014ca        0x0 d:/avr/winavr20100110/bin/../lib/gcc/avr/4.3.3/avr4\libgcc.a(_clear_bss.o)
 .text.libgcc   0x000014ca       0x28 d:/avr/winavr20100110/bin/../lib/gcc/avr/4.3.3/avr4\libgcc.a(_udivmodhi4.o)
                0x000014ca                __udivmodhi4
 .text.libgcc   0x000014f2       0x44 d:/avr/winavr20100110/bin/../lib/gcc/avr/4.3.3/avr4\libgcc.a(_udivmodsi4.o)
                0x000014f2                __udivmodsi4
 .text.avr-libc
                0x00001536       0x1e d:/avr/winavr20100110/bin/../lib/gcc/avr/4.3.3/../../../../avr/lib/avr4\libc.a(strncpy_P.o)
                0x00001536                strncpy_P
 .text.avr-libc
                0x00001554       0x3e d:/avr/winavr20100110/bin/../lib/gcc/avr/4.3.3/../../../../avr/lib/avr4\libc.a(itoa.o)
                0x00001554                itoa
 .text.avr-libc
                0x00001592       0x42 d:/avr/winavr20100110/bin/../lib/gcc/avr/4.3.3/../../../../avr/lib/avr4\libc.a(sprintf.o)
                0x00001592                sprintf
 .text.avr-libc
                0x000015d4      0x39c d:/avr/winavr20100110/bin/../lib/gcc/avr/4.3.3/../../../../avr/lib/avr4\libc.a(vfprintf_std.o)
                0x000015d4                vfprintf
 .text.avr-libc
                0x00001970       0x16 d:/avr/winavr20100110/bin/../lib/gcc/avr/4.3.3/../../../../avr/lib/avr4\libc.a(strnlen_P.o)
                0x00001970                strnlen_P
 .text.avr-libc
                0x00001986       0x16 d:/avr/winavr20100110/bin/../lib/gcc/avr/4.3.3/../../../../avr/lib/avr4\libc.a(strnlen.o)
                0x00001986                strnlen
 .text.avr-libc
                0x0000199c       0x20 d:/avr/winavr20100110/bin/../lib/gcc/avr/4.3.3/../../../../avr/lib/avr4\libc.a(strrev.o)
                0x0000199c                strrev
 .text.avr-libc
                0x000019bc       0x58 d:/avr/winavr20100110/bin/../lib/gcc/avr/4.3.3/../../../../avr/lib/avr4\libc.a(fputc.o)
                0x000019bc                fputc
 .text.avr-libc
                0x00001a14       0xbc d:/avr/winavr20100110/bin/../lib/gcc/avr/4.3.3/../../../../avr/lib/avr4\libc.a(ultoa_invert.o)
                0x00001a14                __ultoa_invert
 .text.libgcc   0x00001ad0       0x38 d:/avr/winavr20100110/bin/../lib/gcc/avr/4.3.3/avr4\libgcc.a(_prologue.o)
                0x00001ad0                __prologue_saves__
 .text.libgcc   0x00001b08       0x36 d:/avr/winavr20100110/bin/../lib/gcc/avr/4.3.3/avr4\libgcc.a(_epilogue.o)
                0x00001b08                __epilogue_restores__
                0x00001b3e                . = ALIGN (0x2)
 *(.fini9)
 .fini9         0x00001b3e        0x0 d:/avr/winavr20100110/bin/../lib/gcc/avr/4.3.3/avr4\libgcc.a(_exit.o)
                0x00001b3e                exit
                0x00001b3e                _exit
 *(.fini9)
 *(.fini8)
 *(.fini8)
 *(.fini7)
 *(.fini7)
 *(.fini6)
 *(.fini6)
 *(.fini5)
 *(.fini5)
 *(.fini4)
 *(.fini4)
 *(.fini3)
 *(.fini3)
 *(.fini2)
 *(.fini2)
 *(.fini1)
 *(.fini1)
 *(.fini0)
 .fini0         0x00001b3e        0x4 d:/avr/winavr20100110/bin/../lib/gcc/avr/4.3.3/avr4\libgcc.a(_exit.o)
 *(.fini0)
                0x00001b42                _etext = .

.data           0x00800060       0x36 load address 0x00001b42
                0x00800060                PROVIDE (__data_start, .)
 *(.data)
 .data          0x00800060        0x0 d:/avr/winavr20100110/bin/../lib/gcc/avr/4.3.3/../../../../avr/lib/avr4/crtm8515.o
 .data          0x00800060       0x36 main.o
 .data          0x00800096        0x0 lcd.o
 .data          0x00800096        0x0 d:/avr/winavr20100110/bin/../lib/gcc/avr/4.3.3/avr4\libgcc.a(_mulsi3.o)
 .data          0x00800096        0x0 d:/avr/winavr20100110/bin/../lib/gcc/avr/4.3.3/avr4\libgcc.a(_divmodhi4.o)
 .data          0x00800096        0x0 d:/avr/winavr20100110/bin/../lib/gcc/avr/4.3.3/avr4\libgcc.a(_divmodsi4.o)
 .data          0x00800096        0x0 d:/avr/winavr20100110/bin/../lib/gcc/avr/4.3.3/avr4\libgcc.a(_exit.o)
 .data          0x00800096        0x0 d:/avr/winavr20100110/bin/../lib/gcc/avr/4.3.3/avr4\libgcc.a(_copy_data.o)
 .data          0x00800096        0x0 d:/avr/winavr20100110/bin/../lib/gcc/avr/4.3.3/avr4\libgcc.a(_clear_bss.o)
 .data          0x00800096        0x0 d:/avr/winavr20100110/bin/../lib/gcc/avr/4.3.3/avr4\libgcc.a(_udivmodhi4.o)
 .data          0x00800096        0x0 d:/avr/winavr20100110/bin/../lib/gcc/avr/4.3.3/avr4\libgcc.a(_udivmodsi4.o)
 .data          0x00800096        0x0 d:/avr/winavr20100110/bin/../lib/gcc/avr/4.3.3/../../../../avr/lib/avr4\libc.a(strncpy_P.o)
 .data          0x00800096        0x0 d:/avr/winavr20100110/bin/../lib/gcc/avr/4.3.3/../../../../avr/lib/avr4\libc.a(itoa.o)
 .data          0x00800096        0x0 d:/avr/winavr20100110/bin/../lib/gcc/avr/4.3.3/../../../../avr/lib/avr4\libc.a(sprintf.o)
 .data          0x00800096        0x0 d:/avr/winavr20100110/bin/../lib/gcc/avr/4.3.3/../../../../avr/lib/avr4\libc.a(vfprintf_std.o)
 .data          0x00800096        0x0 d:/avr/winavr20100110/bin/../lib/gcc/avr/4.3.3/../../../../avr/lib/avr4\libc.a(strnlen_P.o)
 .data          0x00800096        0x0 d:/avr/winavr20100110/bin/../lib/gcc/avr/4.3.3/../../../../avr/lib/avr4\libc.a(strnlen.o)
 .data          0x00800096        0x0 d:/avr/winavr20100110/bin/../lib/gcc/avr/4.3.3/../../../../avr/lib/avr4\libc.a(strrev.o)
 .data          0x00800096        0x0 d:/avr/winavr20100110/bin/../lib/gcc/avr/4.3.3/../../../../avr/lib/avr4\libc.a(fputc.o)
 .data          0x00800096        0x0 d:/avr/winavr20100110/bin/../lib/gcc/avr/4.3.3/../../../../avr/lib/avr4\libc.a(ultoa_invert.o)
 .data          0x00800096        0x0 d:/avr/winavr20100110/bin/../lib/gcc/avr/4.3.3/avr4\libgcc.a(_prologue.o)
 .data          0x00800096        0x0 d:/avr/winavr20100110/bin/../lib/gcc/avr/4.3.3/avr4\libgcc.a(_epilogue.o)
 *(.data*)
 *(.rodata)
 *(.rodata*)
 *(.gnu.linkonce.d*)
                0x00800096                . = ALIGN (0x2)
                0x00800096                _edata = .
                0x00800096                PROVIDE (__data_end, .)

.bss            0x00800096       0xc3
                0x00800096                PROVIDE (__bss_start, .)
 *(.bss)
 .bss           0x00800096        0x0 d:/avr/winavr20100110/bin/../lib/gcc/avr/4.3.3/../../../../avr/lib/avr4/crtm8515.o
 .bss           0x00800096       0x26 main.o
                0x008000a0                tsipGPSTIME
                0x00800098                lastgpspkt
                0x0080009b                minorwert
                0x0080009d                minorbit
                0x008000b3                dst
                0x008000b7                mez
                0x0080009e                satcount
                0x0080009a                key
                0x0080009f                newsec
                0x00800096                systime
 .bss           0x008000bc        0x0 lcd.o
 .bss           0x008000bc        0x0 d:/avr/winavr20100110/bin/../lib/gcc/avr/4.3.3/avr4\libgcc.a(_mulsi3.o)
 .bss           0x008000bc        0x0 d:/avr/winavr20100110/bin/../lib/gcc/avr/4.3.3/avr4\libgcc.a(_divmodhi4.o)
 .bss           0x008000bc        0x0 d:/avr/winavr20100110/bin/../lib/gcc/avr/4.3.3/avr4\libgcc.a(_divmodsi4.o)
 .bss           0x008000bc        0x0 d:/avr/winavr20100110/bin/../lib/gcc/avr/4.3.3/avr4\libgcc.a(_exit.o)
 .bss           0x008000bc        0x0 d:/avr/winavr20100110/bin/../lib/gcc/avr/4.3.3/avr4\libgcc.a(_copy_data.o)
 .bss           0x008000bc        0x0 d:/avr/winavr20100110/bin/../lib/gcc/avr/4.3.3/avr4\libgcc.a(_clear_bss.o)
 .bss           0x008000bc        0x0 d:/avr/winavr20100110/bin/../lib/gcc/avr/4.3.3/avr4\libgcc.a(_udivmodhi4.o)
 .bss           0x008000bc        0x0 d:/avr/winavr20100110/bin/../lib/gcc/avr/4.3.3/avr4\libgcc.a(_udivmodsi4.o)
 .bss           0x008000bc        0x0 d:/avr/winavr20100110/bin/../lib/gcc/avr/4.3.3/../../../../avr/lib/avr4\libc.a(strncpy_P.o)
 .bss           0x008000bc        0x0 d:/avr/winavr20100110/bin/../lib/gcc/avr/4.3.3/../../../../avr/lib/avr4\libc.a(itoa.o)
 .bss           0x008000bc        0x0 d:/avr/winavr20100110/bin/../lib/gcc/avr/4.3.3/../../../../avr/lib/avr4\libc.a(sprintf.o)
 .bss           0x008000bc        0x0 d:/avr/winavr20100110/bin/../lib/gcc/avr/4.3.3/../../../../avr/lib/avr4\libc.a(vfprintf_std.o)
 .bss           0x008000bc        0x0 d:/avr/winavr20100110/bin/../lib/gcc/avr/4.3.3/../../../../avr/lib/avr4\libc.a(strnlen_P.o)
 .bss           0x008000bc        0x0 d:/avr/winavr20100110/bin/../lib/gcc/avr/4.3.3/../../../../avr/lib/avr4\libc.a(strnlen.o)
 .bss           0x008000bc        0x0 d:/avr/winavr20100110/bin/../lib/gcc/avr/4.3.3/../../../../avr/lib/avr4\libc.a(strrev.o)
 .bss           0x008000bc        0x0 d:/avr/winavr20100110/bin/../lib/gcc/avr/4.3.3/../../../../avr/lib/avr4\libc.a(fputc.o)
 .bss           0x008000bc        0x0 d:/avr/winavr20100110/bin/../lib/gcc/avr/4.3.3/../../../../avr/lib/avr4\libc.a(ultoa_invert.o)
 .bss           0x008000bc        0x0 d:/avr/winavr20100110/bin/../lib/gcc/avr/4.3.3/avr4\libgcc.a(_prologue.o)
 .bss           0x008000bc        0x0 d:/avr/winavr20100110/bin/../lib/gcc/avr/4.3.3/avr4\libgcc.a(_epilogue.o)
 *(.bss*)
 *(COMMON)
 COMMON         0x008000bc       0x9d main.o
                0x008000bc                tsipSTATUS
                0x008000ca                lcdScreen
                0x008000eb                gpstime
                0x0080010c                gpshealth
                0x0080010e                gps_time
                0x00800110                tsipSATELLITE
                0x00800114                rxBuffer
                0x00800159                PROVIDE (__bss_end, .)
                0x00001b42                __data_load_start = LOADADDR (.data)
                0x00001b78                __data_load_end = (__data_load_start + SIZEOF (.data))

.noinit         0x00800159        0x0
                0x00800159                PROVIDE (__noinit_start, .)
 *(.noinit*)
                0x00800159                PROVIDE (__noinit_end, .)
                0x00800159                _end = .
                0x00800159                PROVIDE (__heap_start, .)

.eeprom         0x00810000        0x0
 *(.eeprom*)
                0x00810000                __eeprom_end = .

.fuse
 *(.fuse)
 *(.lfuse)
 *(.hfuse)
 *(.efuse)

.lock
 *(.lock*)

.signature
 *(.signature*)

.stab
 *(.stab)

.stabstr
 *(.stabstr)

.stab.excl
 *(.stab.excl)

.stab.exclstr
 *(.stab.exclstr)

.stab.index
 *(.stab.index)

.stab.indexstr
 *(.stab.indexstr)

.comment
 *(.comment)

.debug
 *(.debug)

.line
 *(.line)

.debug_srcinfo
 *(.debug_srcinfo)

.debug_sfnames
 *(.debug_sfnames)

.debug_aranges  0x00000000       0x40
 *(.debug_aranges)
 .debug_aranges
                0x00000000       0x20 main.o
 .debug_aranges
                0x00000020       0x20 lcd.o

.debug_pubnames
                0x00000000      0x61b
 *(.debug_pubnames)
 .debug_pubnames
                0x00000000      0x58a main.o
 .debug_pubnames
                0x0000058a       0x91 lcd.o

.debug_info     0x00000000     0x121e
 *(.debug_info)
 .debug_info    0x00000000      0xde6 main.o
 .debug_info    0x00000de6      0x438 lcd.o
 *(.gnu.linkonce.wi.*)

.debug_abbrev   0x00000000      0x4f7
 *(.debug_abbrev)
 .debug_abbrev  0x00000000      0x2c2 main.o
 .debug_abbrev  0x000002c2      0x235 lcd.o

.debug_line     0x00000000      0xdcb
 *(.debug_line)
 .debug_line    0x00000000      0x8db main.o
 .debug_line    0x000008db      0x4f0 lcd.o

.debug_frame    0x00000000      0x1f0
 *(.debug_frame)
 .debug_frame   0x00000000      0x120 main.o
 .debug_frame   0x00000120       0xd0 lcd.o

.debug_str      0x00000000      0x6ac
 *(.debug_str)
 .debug_str     0x00000000      0x5c3 main.o
                                0x610 (size before relaxing)
 .debug_str     0x000005c3       0xe9 lcd.o
                                0x18b (size before relaxing)

.debug_loc      0x00000000      0x7a5
 *(.debug_loc)
 .debug_loc     0x00000000      0x52a main.o
 .debug_loc     0x0000052a      0x27b lcd.o

.debug_macinfo
 *(.debug_macinfo)
OUTPUT(main.elf elf32-avr)
LOAD linker stubs

Cross Reference Table

Symbol                                            File
DateToMjd                                         main.o
GpsToMjd                                          main.o
MjdToDate                                         main.o
__bad_interrupt                                   d:/avr/winavr20100110/bin/../lib/gcc/avr/4.3.3/../../../../avr/lib/avr4/crtm8515.o
__bss_end                                         d:/avr/winavr20100110/bin/../lib/gcc/avr/4.3.3/avr4\libgcc.a(_clear_bss.o)
__bss_start                                       d:/avr/winavr20100110/bin/../lib/gcc/avr/4.3.3/avr4\libgcc.a(_clear_bss.o)
__data_end                                        d:/avr/winavr20100110/bin/../lib/gcc/avr/4.3.3/avr4\libgcc.a(_copy_data.o)
__data_load_start                                 d:/avr/winavr20100110/bin/../lib/gcc/avr/4.3.3/avr4\libgcc.a(_copy_data.o)
__data_start                                      d:/avr/winavr20100110/bin/../lib/gcc/avr/4.3.3/avr4\libgcc.a(_copy_data.o)
__divmodhi4                                       d:/avr/winavr20100110/bin/../lib/gcc/avr/4.3.3/avr4\libgcc.a(_divmodhi4.o)
                                                  main.o
__divmodsi4                                       d:/avr/winavr20100110/bin/../lib/gcc/avr/4.3.3/avr4\libgcc.a(_divmodsi4.o)
                                                  main.o
__do_clear_bss                                    d:/avr/winavr20100110/bin/../lib/gcc/avr/4.3.3/avr4\libgcc.a(_clear_bss.o)
                                                  main.o
__do_copy_data                                    d:/avr/winavr20100110/bin/../lib/gcc/avr/4.3.3/avr4\libgcc.a(_copy_data.o)
                                                  main.o
__epilogue_restores__                             d:/avr/winavr20100110/bin/../lib/gcc/avr/4.3.3/avr4\libgcc.a(_epilogue.o)
                                                  d:/avr/winavr20100110/bin/../lib/gcc/avr/4.3.3/../../../../avr/lib/avr4\libc.a(vfprintf_std.o)
                                                  d:/avr/winavr20100110/bin/../lib/gcc/avr/4.3.3/../../../../avr/lib/avr4\libc.a(sprintf.o)
__heap_end                                        d:/avr/winavr20100110/bin/../lib/gcc/avr/4.3.3/../../../../avr/lib/avr4/crtm8515.o
__init                                            d:/avr/winavr20100110/bin/../lib/gcc/avr/4.3.3/../../../../avr/lib/avr4/crtm8515.o
__mulsi3                                          d:/avr/winavr20100110/bin/../lib/gcc/avr/4.3.3/avr4\libgcc.a(_mulsi3.o)
                                                  main.o
__prologue_saves__                                d:/avr/winavr20100110/bin/../lib/gcc/avr/4.3.3/avr4\libgcc.a(_prologue.o)
                                                  d:/avr/winavr20100110/bin/../lib/gcc/avr/4.3.3/../../../../avr/lib/avr4\libc.a(vfprintf_std.o)
                                                  d:/avr/winavr20100110/bin/../lib/gcc/avr/4.3.3/../../../../avr/lib/avr4\libc.a(sprintf.o)
__stack                                           d:/avr/winavr20100110/bin/../lib/gcc/avr/4.3.3/../../../../avr/lib/avr4/crtm8515.o
__udivmodhi4                                      d:/avr/winavr20100110/bin/../lib/gcc/avr/4.3.3/avr4\libgcc.a(_udivmodhi4.o)
                                                  d:/avr/winavr20100110/bin/../lib/gcc/avr/4.3.3/../../../../avr/lib/avr4\libc.a(itoa.o)
                                                  d:/avr/winavr20100110/bin/../lib/gcc/avr/4.3.3/avr4\libgcc.a(_divmodhi4.o)
__udivmodsi4                                      d:/avr/winavr20100110/bin/../lib/gcc/avr/4.3.3/avr4\libgcc.a(_udivmodsi4.o)
                                                  d:/avr/winavr20100110/bin/../lib/gcc/avr/4.3.3/avr4\libgcc.a(_divmodsi4.o)
__ultoa_invert                                    d:/avr/winavr20100110/bin/../lib/gcc/avr/4.3.3/../../../../avr/lib/avr4\libc.a(ultoa_invert.o)
                                                  d:/avr/winavr20100110/bin/../lib/gcc/avr/4.3.3/../../../../avr/lib/avr4\libc.a(vfprintf_std.o)
__vector_1                                        main.o
                                                  d:/avr/winavr20100110/bin/../lib/gcc/avr/4.3.3/../../../../avr/lib/avr4/crtm8515.o
__vector_10                                       main.o
                                                  d:/avr/winavr20100110/bin/../lib/gcc/avr/4.3.3/../../../../avr/lib/avr4/crtm8515.o
__vector_11                                       d:/avr/winavr20100110/bin/../lib/gcc/avr/4.3.3/../../../../avr/lib/avr4/crtm8515.o
__vector_12                                       d:/avr/winavr20100110/bin/../lib/gcc/avr/4.3.3/../../../../avr/lib/avr4/crtm8515.o
__vector_13                                       d:/avr/winavr20100110/bin/../lib/gcc/avr/4.3.3/../../../../avr/lib/avr4/crtm8515.o
__vector_14                                       d:/avr/winavr20100110/bin/../lib/gcc/avr/4.3.3/../../../../avr/lib/avr4/crtm8515.o
__vector_15                                       d:/avr/winavr20100110/bin/../lib/gcc/avr/4.3.3/../../../../avr/lib/avr4/crtm8515.o
__vector_16                                       d:/avr/winavr20100110/bin/../lib/gcc/avr/4.3.3/../../../../avr/lib/avr4/crtm8515.o
__vector_2                                        d:/avr/winavr20100110/bin/../lib/gcc/avr/4.3.3/../../../../avr/lib/avr4/crtm8515.o
__vector_3                                        d:/avr/winavr20100110/bin/../lib/gcc/avr/4.3.3/../../../../avr/lib/avr4/crtm8515.o
__vector_4                                        d:/avr/winavr20100110/bin/../lib/gcc/avr/4.3.3/../../../../avr/lib/avr4/crtm8515.o
__vector_5                                        d:/avr/winavr20100110/bin/../lib/gcc/avr/4.3.3/../../../../avr/lib/avr4/crtm8515.o
__vector_6                                        main.o
                                                  d:/avr/winavr20100110/bin/../lib/gcc/avr/4.3.3/../../../../avr/lib/avr4/crtm8515.o
__vector_7                                        main.o
                                                  d:/avr/winavr20100110/bin/../lib/gcc/avr/4.3.3/../../../../avr/lib/avr4/crtm8515.o
__vector_8                                        d:/avr/winavr20100110/bin/../lib/gcc/avr/4.3.3/../../../../avr/lib/avr4/crtm8515.o
__vector_9                                        main.o
                                                  d:/avr/winavr20100110/bin/../lib/gcc/avr/4.3.3/../../../../avr/lib/avr4/crtm8515.o
__vector_default                                  d:/avr/winavr20100110/bin/../lib/gcc/avr/4.3.3/../../../../avr/lib/avr4/crtm8515.o
__vectors                                         d:/avr/winavr20100110/bin/../lib/gcc/avr/4.3.3/../../../../avr/lib/avr4/crtm8515.o
_div                                              d:/avr/winavr20100110/bin/../lib/gcc/avr/4.3.3/avr4\libgcc.a(_divmodhi4.o)
_exit                                             d:/avr/winavr20100110/bin/../lib/gcc/avr/4.3.3/avr4\libgcc.a(_exit.o)
criticalalarm                                     main.o
decodingactivity0                                 main.o
decodingactivity1                                 main.o
decodingactivity2                                 main.o
decodingactivity3                                 main.o
decodingactivity4                                 main.o
decodingactivity5                                 main.o
decodingactivity6                                 main.o
decodingactivity7                                 main.o
decodingactivity8                                 main.o
decodingactivity9                                 main.o
decodingactivityu                                 main.o
decodingmalarm0                                   main.o
decodingmalarm1                                   main.o
decodingmalarm10                                  main.o
decodingmalarm11                                  main.o
decodingmalarm12                                  main.o
decodingmalarm2                                   main.o
decodingmalarm3                                   main.o
decodingmalarm4                                   main.o
decodingmalarm5                                   main.o
decodingmalarm6                                   main.o
decodingmalarm7                                   main.o
decodingmalarm8                                   main.o
decodingmalarm9                                   main.o
decodingmalarmu                                   main.o
decodingstatus0                                   main.o
decodingstatus1                                   main.o
decodingstatus10                                  main.o
decodingstatus11                                  main.o
decodingstatus12                                  main.o
decodingstatus16                                  main.o
decodingstatus2                                   main.o
decodingstatus3                                   main.o
decodingstatus8                                   main.o
decodingstatus9                                   main.o
decodingstatusu                                   main.o
disciplinmode0                                    main.o
disciplinmode1                                    main.o
disciplinmode2                                    main.o
disciplinmode3                                    main.o
disciplinmode4                                    main.o
disciplinmode5                                    main.o
disciplinmode6                                    main.o
disciplinmodeu                                    main.o
dow                                               main.o
dst                                               main.o
exit                                              d:/avr/winavr20100110/bin/../lib/gcc/avr/4.3.3/avr4\libgcc.a(_exit.o)
                                                  d:/avr/winavr20100110/bin/../lib/gcc/avr/4.3.3/../../../../avr/lib/avr4/crtm8515.o
fputc                                             d:/avr/winavr20100110/bin/../lib/gcc/avr/4.3.3/../../../../avr/lib/avr4\libc.a(fputc.o)
                                                  d:/avr/winavr20100110/bin/../lib/gcc/avr/4.3.3/../../../../avr/lib/avr4\libc.a(vfprintf_std.o)
gps_time                                          main.o
gpshealth                                         main.o
gpstime                                           main.o
hwinit                                            main.o
itoa                                              d:/avr/winavr20100110/bin/../lib/gcc/avr/4.3.3/../../../../avr/lib/avr4\libc.a(itoa.o)
                                                  main.o
key                                               main.o
lastgpspkt                                        main.o
lcdScreen                                         main.o
lcd_clrscr                                        lcd.o
                                                  main.o
lcd_command                                       lcd.o
lcd_getxy                                         lcd.o
lcd_gotoxy                                        lcd.o
                                                  main.o
lcd_home                                          lcd.o
lcd_init                                          lcd.o
                                                  main.o
lcd_putc                                          lcd.o
lcd_puts                                          lcd.o
                                                  main.o
lcd_puts_p                                        lcd.o
                                                  main.o
main                                              main.o
                                                  d:/avr/winavr20100110/bin/../lib/gcc/avr/4.3.3/../../../../avr/lib/avr4/crtm8515.o
mez                                               main.o
minorbit                                          main.o
minorwert                                         main.o
months                                            main.o
newsec                                            main.o
rxBuffer                                          main.o
satcount                                          main.o
sprintf                                           d:/avr/winavr20100110/bin/../lib/gcc/avr/4.3.3/../../../../avr/lib/avr4\libc.a(sprintf.o)
                                                  main.o
strncpy_P                                         d:/avr/winavr20100110/bin/../lib/gcc/avr/4.3.3/../../../../avr/lib/avr4\libc.a(strncpy_P.o)
                                                  main.o
strnlen                                           d:/avr/winavr20100110/bin/../lib/gcc/avr/4.3.3/../../../../avr/lib/avr4\libc.a(strnlen.o)
                                                  d:/avr/winavr20100110/bin/../lib/gcc/avr/4.3.3/../../../../avr/lib/avr4\libc.a(vfprintf_std.o)
strnlen_P                                         d:/avr/winavr20100110/bin/../lib/gcc/avr/4.3.3/../../../../avr/lib/avr4\libc.a(strnlen_P.o)
                                                  d:/avr/winavr20100110/bin/../lib/gcc/avr/4.3.3/../../../../avr/lib/avr4\libc.a(vfprintf_std.o)
strrev                                            d:/avr/winavr20100110/bin/../lib/gcc/avr/4.3.3/../../../../avr/lib/avr4\libc.a(strrev.o)
                                                  d:/avr/winavr20100110/bin/../lib/gcc/avr/4.3.3/../../../../avr/lib/avr4\libc.a(itoa.o)
swap_uint16                                       main.o
swap_uint32                                       main.o
systime                                           main.o
time                                              main.o
tsipDecodeGPSTIME                                 main.o
tsipDecodeSATELLITE                               main.o
tsipDecodeSTATUS                                  main.o
tsipGPSTIME                                       main.o
tsipSATELLITE                                     main.o
tsipSTATUS                                        main.o
vfprintf                                          d:/avr/winavr20100110/bin/../lib/gcc/avr/4.3.3/../../../../avr/lib/avr4\libc.a(vfprintf_std.o)
                                                  d:/avr/winavr20100110/bin/../lib/gcc/avr/4.3.3/../../../../avr/lib/avr4\libc.a(sprintf.o)
