
Hexadecimal

Area                               Addr   Size   Decimal Bytes (Attributes)
--------------------------------   ----   ----   ------- ----- ------------
.  .ABS.                           0000   0000 =      0. bytes (ABS,CON)

      Value  Global
   --------  --------------------------------
     0000    l_BIT_BANK
     0000    l_GSINIT1
     0000    l_GSINIT5
     0000    l_ISEG
     0000    l_PSEG
     0000    l_REG_BANK_1
     0000    l_REG_BANK_3
     0000    l_RSEG
     0000    l__CODE
     0000    s_BSEG
     0000    s_DSEG
     0000    s_HOME
     0000    s_PSEG
     0000    s_REG_BANK_0
     0000    s_XSEG
     0000    s__CODE
     0001    l_XINIT
     0001    l_XISEG
     0002    l_BSEG_BYTES
     0003    l_GSFINAL
     0003    l_GSINIT0
     0006    l_OSEG
     0008    l_REG_BANK_0
     0008    l_REG_BANK_2
     0008    s_REG_BANK_1
     000A    l_GSINIT2
     000B    l_BSEG
     000C    l_GSINIT
     0010    s_REG_BANK_2
     0018    s_REG_BANK_3
     0020    s_BSEG_BYTES
     0022    l_GSINIT3
     0022    s_BIT_BANK
     002A    l_GSINIT4
     0041    s_OSEG
     0047    s_RSEG
     0047    s_SSEG
     0076    l_HOME
     0076    s_GSINIT0
     0079    s_GSINIT1
     0079    s_GSINIT2
     007C    l_DSEG
     0080    G$P0$0$0
     0080    G$P0_0$0$0
     0080    _P0
     0080    _P0_0
     0080    s_ISEG
     0081    G$P0_1$0$0
     0081    G$SP$0$0
     0081    _P0_1
     0081    _SP
     0082    G$DPL$0$0
     0082    G$P0_2$0$0
     0082    _DPL
     0082    _P0_2
     0083    G$DPH$0$0
     0083    G$P0_3$0$0
     0083    _DPH
     0083    _P0_3
     0083    s_GSINIT3
     0084    G$P0_4$0$0
     0084    _P0_4
     0085    G$P0_5$0$0
     0085    _P0_5
     0086    G$P0_6$0$0
     0086    _P0_6
     0087    G$P0_7$0$0
     0087    G$PCON$0$0
     0087    _P0_7
     0087    _PCON
     0088    G$IT0$0$0
     0088    G$TCON$0$0
     0088    _IT0
     0088    _TCON
     0089    G$IE0$0$0
     0089    G$TMOD$0$0
     0089    _IE0
     0089    _TMOD
     008A    G$IT1$0$0
     008A    G$TL0$0$0
     008A    _IT1
     008A    _TL0
     008B    G$IE1$0$0
     008B    G$TL1$0$0
     008B    _IE1
     008B    _TL1
     008C    G$TH0$0$0
     008C    G$TR0$0$0
     008C    _TH0
     008C    _TR0
     008D    G$TF0$0$0
     008D    G$TH1$0$0
     008D    _TF0
     008D    _TH1
     008E    G$CKCON$0$0
     008E    G$TR1$0$0
     008E    _CKCON
     008E    _TR1
     008F    G$PSCTL$0$0
     008F    G$TF1$0$0
     008F    _PSCTL
     008F    _TF1
     0090    G$P1$0$0
     0090    G$P1_0$0$0
     0090    _P1
     0090    _P1_0
     0091    G$P1_1$0$0
     0091    G$TMR3CN$0$0
     0091    _P1_1
     0091    _TMR3CN
     0092    G$P1_2$0$0
     0092    G$TMR3RLL$0$0
     0092    _P1_2
     0092    _TMR3RLL
     0093    G$P1_3$0$0
     0093    G$TMR3RLH$0$0
     0093    _P1_3
     0093    _TMR3RLH
     0094    G$P1_4$0$0
     0094    G$TMR3L$0$0
     0094    _P1_4
     0094    _TMR3L
     0095    G$P1_5$0$0
     0095    G$TMR3H$0$0
     0095    _P1_5
     0095    _TMR3H
     0096    G$IDA0L$0$0
     0096    G$P1_6$0$0
     0096    _IDA0L
     0096    _P1_6
     0097    G$IDA0H$0$0
     0097    G$P1_7$0$0
     0097    _IDA0H
     0097    _P1_7
     0098    G$RI$0$0
     0098    G$RI0$0$0
     0098    G$SCON$0$0
     0098    G$SCON0$0$0
     0098    _RI
     0098    _RI0
     0098    _SCON
     0098    _SCON0
     0099    G$SBUF$0$0
     0099    G$SBUF0$0$0
     0099    G$TI$0$0
     0099    G$TI0$0$0
     0099    _SBUF
     0099    _SBUF0
     0099    _TI
     0099    _TI0
     009A    G$RB8$0$0
     009A    G$RB80$0$0
     009A    _RB8
     009A    _RB80
     009B    G$CPT0CN$0$0
     009B    G$TB8$0$0
     009B    G$TB80$0$0
     009B    _CPT0CN
     009B    _TB8
     009B    _TB80
     009C    G$REN$0$0
     009C    G$REN0$0$0
     009C    _REN
     009C    _REN0
     009D    G$CPT0MD$0$0
     009D    G$MCE0$0$0
     009D    G$SM2$0$0
     009D    _CPT0MD
     009D    _MCE0
     009D    _SM2
     009F    G$CPT0MX$0$0
     009F    G$S0MODE$0$0
     009F    G$SM0$0$0
     009F    _CPT0MX
     009F    _S0MODE
     009F    _SM0
     00A0    G$P2$0$0
     00A0    G$P2_0$0$0
     00A0    _P2
     00A0    _P2_0
     00A1    G$P2_1$0$0
     00A1    G$SPI0CFG$0$0
     00A1    _P2_1
     00A1    _SPI0CFG
     00A2    G$P2_2$0$0
     00A2    G$SPI0CKR$0$0
     00A2    _P2_2
     00A2    _SPI0CKR
     00A3    G$P2_3$0$0
     00A3    G$SPI0DAT$0$0
     00A3    _P2_3
     00A3    _SPI0DAT
     00A4    G$P0MDOUT$0$0
     00A4    G$P2_4$0$0
     00A4    _P0MDOUT
     00A4    _P2_4
     00A5    G$P1MDOUT$0$0
     00A5    G$P2_5$0$0
     00A5    _P1MDOUT
     00A5    _P2_5
     00A5    s_GSINIT4
     00A6    G$P2MDOUT$0$0
     00A6    G$P2_6$0$0
     00A6    _P2MDOUT
     00A6    _P2_6
     00A7    G$P2_7$0$0
     00A7    _P2_7
     00A8    G$EX0$0$0
     00A8    G$IE$0$0
     00A8    _EX0
     00A8    _IE
     00A9    G$CLKSEL$0$0
     00A9    G$ET0$0$0
     00A9    _CLKSEL
     00A9    _ET0
     00AA    G$EMI0CN$0$0
     00AA    G$EX1$0$0
     00AA    G$_XPAGE$0$0
     00AA    _EMI0CN
     00AA    _EX1
     00AA    __XPAGE
     00AB    G$ET1$0$0
     00AB    _ET1
     00AC    G$ES$0$0
     00AC    G$ES0$0$0
     00AC    _ES
     00AC    _ES0
     00AD    G$ET2$0$0
     00AD    _ET2
     00AE    G$ESPI0$0$0
     00AE    _ESPI0
     00AF    G$EA$0$0
     00AF    _EA
     00B1    G$OSCXCN$0$0
     00B1    _OSCXCN
     00B2    G$OSCICN$0$0
     00B2    _OSCICN
     00B3    G$OSCICL$0$0
     00B3    _OSCICL
     00B6    G$FLSCL$0$0
     00B6    _FLSCL
     00B7    G$FLKEY$0$0
     00B7    _FLKEY
     00B8    G$IP$0$0
     00B8    G$PX0$0$0
     00B8    _IP
     00B8    _PX0
     00B9    G$IDA0CN$0$0
     00B9    G$PT0$0$0
     00B9    _IDA0CN
     00B9    _PT0
     00B9    l_SSEG
     00BA    G$AMX0N$0$0
     00BA    G$PX1$0$0
     00BA    _AMX0N
     00BA    _PX1
     00BB    G$AMX0P$0$0
     00BB    G$PT1$0$0
     00BB    _AMX0P
     00BB    _PT1
     00BC    G$ADC0CF$0$0
     00BC    G$PS$0$0
     00BC    G$PS0$0$0
     00BC    _ADC0CF
     00BC    _PS
     00BC    _PS0
     00BD    G$ADC0L$0$0
     00BD    G$PT2$0$0
     00BD    _ADC0L
     00BD    _PT2
     00BD    l_XSEG
     00BD    s_XISEG
     00BE    G$ADC0H$0$0
     00BE    G$PSPI0$0$0
     00BE    _ADC0H
     00BE    _PSPI0
     00C0    G$SI$0$0
     00C0    G$SMB0CN$0$0
     00C0    _SI
     00C0    _SMB0CN
     00C1    G$ACK$0$0
     00C1    G$SMB0CF$0$0
     00C1    _ACK
     00C1    _SMB0CF
     00C2    G$ARBLOST$0$0
     00C2    G$SMB0DAT$0$0
     00C2    _ARBLOST
     00C2    _SMB0DAT
     00C3    G$ACKRQ$0$0
     00C3    G$ADC0GTL$0$0
     00C3    _ACKRQ
     00C3    _ADC0GTL
     00C4    G$ADC0GTH$0$0
     00C4    G$STO$0$0
     00C4    _ADC0GTH
     00C4    _STO
     00C5    G$ADC0LTL$0$0
     00C5    G$STA$0$0
     00C5    _ADC0LTL
     00C5    _STA
     00C6    G$ADC0LTH$0$0
     00C6    G$TXMODE$0$0
     00C6    _ADC0LTH
     00C6    _TXMODE
     00C7    G$MASTER$0$0
     00C7    _MASTER
     00C8    G$T2CON$0$0
     00C8    G$T2XCLK$0$0
     00C8    G$TMR2CN$0$0
     00C8    _T2CON
     00C8    _T2XCLK
     00C8    _TMR2CN
     00CA    G$RCAP2L$0$0
     00CA    G$TMR2RLL$0$0
     00CA    G$TR2$0$0
     00CA    _RCAP2L
     00CA    _TMR2RLL
     00CA    _TR2
     00CB    G$RCAP2H$0$0
     00CB    G$T2SPLIT$0$0
     00CB    G$TMR2RLH$0$0
     00CB    _RCAP2H
     00CB    _T2SPLIT
     00CB    _TMR2RLH
     00CC    G$TL2$0$0
     00CC    G$TMR2L$0$0
     00CC    _TL2
     00CC    _TMR2L
     00CD    G$TF2CEN$0$0
     00CD    G$TF2LEN$0$0
     00CD    G$TH2$0$0
     00CD    G$TMR2H$0$0
     00CD    _TF2CEN
     00CD    _TF2LEN
     00CD    _TH2
     00CD    _TMR2H
     00CE    G$TF2L$0$0
     00CE    _TF2L
     00CF    G$TF2$0$0
     00CF    G$TF2H$0$0
     00CF    _TF2
     00CF    _TF2H
     00CF    s_GSINIT
     00CF    s_GSINIT5
     00D0    G$PARITY$0$0
     00D0    G$PSW$0$0
     00D0    _PARITY
     00D0    _PSW
     00D1    G$F1$0$0
     00D1    G$REF0CN$0$0
     00D1    _F1
     00D1    _REF0CN
     00D2    G$OV$0$0
     00D2    _OV
     00D3    G$RS0$0$0
     00D3    _RS0
     00D4    G$P0SKIP$0$0
     00D4    G$RS1$0$0
     00D4    _P0SKIP
     00D4    _RS1
     00D5    G$F0$0$0
     00D5    G$P1SKIP$0$0
     00D5    _F0
     00D5    _P1SKIP
     00D6    G$AC$0$0
     00D6    _AC
     00D7    G$CY$0$0
     00D7    _CY
     00D8    G$CCF0$0$0
     00D8    G$PCA0CN$0$0
     00D8    _CCF0
     00D8    _PCA0CN
     00D9    G$CCF1$0$0
     00D9    G$PCA0MD$0$0
     00D9    _CCF1
     00D9    _PCA0MD
     00DA    G$CCF2$0$0
     00DA    G$PCA0CPM0$0$0
     00DA    _CCF2
     00DA    _PCA0CPM0
     00DB    G$PCA0CPM1$0$0
     00DB    _PCA0CPM1
     00DB    s_GSFINAL
     00DC    G$PCA0CPM2$0$0
     00DC    _PCA0CPM2
     00DE    G$CR$0$0
     00DE    _CR
     00DE    s_CSEG
     00DF    G$CF$0$0
     00DF    _CF
     00E0    G$ACC$0$0
     00E0    _ACC
     00E1    G$XBR0$0$0
     00E1    _XBR0
     00E2    G$XBR1$0$0
     00E2    _XBR1
     00E3    G$OSCLCN$0$0
     00E3    _OSCLCN
     00E4    G$INT01CF$0$0
     00E4    G$IT01CF$0$0
     00E4    _INT01CF
     00E4    _IT01CF
     00E6    G$EIE1$0$0
     00E6    _EIE1
     00E8    G$AD0CM0$0$0
     00E8    G$ADC0CN$0$0
     00E8    _AD0CM0
     00E8    _ADC0CN
     00E9    G$AD0CM1$0$0
     00E9    G$PCA0CPL1$0$0
     00E9    _AD0CM1
     00E9    _PCA0CPL1
     00EA    G$AD0CM2$0$0
     00EA    G$PCA0CPH1$0$0
     00EA    _AD0CM2
     00EA    _PCA0CPH1
     00EB    G$AD0WINT$0$0
     00EB    G$PCA0CPL2$0$0
     00EB    _AD0WINT
     00EB    _PCA0CPL2
     00EC    G$AD0BUSY$0$0
     00EC    G$PCA0CPH2$0$0
     00EC    _AD0BUSY
     00EC    _PCA0CPH2
     00ED    G$AD0INT$0$0
     00ED    _AD0INT
     00EE    G$AD0TM$0$0
     00EE    _AD0TM
     00EF    G$AD0EN$0$0
     00EF    G$RSTSRC$0$0
     00EF    _AD0EN
     00EF    _RSTSRC
     00F0    G$B$0$0
     00F0    _B
     00F1    G$P0MDIN$0$0
     00F1    G$P0MODE$0$0
     00F1    _P0MDIN
     00F1    _P0MODE
     00F2    G$P1MDIN$0$0
     00F2    G$P1MODE$0$0
     00F2    _P1MDIN
     00F2    _P1MODE
     00F5    _B_5
     00F6    G$EIP1$0$0
     00F6    _B_6
     00F6    _EIP1
     00F7    _B_7
     00F8    G$SPI0CN$0$0
     00F8    G$SPIEN$0$0
     00F8    _SPI0CN
     00F8    _SPIEN
     00F9    G$PCA0L$0$0
     00F9    G$TXBMT$0$0
     00F9    _PCA0L
     00F9    _TXBMT
     00FA    G$NSSMD0$0$0
     00FA    G$PCA0H$0$0
     00FA    _NSSMD0
     00FA    _PCA0H
     00FB    G$NSSMD1$0$0
     00FB    G$PCA0CPL0$0$0
     00FB    _NSSMD1
     00FB    _PCA0CPL0
     00FC    G$PCA0CPH0$0$0
     00FC    G$RXOVRN$0$0
     00FC    _PCA0CPH0
     00FC    _RXOVRN
     00FD    G$MODF$0$0
     00FD    _MODF
     00FE    G$WCOL$0$0
     00FE    _WCOL
     00FF    G$SPIF$0$0
     00FF    G$VDM0CN$0$0
     00FF    _SPIF
     00FF    _VDM0CN
     0100    l_IRAM
     0443    l_CONST
     1154    l_CSEG
     1232    s_CONST
     1675    s_XINIT
     8C8A    G$TMR0$0$0
     8C8A    _TMR0
     8D8B    G$TMR1$0$0
     8D8B    _TMR1
     9392    G$TMR3RL$0$0
     9392    _TMR3RL
     9594    G$TMR3$0$0
     9594    _TMR3
     9796    G$IDA0$0$0
     9796    _IDA0
     BEBD    G$ADC0$0$0
     BEBD    _ADC0
     C4C3    G$ADC0GT$0$0
     C4C3    _ADC0GT
     C6C5    G$ADC0LT$0$0
     C6C5    _ADC0LT
     CBCA    G$RCAP2$0$0
     CBCA    G$TMR2RL$0$0
     CBCA    _RCAP2
     CBCA    _TMR2RL
     CDCC    G$TMR2$0$0
     CDCC    _TMR2
     EAE9    G$PCA0CP1$0$0
     EAE9    _PCA0CP1
     ECEB    G$PCA0CP2$0$0
     ECEB    _PCA0CP2
     FAF9    G$PCA0$0$0
     FAF9    _PCA0
     FCFB    G$PCA0CP0$0$0
     FCFB    _PCA0CP0

Hexadecimal

Area                               Addr   Size   Decimal Bytes (Attributes)
--------------------------------   ----   ----   ------- ----- ------------
_CODE                              0000   0000 =      0. bytes (REL,CON)

Hexadecimal

Area                               Addr   Size   Decimal Bytes (Attributes)
--------------------------------   ----   ----   ------- ----- ------------
REG_BANK_0                         0000   0008 =      8. bytes (REL,OVR)

Hexadecimal

Area                               Addr   Size   Decimal Bytes (Attributes)
--------------------------------   ----   ----   ------- ----- ------------
REG_BANK_1                         0008   0000 =      0. bytes (REL,OVR)

Hexadecimal

Area                               Addr   Size   Decimal Bytes (Attributes)
--------------------------------   ----   ----   ------- ----- ------------
REG_BANK_2                         0010   0008 =      8. bytes (REL,OVR)

Hexadecimal

Area                               Addr   Size   Decimal Bytes (Attributes)
--------------------------------   ----   ----   ------- ----- ------------
REG_BANK_3                         0018   0000 =      0. bytes (REL,OVR)

Hexadecimal

Area                               Addr   Size   Decimal Bits  (Attributes)
--------------------------------   ----   ----   ------- ----- ------------
BSEG                               0000   000B =     11. bits  (REL,CON,BIT)

      Value  Global
   --------  --------------------------------
  0B:0000    G$Rx_Pending$0$0
  0B:0000    _Rx_Pending
  0B:0001    G$Tx_In_Progress$0$0
  0B:0001    _Tx_In_Progress
  0B:0002    G$switch2$0$0
  0B:0002    _switch2
  0B:0003    G$switch1$0$0
  0B:0003    _switch1
  0B:0004    G$func2$0$0
  0B:0004    _func2
  0B:0005    G$func1$0$0
  0B:0005    _func1
  0B:0006    G$err1$0$0
  0B:0006    _err1
  0B:0007    LSioIntService$bEvenDLE$1$1
  0B:0008    LSupplementalTiming$b$1$1
  0B:0009    LSupplementalTiming$c$1$1
  0B:000A    LWaitLCD$bi$1$1

Hexadecimal

Area                               Addr   Size   Decimal Bytes (Attributes)
--------------------------------   ----   ----   ------- ----- ------------
BSEG_BYTES                         0020   0002 =      2. bytes (REL,CON)

Hexadecimal

Area                               Addr   Size   Decimal Bytes (Attributes)
--------------------------------   ----   ----   ------- ----- ------------
BIT_BANK                           0022   0000 =      0. bytes (REL,OVR)

Hexadecimal

Area                               Addr   Size   Decimal Bytes (Attributes)
--------------------------------   ----   ----   ------- ----- ------------
DSEG                               0000   007C =    124. bytes (REL,CON)

      Value  Global
   --------  --------------------------------
     0008    LprintLCD$chr_ptr$1$1
     0008    _printLCD_PARM_2
     000A    LprintLCD$offset$1$1
     000A    _printLCD_PARM_3
     000B    LprintCode2LCD$chr_ptr$1$1
     000B    _printCode2LCD_PARM_2
     000D    LprintCode2LCD$offset$1$1
     000D    _printCode2LCD_PARM_3
     0018    LAsciiToUnsigned$p_int$1$1
     0018    _AsciiToUnsigned_PARM_2
     001B    LUnsignedToAscii$pbuf$1$1
     001B    _UnsignedToAscii_PARM_2
     001D    LUnsignedToAscii$nbdigits$1$1
     001D    _UnsignedToAscii_PARM_3
     0022    G$Timer$0$0
     0022    _Timer
     002B    FTSIPMon$TxRx_State$0$0
     002C    FTSIPMon$TxRx_Count$0$0
     002D    G$ticks$0$0
     002D    _ticks
     002F    FTSIPMon$p_TxRx_Buf$0$0
     0031    LPrimaryTiming$yr$1$1
     0033    LSupplementalTiming$mode$1$1
     0034    LSupplementalTiming$RxBuf$1$1
     0036    LSupplementalTiming$temp$1$1
     003A    LSupplementalTiming$val$1$1
     003B    LSupplementalTiming$fval$1$1
     003D    LSupplementalTiming$sloc1$1$0

Hexadecimal

Area                               Addr   Size   Decimal Bytes (Attributes)
--------------------------------   ----   ----   ------- ----- ------------
OSEG                               0041   0006 =      6. bytes (REL,OVR)

      Value  Global
   --------  --------------------------------
     000E    LTimerStart$num_ticks$1$1
     000E    _TimerStart_PARM_2
     0041    LFault_Msg_Query$buf$1$1
     0041    _Fault_Msg_Query_PARM_2
     0041    __divsint_PARM_2
     0041    __divuint_PARM_2
     0041    __gptrput_PARM_2
     0041    __mulint_PARM_2
     0041    _strcpy_PARM_2
     0043    LFault_Msg_Query$msg$1$1
     0043    _Fault_Msg_Query_PARM_3
     0044    _strcpy_d_1_1

Hexadecimal

Area                               Addr   Size   Decimal Bytes (Attributes)
--------------------------------   ----   ----   ------- ----- ------------
ISEG                               0080   0000 =      0. bytes (REL,CON)

Hexadecimal

Area                               Addr   Size   Decimal Bytes (Attributes)
--------------------------------   ----   ----   ------- ----- ------------
SSEG                               0047   00B9 =    185. bytes (REL,OVR)

      Value  Global
   --------  --------------------------------
     0047    __start__stack

Hexadecimal

Area                               Addr   Size   Decimal Bytes (Attributes)
--------------------------------   ----   ----   ------- ----- ------------
RSEG                               0047   0000 =      0. bytes (REL,CON)

Hexadecimal

Area                               Addr   Size   Decimal Bytes (Attributes)
--------------------------------   ----   ----   ------- ----- ------------
PSEG                               0000   0000 =      0. bytes (REL,CON,PAG,XDATA)

Hexadecimal

Area                               Addr   Size   Decimal Bytes (Attributes)
--------------------------------   ----   ----   ------- ----- ------------
XSEG                               0000   00BD =    189. bytes (REL,CON,XDATA)

      Value  Global
   --------  --------------------------------
  0D:0000    G$Alarms$0$0
  0D:0000    _Alarms
  0D:0002    G$lcdbuf$0$0
  0D:0002    _lcdbuf
  0D:0013    G$TxRxBuf$0$0
  0D:0013    _TxRxBuf
  0D:0068    LProcessRxMsg$pBuf$1$1

Hexadecimal

Area                               Addr   Size   Decimal Bytes (Attributes)
--------------------------------   ----   ----   ------- ----- ------------
XISEG                              00BD   0001 =      1. bytes (REL,CON,XDATA)

      Value  Global
   --------  --------------------------------
  0D:00BD    FExtdebug$fault_query_ndx$0$0

Hexadecimal

Area                               Addr   Size   Decimal Bytes (Attributes)
--------------------------------   ----   ----   ------- ----- ------------
HOME                               0000   0076 =    118. bytes (REL,CON,CODE)

      Value  Global
   --------  --------------------------------
  0C:0000    A$TSIPMon$883
  0C:0003    A$TSIPMon$884
  0C:000B    A$TSIPMon$886
  0C:0013    A$TSIPMon$888
  0C:001B    A$TSIPMon$890
  0C:0023    A$TSIPMon$892
  0C:002B    A$TSIPMon$894
  0C:0033    A$TSIPMon$896
  0C:003B    A$TSIPMon$898
  0C:0043    A$TSIPMon$900
  0C:004B    A$TSIPMon$902
  0C:0053    A$TSIPMon$904
  0C:005B    A$TSIPMon$906
  0C:0063    A$TSIPMon$908
  0C:006B    A$TSIPMon$910
  0C:0073    A$TSIPMon$912

Hexadecimal

Area                               Addr   Size   Decimal Bytes (Attributes)
--------------------------------   ----   ----   ------- ----- ------------
GSINIT0                            0076   0003 =      3. bytes (REL,CON,CODE)

      Value  Global
   --------  --------------------------------
  0C:0076    __sdcc_gsinit_startup

Hexadecimal

Area                               Addr   Size   Decimal Bytes (Attributes)
--------------------------------   ----   ----   ------- ----- ------------
GSINIT1                            0079   0000 =      0. bytes (REL,CON,CODE)

Hexadecimal

Area                               Addr   Size   Decimal Bytes (Attributes)
--------------------------------   ----   ----   ------- ----- ------------
GSINIT2                            0079   000A =     10. bytes (REL,CON,CODE)

Hexadecimal

Area                               Addr   Size   Decimal Bytes (Attributes)
--------------------------------   ----   ----   ------- ----- ------------
GSINIT3                            0083   0022 =     34. bytes (REL,CON,CODE)

      Value  Global
   --------  --------------------------------
  0C:0083    __mcs51_genXINIT

Hexadecimal

Area                               Addr   Size   Decimal Bytes (Attributes)
--------------------------------   ----   ----   ------- ----- ------------
GSINIT4                            00A5   002A =     42. bytes (REL,CON,CODE)

      Value  Global
   --------  --------------------------------
  0C:00A5    __mcs51_genRAMCLEAR
  0C:00AB    __mcs51_genXRAMCLEAR

Hexadecimal

Area                               Addr   Size   Decimal Bytes (Attributes)
--------------------------------   ----   ----   ------- ----- ------------
GSINIT5                            00CF   0000 =      0. bytes (REL,CON,CODE)

Hexadecimal

Area                               Addr   Size   Decimal Bytes (Attributes)
--------------------------------   ----   ----   ------- ----- ------------
GSINIT                             00CF   000C =     12. bytes (REL,CON,CODE)

      Value  Global
   --------  --------------------------------
  0C:00CF    A$TSIPMon$941
  0C:00CF    C$TSIPMon.c$769$2$1
  0C:00D1    A$TSIPMon$945
  0C:00D1    C$TSIPMon.c$770$2$1
  0C:00D3    A$TSIPMon$949
  0C:00D3    C$TSIPMon.c$777$2$1
  0C:00D6    A$TSIPMon$954
  0C:00D6    C$TSIPMon.c$207$2$1
  0C:00D7    A$TSIPMon$955
  0C:00D9    A$TSIPMon$956

Hexadecimal

Area                               Addr   Size   Decimal Bytes (Attributes)
--------------------------------   ----   ----   ------- ----- ------------
GSFINAL                            00DB   0003 =      3. bytes (REL,CON,CODE)

      Value  Global
   --------  --------------------------------
  0C:00DB    A$TSIPMon$958

Hexadecimal

Area                               Addr   Size   Decimal Bytes (Attributes)
--------------------------------   ----   ----   ------- ----- ------------
CSEG                               00DE   1154 =   4436. bytes (REL,CON,CODE)

      Value  Global
   --------  --------------------------------
  0C:00DE    A$TSIPMon$965
  0C:00DE    __sdcc_program_startup
  0C:00E1    A$TSIPMon$967
  0C:00E3    A$TSIPMon$994
  0C:00E3    C$TSIPMon.c$221$0$0
  0C:00E3    C$TSIPMon.c$223$1$1
  0C:00E3    G$main$0$0
  0C:00E3    _main
  0C:00E6    A$TSIPMon$998
  0C:00E6    C$TSIPMon.c$225$1$1
  0C:00E9    A$TSIPMon$1002
  0C:00E9    C$TSIPMon.c$226$1$1
  0C:00EC    A$TSIPMon$1006
  0C:00EC    C$TSIPMon.c$227$1$1
  0C:00EF    A$TSIPMon$1010
  0C:00EF    C$TSIPMon.c$228$1$1
  0C:00F1    A$TSIPMon$1014
  0C:00F1    C$TSIPMon.c$229$1$1
  0C:00F3    A$TSIPMon$1018
  0C:00F3    C$TSIPMon.c$230$1$1
  0C:00F5    A$TSIPMon$1022
  0C:00F5    C$TSIPMon.c$231$1$1
  0C:00F7    A$TSIPMon$1026
  0C:00F7    C$TSIPMon.c$232$1$1
  0C:00FA    A$TSIPMon$1027
  0C:00FD    A$TSIPMon$1029
  0C:0100    A$TSIPMon$1030
  0C:0103    A$TSIPMon$1035
  0C:0103    C$TSIPMon.c$233$1$1
  0C:0106    A$TSIPMon$1036
  0C:0109    A$TSIPMon$1041
  0C:010B    A$TSIPMon$1046
  0C:010B    C$TSIPMon.c$235$1$1
  0C:010E    A$TSIPMon$1050
  0C:010E    C$TSIPMon.c$236$1$1
  0C:0111    A$TSIPMon$1051
  0C:0114    A$TSIPMon$1055
  0C:0114    C$TSIPMon.c$237$1$1
  0C:0117    A$TSIPMon$1056
  0C:011A    A$TSIPMon$1058
  0C:011D    A$TSIPMon$1060
  0C:0120    A$TSIPMon$1061
  0C:0123    A$TSIPMon$1065
  0C:0123    C$TSIPMon.c$238$1$1
  0C:0126    A$TSIPMon$1066
  0C:0129    A$TSIPMon$1068
  0C:012C    A$TSIPMon$1070
  0C:012F    A$TSIPMon$1071
  0C:0132    A$TSIPMon$1075
  0C:0132    C$TSIPMon.c$240$1$1
  0C:0135    A$TSIPMon$1076
  0C:0138    A$TSIPMon$1078
  0C:013B    A$TSIPMon$1079
  0C:013E    A$TSIPMon$1084
  0C:013E    C$TSIPMon.c$241$1$1
  0C:0141    A$TSIPMon$1085
  0C:0144    A$TSIPMon$1090
  0C:0146    A$TSIPMon$1095
  0C:0146    C$TSIPMon.c$243$1$1
  0C:0149    A$TSIPMon$1096
  0C:014C    A$TSIPMon$1100
  0C:014C    C$TSIPMon.c$244$1$1
  0C:014E    A$TSIPMon$1104
  0C:014E    C$TSIPMon.c$245$1$1
  0C:0150    A$TSIPMon$1108
  0C:0150    C$TSIPMon.c$246$1$1
  0C:0152    A$TSIPMon$1112
  0C:0152    C$TSIPMon.c$247$1$1
  0C:0154    A$TSIPMon$1116
  0C:0154    C$TSIPMon.c$248$1$1
  0C:0156    A$TSIPMon$1120
  0C:0156    C$TSIPMon.c$250$1$1
  0C:0159    A$TSIPMon$1121
  0C:015C    A$TSIPMon$1123
  0C:015F    A$TSIPMon$1125
  0C:0162    A$TSIPMon$1126
  0C:0165    A$TSIPMon$1130
  0C:0165    C$TSIPMon.c$251$1$1
  0C:0168    A$TSIPMon$1131
  0C:016B    A$TSIPMon$1133
  0C:016E    A$TSIPMon$1134
  0C:0171    A$TSIPMon$1138
  0C:0171    C$TSIPMon.c$252$1$1
  0C:0173    A$TSIPMon$1142
  0C:0173    C$TSIPMon.c$253$1$1
  0C:0176    A$TSIPMon$1143
  0C:0177    A$TSIPMon$1144
  0C:0179    A$TSIPMon$1146
  0C:017C    A$TSIPMon$1147
  0C:017F    A$TSIPMon$1156
  0C:017F    C$TSIPMon.c$255$1$1
  0C:017F    C$TSIPMon.c$256$2$2
  0C:0182    A$TSIPMon$1161
  0C:0182    C$TSIPMon.c$257$3$3
  0C:0185    A$TSIPMon$1162
  0C:0188    A$TSIPMon$1166
  0C:0188    C$TSIPMon.c$258$3$3
  0C:018B    A$TSIPMon$1170
  0C:018B    C$TSIPMon.c$259$3$3
  0C:018E    A$TSIPMon$1171
  0C:0191    A$TSIPMon$1173
  0C:0194    A$TSIPMon$1174
  0C:0197    A$TSIPMon$1178
  0C:0197    C$TSIPMon.c$260$3$3
  0C:0199    A$TSIPMon$1183
  0C:0199    C$TSIPMon.c$262$2$2
  0C:019C    A$TSIPMon$1184
  0C:019F    A$TSIPMon$1189
  0C:01A1    A$TSIPMon$1196
  0C:01A1    C$TSIPMon.c$263$3$4
  0C:01A4    A$TSIPMon$1201
  0C:01A4    C$TSIPMon.c$264$4$5
  0C:01A7    A$TSIPMon$1202
  0C:01AA    A$TSIPMon$1204
  0C:01AD    A$TSIPMon$1205
  0C:01B0    A$TSIPMon$1209
  0C:01B0    C$TSIPMon.c$265$4$5
  0C:01B3    A$TSIPMon$1210
  0C:01B6    A$TSIPMon$1212
  0C:01B9    A$TSIPMon$1214
  0C:01BC    A$TSIPMon$1215
  0C:01BF    A$TSIPMon$1219
  0C:01BF    C$TSIPMon.c$267$4$5
  0C:01C1    A$TSIPMon$1221
  0C:01C3    A$TSIPMon$1226
  0C:01C3    C$TSIPMon.c$269$4$6
  0C:01C6    A$TSIPMon$1227
  0C:01C9    A$TSIPMon$1229
  0C:01CC    A$TSIPMon$1230
  0C:01CF    A$TSIPMon$1234
  0C:01CF    C$TSIPMon.c$270$4$6
  0C:01D2    A$TSIPMon$1235
  0C:01D5    A$TSIPMon$1239
  0C:01D5    C$TSIPMon.c$271$4$6
  0C:01D7    A$TSIPMon$1244
  0C:01D7    C$TSIPMon.c$275$2$2
  0C:01DA    A$TSIPMon$1245
  0C:01DD    A$TSIPMon$1250
  0C:01DF    A$TSIPMon$1255
  0C:01DF    C$TSIPMon.c$276$3$7
  0C:01E1    A$TSIPMon$1259
  0C:01E1    C$TSIPMon.c$277$3$7
  0C:01E3    A$TSIPMon$1263
  0C:01E3    C$TSIPMon.c$278$3$7
  0C:01E6    A$TSIPMon$1264
  0C:01E9    A$TSIPMon$1268
  0C:01E9    C$TSIPMon.c$282$1$1
  0C:01E9    XG$main$0$0
  0C:01EB    A$TSIPMon$1285
  0C:01EB    C$TSIPMon.c$310$1$1
  0C:01EB    C$TSIPMon.c$312$1$1
  0C:01EB    G$Port_Init$0$0
  0C:01EB    _Port_Init
  0C:01EE    A$TSIPMon$1289
  0C:01EE    C$TSIPMon.c$313$1$1
  0C:01F1    A$TSIPMon$1293
  0C:01F1    C$TSIPMon.c$314$1$1
  0C:01F4    A$TSIPMon$1297
  0C:01F4    C$TSIPMon.c$315$1$1
  0C:01F7    A$TSIPMon$1301
  0C:01F7    C$TSIPMon.c$317$1$1
  0C:01FA    A$TSIPMon$1305
  0C:01FA    C$TSIPMon.c$320$1$1
  0C:01FD    A$TSIPMon$1309
  0C:01FD    C$TSIPMon.c$321$1$1
  0C:0200    A$TSIPMon$1313
  0C:0200    C$TSIPMon.c$328$1$1
  0C:0202    A$TSIPMon$1317
  0C:0202    C$TSIPMon.c$329$1$1
  0C:0204    A$TSIPMon$1321
  0C:0204    C$TSIPMon.c$333$1$1
  0C:0204    XG$Port_Init$0$0
  0C:0205    A$TSIPMon$1337
  0C:0205    C$TSIPMon.c$348$1$1
  0C:0205    C$TSIPMon.c$352$1$1
  0C:0205    G$Timer2_Init$0$0
  0C:0205    _Timer2_Init
  0C:0208    A$TSIPMon$1341
  0C:0208    C$TSIPMon.c$353$1$1
  0C:020B    A$TSIPMon$1345
  0C:020B    C$TSIPMon.c$355$1$1
  0C:020E    A$TSIPMon$1346
  0C:0211    A$TSIPMon$1350
  0C:0211    C$TSIPMon.c$356$1$1
  0C:0214    A$TSIPMon$1351
  0C:0217    A$TSIPMon$1355
  0C:0217    C$TSIPMon.c$358$1$1
  0C:021A    A$TSIPMon$1359
  0C:021A    C$TSIPMon.c$359$1$1
  0C:021C    A$TSIPMon$1363
  0C:021C    C$TSIPMon.c$361$1$1
  0C:021E    A$TSIPMon$1369
  0C:021E    C$TSIPMon.c$362$2$2
  0C:021F    A$TSIPMon$1370
  0C:0220    A$TSIPMon$1373
  0C:0221    A$TSIPMon$1375
  0C:0224    A$TSIPMon$1376
  0C:0225    A$TSIPMon$1378
  0C:0227    A$TSIPMon$1379
  0C:0228    A$TSIPMon$1382
  0C:022A    A$TSIPMon$1384
  0C:022B    A$TSIPMon$1388
  0C:022C    A$TSIPMon$1389
  0C:022E    A$TSIPMon$1394
  0C:022E    C$TSIPMon.c$363$2$2
  0C:0230    A$TSIPMon$1395
  0C:0231    A$TSIPMon$1396
  0C:0233    A$TSIPMon$1397
  0C:0234    A$TSIPMon$1399
  0C:0236    A$TSIPMon$1403
  0C:0236    C$TSIPMon.c$361$2$2
  0C:0237    A$TSIPMon$1406
  0C:0239    A$TSIPMon$1411
  0C:0239    C$TSIPMon.c$366$2$2
  0C:0239    XG$Timer2_Init$0$0
  0C:023A    A$TSIPMon$1424
  0C:023A    C$TSIPMon.c$380$2$2
  0C:023A    G$Timer2_ISR$0$0
  0C:023A    _Timer2_ISR
  0C:023C    A$TSIPMon$1425
  0C:023E    A$TSIPMon$1426
  0C:0240    A$TSIPMon$1427
  0C:0242    A$TSIPMon$1428
  0C:0244    A$TSIPMon$1429
  0C:0246    A$TSIPMon$1430
  0C:0248    A$TSIPMon$1431
  0C:024A    A$TSIPMon$1432
  0C:024D    A$TSIPMon$1436
  0C:024D    C$TSIPMon.c$385$1$1
  0C:024F    A$TSIPMon$1440
  0C:024F    C$TSIPMon.c$386$1$1
  0C:0251    A$TSIPMon$1441
  0C:0253    A$TSIPMon$1444
  0C:0255    A$TSIPMon$1450
  0C:0255    C$TSIPMon.c$387$1$1
  0C:0257    A$TSIPMon$1451
  0C:0259    A$TSIPMon$1452
  0C:025C    A$TSIPMon$1453
  0C:025E    A$TSIPMon$1459
  0C:0260    A$TSIPMon$1463
  0C:0263    A$TSIPMon$1467
  0C:0265    A$TSIPMon$1473
  0C:0265    C$TSIPMon.c$389$2$2
  0C:0266    A$TSIPMon$1474
  0C:0269    A$TSIPMon$1475
  0C:026A    A$TSIPMon$1477
  0C:026B    A$TSIPMon$1479
  0C:026D    A$TSIPMon$1480
  0C:026E    A$TSIPMon$1483
  0C:0270    A$TSIPMon$1484
  0C:0271    A$TSIPMon$1485
  0C:0273    A$TSIPMon$1486
  0C:0274    A$TSIPMon$1488
  0C:0275    A$TSIPMon$1489
  0C:0276    A$TSIPMon$1492
  0C:0278    A$TSIPMon$1498
  0C:0278    C$TSIPMon.c$390$3$3
  0C:0279    A$TSIPMon$1499
  0C:027C    A$TSIPMon$1500
  0C:027D    A$TSIPMon$1504
  0C:027F    A$TSIPMon$1505
  0C:0280    A$TSIPMon$1506
  0C:0282    A$TSIPMon$1507
  0C:0283    A$TSIPMon$1512
  0C:0283    C$TSIPMon.c$391$3$3
  0C:0284    A$TSIPMon$1513
  0C:0286    A$TSIPMon$1516
  0C:0288    A$TSIPMon$1520
  0C:0289    A$TSIPMon$1521
  0C:028B    A$TSIPMon$1523
  0C:028D    A$TSIPMon$1529
  0C:028D    C$TSIPMon.c$393$3$4
  0C:028E    A$TSIPMon$1530
  0C:0290    A$TSIPMon$1533
  0C:0292    A$TSIPMon$1537
  0C:0293    A$TSIPMon$1538
  0C:0295    A$TSIPMon$1544
  0C:0295    C$TSIPMon.c$388$1$1
  0C:0296    A$TSIPMon$1546
  0C:0298    A$TSIPMon$1548
  0C:029A    A$TSIPMon$1549
  0C:029C    A$TSIPMon$1550
  0C:029E    A$TSIPMon$1551
  0C:02A0    A$TSIPMon$1552
  0C:02A2    A$TSIPMon$1553
  0C:02A4    A$TSIPMon$1554
  0C:02A6    A$TSIPMon$1555
  0C:02A8    A$TSIPMon$1558
  0C:02A8    C$TSIPMon.c$397$1$1
  0C:02A8    XG$Timer2_ISR$0$0
  0C:02A9    A$TSIPMon$1575
  0C:02A9    C$TSIPMon.c$404$1$1
  0C:02A9    G$WaitTicks$0$0
  0C:02A9    _WaitTicks
  0C:02AB    A$TSIPMon$1576
  0C:02AD    A$TSIPMon$1580
  0C:02AD    C$TSIPMon.c$406$1$1
  0C:02AF    A$TSIPMon$1584
  0C:02AF    C$TSIPMon.c$407$1$1
  0C:02B1    A$TSIPMon$1585
  0C:02B3    A$TSIPMon$1589
  0C:02B3    C$TSIPMon.c$408$1$1
  0C:02B5    A$TSIPMon$1594
  0C:02B5    C$TSIPMon.c$409$1$1
  0C:02B7    A$TSIPMon$1595
  0C:02B9    A$TSIPMon$1598
  0C:02BB    A$TSIPMon$1603
  0C:02BB    C$TSIPMon.c$412$1$1
  0C:02BB    XG$WaitTicks$0$0
  0C:02BC    A$TSIPMon$1618
  0C:02BC    C$TSIPMon.c$424$1$1
  0C:02BC    G$TimerStart$0$0
  0C:02BC    _TimerStart
  0C:02BE    A$TSIPMon$1622
  0C:02BE    C$TSIPMon.c$426$1$1
  0C:02C0    A$TSIPMon$1627
  0C:02C0    C$TSIPMon.c$428$1$1
  0C:02C1    A$TSIPMon$1628
  0C:02C4    A$TSIPMon$1629
  0C:02C5    A$TSIPMon$1631
  0C:02C6    A$TSIPMon$1633
  0C:02C8    A$TSIPMon$1637
  0C:02C9    A$TSIPMon$1638
  0C:02CB    A$TSIPMon$1639
  0C:02CC    A$TSIPMon$1640
  0C:02CE    A$TSIPMon$1645
  0C:02CE    C$TSIPMon.c$429$1$1
  0C:02CF    A$TSIPMon$1646
  0C:02D1    A$TSIPMon$1649
  0C:02D3    A$TSIPMon$1653
  0C:02D4    A$TSIPMon$1654
  0C:02D6    A$TSIPMon$1658
  0C:02D6    C$TSIPMon.c$431$1$1
  0C:02D8    A$TSIPMon$1662
  0C:02D8    C$TSIPMon.c$433$1$1
  0C:02D8    XG$TimerStart$0$0
  0C:02D9    A$TSIPMon$1681
  0C:02D9    C$TSIPMon.c$439$1$1
  0C:02D9    C$TSIPMon.c$441$1$1
  0C:02D9    G$TimerRunning$0$0
  0C:02D9    _TimerRunning
  0C:02DB    A$TSIPMon$1682
  0C:02DC    A$TSIPMon$1683
  0C:02DF    A$TSIPMon$1684
  0C:02E0    A$TSIPMon$1686
  0C:02E2    A$TSIPMon$1689
  0C:02E4    A$TSIPMon$1690
  0C:02E5    A$TSIPMon$1693
  0C:02E7    A$TSIPMon$1698
  0C:02EA    A$TSIPMon$1703
  0C:02EC    A$TSIPMon$1705
  0C:02EE    A$TSIPMon$1708
  0C:02F0    A$TSIPMon$1711
  0C:02F1    A$TSIPMon$1712
  0C:02F3    A$TSIPMon$1716
  0C:02F3    C$TSIPMon.c$443$1$1
  0C:02F3    XG$TimerRunning$0$0
  0C:02F4    A$TSIPMon$1730
  0C:02F4    C$TSIPMon.c$449$1$1
  0C:02F4    G$TimerReset$0$0
  0C:02F4    _TimerReset
  0C:02F6    A$TSIPMon$1734
  0C:02F6    C$TSIPMon.c$451$1$1
  0C:02F8    A$TSIPMon$1739
  0C:02F8    C$TSIPMon.c$452$1$1
  0C:02F9    A$TSIPMon$1740
  0C:02FC    A$TSIPMon$1741
  0C:02FD    A$TSIPMon$1743
  0C:02FE    A$TSIPMon$1745
  0C:0300    A$TSIPMon$1749
  0C:0301    A$TSIPMon$1750
  0C:0303    A$TSIPMon$1751
  0C:0304    A$TSIPMon$1752
  0C:0306    A$TSIPMon$1757
  0C:0306    C$TSIPMon.c$453$1$1
  0C:0307    A$TSIPMon$1758
  0C:0309    A$TSIPMon$1761
  0C:030B    A$TSIPMon$1765
  0C:030C    A$TSIPMon$1766
  0C:030E    A$TSIPMon$1770
  0C:030E    C$TSIPMon.c$454$1$1
  0C:0310    A$TSIPMon$1774
  0C:0310    C$TSIPMon.c$456$1$1
  0C:0310    XG$TimerReset$0$0
  0C:0311    A$TSIPMon$1793
  0C:0311    C$TSIPMon.c$461$1$1
  0C:0311    C$TSIPMon.c$463$1$1
  0C:0311    G$TimerReady$0$0
  0C:0311    _TimerReady
  0C:0313    A$TSIPMon$1794
  0C:0314    A$TSIPMon$1795
  0C:0317    A$TSIPMon$1796
  0C:0318    A$TSIPMon$1798
  0C:031A    A$TSIPMon$1801
  0C:031C    A$TSIPMon$1802
  0C:031D    A$TSIPMon$1805
  0C:031E    A$TSIPMon$1808
  0C:0320    A$TSIPMon$1813
  0C:0320    C$TSIPMon.c$464$1$1
  0C:0322    A$TSIPMon$1814
  0C:0324    A$TSIPMon$1817
  0C:0325    A$TSIPMon$1823
  0C:0325    C$TSIPMon.c$466$1$1
  0C:0326    A$TSIPMon$1824
  0C:0328    A$TSIPMon$1828
  0C:0328    C$TSIPMon.c$468$1$1
  0C:0328    XG$TimerReady$0$0
  0C:0329    A$TSIPMon$1843
  0C:0329    C$TSIPMon.c$483$1$1
  0C:0329    C$TSIPMon.c$485$1$1
  0C:0329    G$UART0_Init$0$0
  0C:0329    _UART0_Init
  0C:032C    A$TSIPMon$1847
  0C:032C    C$TSIPMon.c$495$2$2
  0C:032F    A$TSIPMon$1851
  0C:032F    C$TSIPMon.c$496$2$2
  0C:0332    A$TSIPMon$1855
  0C:0332    C$TSIPMon.c$497$2$2
  0C:0335    A$TSIPMon$1859
  0C:0335    C$TSIPMon.c$512$1$1
  0C:0338    A$TSIPMon$1863
  0C:0338    C$TSIPMon.c$513$1$1
  0C:033B    A$TSIPMon$1867
  0C:033B    C$TSIPMon.c$514$1$1
  0C:033E    A$TSIPMon$1871
  0C:033E    C$TSIPMon.c$515$1$1
  0C:0340    A$TSIPMon$1875
  0C:0340    C$TSIPMon.c$516$1$1
  0C:0342    A$TSIPMon$1879
  0C:0342    C$TSIPMon.c$524$1$1
  0C:0344    A$TSIPMon$1883
  0C:0344    C$TSIPMon.c$525$1$1
  0C:0346    A$TSIPMon$1887
  0C:0346    C$TSIPMon.c$526$1$1
  0C:0348    A$TSIPMon$1891
  0C:0348    C$TSIPMon.c$528$1$1
  0C:0348    XG$UART0_Init$0$0
  0C:0349    A$TSIPMon$1912
  0C:0349    C$TSIPMon.c$534$1$1
  0C:0349    G$SioIntService$0$0
  0C:0349    _SioIntService
  0C:034B    A$TSIPMon$1913
  0C:034D    A$TSIPMon$1914
  0C:034F    A$TSIPMon$1915
  0C:0351    A$TSIPMon$1916
  0C:0354    A$TSIPMon$1921
  0C:0354    C$TSIPMon.c$541$1$1
  0C:0357    A$TSIPMon$1922
  0C:035A    A$TSIPMon$1927
  0C:035A    C$TSIPMon.c$542$2$2
  0C:035C    A$TSIPMon$1931
  0C:035C    C$TSIPMon.c$543$2$2
  0C:035E    A$TSIPMon$1939
  0C:035E    C$TSIPMon.c$546$2$2
  0C:0360    A$TSIPMon$1940
  0C:0362    A$TSIPMon$1941
  0C:0364    A$TSIPMon$1946
  0C:0364    C$TSIPMon.c$547$3$3
  0C:0367    A$TSIPMon$1950
  0C:0367    C$TSIPMon.c$548$3$3
  0C:036A    A$TSIPMon$1954
  0C:036A    C$TSIPMon.c$549$3$3
  0C:036D    A$TSIPMon$1962
  0C:036D    C$TSIPMon.c$552$2$2
  0C:036F    A$TSIPMon$1963
  0C:0371    A$TSIPMon$1964
  0C:0373    A$TSIPMon$1965
  0C:0376    A$TSIPMon$1968
  0C:0378    A$TSIPMon$1970
  0C:037A    A$TSIPMon$1971
  0C:037C    A$TSIPMon$1972
  0C:037F    A$TSIPMon$1973
  0C:0380    A$TSIPMon$1975
  0C:0383    A$TSIPMon$1976
  0C:0386    A$TSIPMon$1977
  0C:0389    A$TSIPMon$1978
  0C:038C    A$TSIPMon$1979
  0C:038F    A$TSIPMon$1980
  0C:0392    A$TSIPMon$1990
  0C:0392    C$TSIPMon.c$553$3$4
  0C:0392    C$TSIPMon.c$556$3$4
  0C:0395    A$TSIPMon$1997
  0C:0395    C$TSIPMon.c$558$4$5
  0C:0398    A$TSIPMon$2000
  0C:039B    A$TSIPMon$2001
  0C:039C    A$TSIPMon$2002
  0C:039D    A$TSIPMon$2006
  0C:039D    C$TSIPMon.c$559$4$5
  0C:03A0    A$TSIPMon$2008
  0C:03A2    A$TSIPMon$2014
  0C:03A2    C$TSIPMon.c$560$3$4
  0C:03A5    A$TSIPMon$2016
  0C:03A7    A$TSIPMon$2021
  0C:03A7    C$TSIPMon.c$561$4$6
  0C:03AA    A$TSIPMon$2025
  0C:03AA    C$TSIPMon.c$562$4$6
  0C:03AC    A$TSIPMon$2029
  0C:03AC    C$TSIPMon.c$563$4$6
  0C:03AF    A$TSIPMon$2034
  0C:03AF    C$TSIPMon.c$565$3$4
  0C:03B1    A$TSIPMon$2037
  0C:03B1    C$TSIPMon.c$566$3$4
  0C:03B4    A$TSIPMon$2047
  0C:03B4    C$TSIPMon.c$568$3$4
  0C:03B4    C$TSIPMon.c$569$3$4
  0C:03B7    A$TSIPMon$2054
  0C:03B7    C$TSIPMon.c$570$3$4
  0C:03BA    A$TSIPMon$2055
  0C:03BD    A$TSIPMon$2060
  0C:03BD    C$TSIPMon.c$572$3$4
  0C:03C0    A$TSIPMon$2063
  0C:03C0    C$TSIPMon.c$573$3$4
  0C:03C3    A$TSIPMon$2073
  0C:03C3    C$TSIPMon.c$575$3$4
  0C:03C3    C$TSIPMon.c$576$3$4
  0C:03C6    A$TSIPMon$2080
  0C:03C6    C$TSIPMon.c$578$3$4
  0C:03C9    A$TSIPMon$2081
  0C:03CC    A$TSIPMon$2086
  0C:03CC    C$TSIPMon.c$580$3$4
  0C:03CF    A$TSIPMon$2089
  0C:03CF    C$TSIPMon.c$581$3$4
  0C:03D2    A$TSIPMon$2099
  0C:03D2    C$TSIPMon.c$583$3$4
  0C:03D2    C$TSIPMon.c$584$3$4
  0C:03D5    A$TSIPMon$2106
  0C:03D5    C$TSIPMon.c$586$4$7
  0C:03D8    A$TSIPMon$2109
  0C:03DB    A$TSIPMon$2110
  0C:03DC    A$TSIPMon$2111
  0C:03DD    A$TSIPMon$2115
  0C:03DD    C$TSIPMon.c$587$4$7
  0C:03E0    A$TSIPMon$2117
  0C:03E2    A$TSIPMon$2122
  0C:03E2    C$TSIPMon.c$589$3$4
  0C:03E5    A$TSIPMon$2127
  0C:03E5    C$TSIPMon.c$590$3$4
  0C:03E7    A$TSIPMon$2130
  0C:03E7    C$TSIPMon.c$591$3$4
  0C:03EA    A$TSIPMon$2138
  0C:03EA    C$TSIPMon.c$593$3$4
  0C:03EA    C$TSIPMon.c$594$3$4
  0C:03ED    A$TSIPMon$2140
  0C:03EF    A$TSIPMon$2146
  0C:03F2    A$TSIPMon$2154
  0C:03F2    C$TSIPMon.c$595$4$8
  0C:03F5    A$TSIPMon$2158
  0C:03F5    C$TSIPMon.c$596$4$8
  0C:03F8    A$TSIPMon$2159
  0C:03FB    A$TSIPMon$2164
  0C:03FB    C$TSIPMon.c$598$4$9
  0C:03FE    A$TSIPMon$2168
  0C:03FE    C$TSIPMon.c$599$4$9
  0C:0400    A$TSIPMon$2171
  0C:0402    A$TSIPMon$2174
  0C:0403    A$TSIPMon$2175
  0C:0405    A$TSIPMon$2176
  0C:0407    A$TSIPMon$2178
  0C:0408    A$TSIPMon$2179
  0C:040A    A$TSIPMon$2180
  0C:040C    A$TSIPMon$2183
  0C:040D    A$TSIPMon$2184
  0C:040E    A$TSIPMon$2187
  0C:040E    C$TSIPMon.c$601$3$4
  0C:0411    A$TSIPMon$2197
  0C:0411    C$TSIPMon.c$603$3$4
  0C:0411    C$TSIPMon.c$604$3$4
  0C:0414    A$TSIPMon$2203
  0C:0416    A$TSIPMon$2204
  0C:0417    A$TSIPMon$2206
  0C:0419    A$TSIPMon$2207
  0C:041B    A$TSIPMon$2209
  0C:041C    A$TSIPMon$2210
  0C:041E    A$TSIPMon$2211
  0C:0420    A$TSIPMon$2214
  0C:0421    A$TSIPMon$2215
  0C:0422    A$TSIPMon$2220
  0C:0425    A$TSIPMon$2227
  0C:0428    A$TSIPMon$2232
  0C:0428    C$TSIPMon.c$606$4$10
  0C:042A    A$TSIPMon$2233
  0C:042D    A$TSIPMon$2241
  0C:042D    C$TSIPMon.c$607$3$4
  0C:0430    A$TSIPMon$2247
  0C:0432    A$TSIPMon$2248
  0C:0433    A$TSIPMon$2250
  0C:0435    A$TSIPMon$2251
  0C:0437    A$TSIPMon$2253
  0C:0438    A$TSIPMon$2254
  0C:043A    A$TSIPMon$2255
  0C:043C    A$TSIPMon$2258
  0C:043D    A$TSIPMon$2259
  0C:043E    A$TSIPMon$2264
  0C:0441    A$TSIPMon$2271
  0C:0444    A$TSIPMon$2276
  0C:0444    C$TSIPMon.c$610$4$11
  0C:0446    A$TSIPMon$2280
  0C:0446    C$TSIPMon.c$611$4$11
  0C:0448    A$TSIPMon$2281
  0C:044A    A$TSIPMon$2282
  0C:044C    A$TSIPMon$2284
  0C:044D    A$TSIPMon$2285
  0C:044F    A$TSIPMon$2286
  0C:0451    A$TSIPMon$2290
  0C:0452    A$TSIPMon$2291
  0C:0453    A$TSIPMon$2295
  0C:0453    C$TSIPMon.c$612$4$11
  0C:0456    A$TSIPMon$2296
  0C:0459    A$TSIPMon$2301
  0C:0459    C$TSIPMon.c$616$4$12
  0C:045B    A$TSIPMon$2304
  0C:045D    A$TSIPMon$2307
  0C:045E    A$TSIPMon$2308
  0C:0460    A$TSIPMon$2309
  0C:0462    A$TSIPMon$2311
  0C:0463    A$TSIPMon$2312
  0C:0465    A$TSIPMon$2313
  0C:0467    A$TSIPMon$2316
  0C:0468    A$TSIPMon$2317
  0C:0469    A$TSIPMon$2321
  0C:0469    C$TSIPMon.c$617$4$12
  0C:046B    A$TSIPMon$2327
  0C:046B    C$TSIPMon.c$619$3$4
  0C:046B    C$TSIPMon.c$621$3$4
  0C:046D    A$TSIPMon$2332
  0C:046D    C$TSIPMon.c$622$3$4
  0C:0470    A$TSIPMon$2336
  0C:0470    C$TSIPMon.c$624$1$1
  0C:0472    A$TSIPMon$2347
  0C:0472    C$TSIPMon.c$628$2$13
  0C:0472    C$TSIPMon.c$629$3$14
  0C:0475    A$TSIPMon$2348
  0C:0477    A$TSIPMon$2355
  0C:0477    C$TSIPMon.c$631$3$14
  0C:047A    A$TSIPMon$2360
  0C:047A    C$TSIPMon.c$632$4$15
  0C:047C    A$TSIPMon$2364
  0C:047C    C$TSIPMon.c$633$4$15
  0C:047E    A$TSIPMon$2368
  0C:047E    C$TSIPMon.c$634$4$15
  0C:0480    A$TSIPMon$2373
  0C:0480    C$TSIPMon.c$635$4$15
  0C:0482    A$TSIPMon$2379
  0C:0482    C$TSIPMon.c$637$3$14
  0C:0484    A$TSIPMon$2380
  0C:0487    A$TSIPMon$2382
  0C:0489    A$TSIPMon$2386
  0C:048B    A$TSIPMon$2392
  0C:048B    C$TSIPMon.c$639$4$16
  0C:048E    A$TSIPMon$2393
  0C:0490    A$TSIPMon$2399
  0C:0490    C$TSIPMon.c$640$4$16
  0C:0493    A$TSIPMon$2403
  0C:0493    C$TSIPMon.c$641$4$16
  0C:0496    A$TSIPMon$2408
  0C:0496    C$TSIPMon.c$642$4$16
  0C:0498    A$TSIPMon$2413
  0C:0498    C$TSIPMon.c$643$4$16
  0C:049A    A$TSIPMon$2414
  0C:049C    A$TSIPMon$2415
  0C:049E    A$TSIPMon$2417
  0C:049F    A$TSIPMon$2418
  0C:04A1    A$TSIPMon$2419
  0C:04A3    A$TSIPMon$2423
  0C:04A3    C$TSIPMon.c$644$4$16
  0C:04A5    A$TSIPMon$2429
  0C:04A5    C$TSIPMon.c$645$4$16
  0C:04A5    C$TSIPMon.c$647$4$16
  0C:04A7    A$TSIPMon$2434
  0C:04A7    C$TSIPMon.c$648$4$16
  0C:04AA    A$TSIPMon$2435
  0C:04AD    A$TSIPMon$2438
  0C:04AE    A$TSIPMon$2439
  0C:04AF    A$TSIPMon$2443
  0C:04AF    C$TSIPMon.c$649$4$16
  0C:04B1    A$TSIPMon$2450
  0C:04B1    C$TSIPMon.c$650$4$16
  0C:04B4    A$TSIPMon$2457
  0C:04B7    A$TSIPMon$2464
  0C:04B9    A$TSIPMon$2465
  0C:04BB    A$TSIPMon$2466
  0C:04BD    A$TSIPMon$2471
  0C:04BD    C$TSIPMon.c$652$5$17
  0C:04BF    A$TSIPMon$2476
  0C:04BF    C$TSIPMon.c$653$5$17
  0C:04C1    A$TSIPMon$2482
  0C:04C1    C$TSIPMon.c$655$4$16
  0C:04C3    A$TSIPMon$2483
  0C:04C4    A$TSIPMon$2484
  0C:04C7    A$TSIPMon$2485
  0C:04C9    A$TSIPMon$2490
  0C:04C9    C$TSIPMon.c$656$4$16
  0C:04CB    A$TSIPMon$2494
  0C:04CB    C$TSIPMon.c$657$4$16
  0C:04CD    A$TSIPMon$2497
  0C:04CF    A$TSIPMon$2499
  0C:04D0    A$TSIPMon$2502
  0C:04D2    A$TSIPMon$2507
  0C:04D2    C$TSIPMon.c$658$5$18
  0C:04D4    A$TSIPMon$2511
  0C:04D4    C$TSIPMon.c$659$5$18
  0C:04D7    A$TSIPMon$2519
  0C:04D7    C$TSIPMon.c$665$1$1
  0C:04D7    C$TSIPMon.c$669$1$1
  0C:04D9    A$TSIPMon$2520
  0C:04DB    A$TSIPMon$2521
  0C:04DD    A$TSIPMon$2522
  0C:04DF    A$TSIPMon$2525
  0C:04DF    C$TSIPMon.c$672$1$1
  0C:04DF    XG$SioIntService$0$0
  0C:04E0    A$TSIPMon$2554
  0C:04E0    C$TSIPMon.c$677$1$1
  0C:04E0    C$TSIPMon.c$683$1$1
  0C:04E0    G$ProcessRxMsg$0$0
  0C:04E0    _ProcessRxMsg
  0C:04E3    A$TSIPMon$2555
  0C:04E4    A$TSIPMon$2556
  0C:04E5    A$TSIPMon$2561
  0C:04E5    C$TSIPMon.c$684$1$1
  0C:04E8    A$TSIPMon$2562
  0C:04E9    A$TSIPMon$2563
  0C:04EA    A$TSIPMon$2567
  0C:04EC    A$TSIPMon$2571
  0C:04ED    A$TSIPMon$2572
  0C:04EE    A$TSIPMon$2573
  0C:04F0    A$TSIPMon$2576
  0C:04F2    A$TSIPMon$2582
  0C:04F2    C$TSIPMon.c$686$1$1
  0C:04F3    A$TSIPMon$2583
  0C:04F5    A$TSIPMon$2585
  0C:04F7    A$TSIPMon$2586
  0C:04F8    A$TSIPMon$2588
  0C:04F9    A$TSIPMon$2589
  0C:04FB    A$TSIPMon$2590
  0C:04FC    A$TSIPMon$2593
  0C:04FD    A$TSIPMon$2594
  0C:04FF    A$TSIPMon$2595
  0C:0501    A$TSIPMon$2597
  0C:0502    A$TSIPMon$2598
  0C:0504    A$TSIPMon$2599
  0C:0506    A$TSIPMon$2602
  0C:0507    A$TSIPMon$2605
  0C:0508    A$TSIPMon$2606
  0C:050A    A$TSIPMon$2607
  0C:050C    A$TSIPMon$2609
  0C:050D    A$TSIPMon$2614
  0C:050D    C$TSIPMon.c$685$1$1
  0C:050E    A$TSIPMon$2616
  0C:0510    A$TSIPMon$2621
  0C:0510    C$TSIPMon.c$687$1$1
  0C:0512    A$TSIPMon$2628
  0C:0512    C$TSIPMon.c$689$1$1
  0C:0515    A$TSIPMon$2636
  0C:0515    C$TSIPMon.c$691$2$2
  0C:0518    A$TSIPMon$2638
  0C:051A    A$TSIPMon$2647
  0C:051A    C$TSIPMon.c$692$3$3
  0C:051D    A$TSIPMon$2648
  0C:051F    A$TSIPMon$2655
  0C:051F    C$TSIPMon.c$693$3$3
  0C:0522    A$TSIPMon$2663
  0C:0522    C$TSIPMon.c$694$3$3
  0C:0522    C$TSIPMon.c$696$3$3
  0C:0525    A$TSIPMon$2669
  0C:0525    C$TSIPMon.c$697$3$3
  0C:0528    A$TSIPMon$2675
  0C:0528    C$TSIPMon.c$705$1$1
  0C:0528    C$TSIPMon.c$707$1$1
  0C:0528    XG$ProcessRxMsg$0$0
  0C:052B    A$TSIPMon$2677
  0C:052C    A$TSIPMon$2697
  0C:052C    C$TSIPMon.c$713$1$1
  0C:052C    G$PrimaryTiming$0$0
  0C:052C    _PrimaryTiming
  0C:052E    A$TSIPMon$2698
  0C:0530    A$TSIPMon$2703
  0C:0530    C$TSIPMon.c$720$1$1
  0C:0532    A$TSIPMon$2705
  0C:0533    A$TSIPMon$2706
  0C:0535    A$TSIPMon$2708
  0C:0536    A$TSIPMon$2710
  0C:0537    A$TSIPMon$2711
  0C:0539    A$TSIPMon$2714
  0C:053A    A$TSIPMon$2715
  0C:053B    A$TSIPMon$2719
  0C:053B    C$TSIPMon.c$721$1$1
  0C:053D    A$TSIPMon$2722
  0C:053F    A$TSIPMon$2723
  0C:0541    A$TSIPMon$2724
  0C:0543    A$TSIPMon$2726
  0C:0544    A$TSIPMon$2727
  0C:0546    A$TSIPMon$2728
  0C:0548    A$TSIPMon$2730
  0C:054B    A$TSIPMon$2732
  0C:054D    A$TSIPMon$2733
  0C:054F    A$TSIPMon$2734
  0C:0551    A$TSIPMon$2735
  0C:0553    A$TSIPMon$2736
  0C:0556    A$TSIPMon$2737
  0C:0558    A$TSIPMon$2738
  0C:055A    A$TSIPMon$2743
  0C:055A    C$TSIPMon.c$722$1$1
  0C:055D    A$TSIPMon$2744
  0C:055E    A$TSIPMon$2745
  0C:055F    A$TSIPMon$2750
  0C:0562    A$TSIPMon$2756
  0C:0565    A$TSIPMon$2757
  0C:0567    A$TSIPMon$2758
  0C:0568    A$TSIPMon$2764
  0C:0568    C$TSIPMon.c$723$1$1
  0C:056B    A$TSIPMon$2765
  0C:056D    A$TSIPMon$2766
  0C:056E    A$TSIPMon$2771
  0C:056E    C$TSIPMon.c$724$1$1
  0C:0570    A$TSIPMon$2773
  0C:0571    A$TSIPMon$2774
  0C:0573    A$TSIPMon$2776
  0C:0574    A$TSIPMon$2778
  0C:0575    A$TSIPMon$2779
  0C:0577    A$TSIPMon$2782
  0C:0578    A$TSIPMon$2783
  0C:0579    A$TSIPMon$2787
  0C:0579    C$TSIPMon.c$725$1$1
  0C:057B    A$TSIPMon$2790
  0C:057D    A$TSIPMon$2791
  0C:057F    A$TSIPMon$2792
  0C:0581    A$TSIPMon$2794
  0C:0582    A$TSIPMon$2795
  0C:0584    A$TSIPMon$2796
  0C:0586    A$TSIPMon$2798
  0C:0589    A$TSIPMon$2800
  0C:058B    A$TSIPMon$2801
  0C:058D    A$TSIPMon$2802
  0C:058F    A$TSIPMon$2803
  0C:0591    A$TSIPMon$2804
  0C:0594    A$TSIPMon$2805
  0C:0596    A$TSIPMon$2806
  0C:0598    A$TSIPMon$2811
  0C:0598    C$TSIPMon.c$726$1$1
  0C:059B    A$TSIPMon$2812
  0C:059C    A$TSIPMon$2813
  0C:059D    A$TSIPMon$2818
  0C:05A0    A$TSIPMon$2824
  0C:05A3    A$TSIPMon$2825
  0C:05A5    A$TSIPMon$2826
  0C:05A6    A$TSIPMon$2832
  0C:05A6    C$TSIPMon.c$727$1$1
  0C:05A9    A$TSIPMon$2833
  0C:05AB    A$TSIPMon$2834
  0C:05AC    A$TSIPMon$2839
  0C:05AC    C$TSIPMon.c$728$1$1
  0C:05AE    A$TSIPMon$2841
  0C:05AF    A$TSIPMon$2842
  0C:05B1    A$TSIPMon$2844
  0C:05B2    A$TSIPMon$2846
  0C:05B3    A$TSIPMon$2847
  0C:05B5    A$TSIPMon$2850
  0C:05B6    A$TSIPMon$2851
  0C:05B7    A$TSIPMon$2855
  0C:05B7    C$TSIPMon.c$729$1$1
  0C:05B9    A$TSIPMon$2857
  0C:05BC    A$TSIPMon$2858
  0C:05BF    A$TSIPMon$2860
  0C:05C2    A$TSIPMon$2862
  0C:05C4    A$TSIPMon$2863
  0C:05C6    A$TSIPMon$2864
  0C:05C8    A$TSIPMon$2865
  0C:05CA    A$TSIPMon$2866
  0C:05CD    A$TSIPMon$2867
  0C:05CF    A$TSIPMon$2868
  0C:05D1    A$TSIPMon$2873
  0C:05D1    C$TSIPMon.c$730$1$1
  0C:05D4    A$TSIPMon$2874
  0C:05D5    A$TSIPMon$2875
  0C:05D6    A$TSIPMon$2880
  0C:05D9    A$TSIPMon$2886
  0C:05DC    A$TSIPMon$2887
  0C:05DE    A$TSIPMon$2888
  0C:05DF    A$TSIPMon$2894
  0C:05DF    C$TSIPMon.c$731$1$1
  0C:05E2    A$TSIPMon$2895
  0C:05E4    A$TSIPMon$2896
  0C:05E5    A$TSIPMon$2901
  0C:05E5    C$TSIPMon.c$732$1$1
  0C:05E7    A$TSIPMon$2903
  0C:05E8    A$TSIPMon$2904
  0C:05EA    A$TSIPMon$2906
  0C:05EB    A$TSIPMon$2908
  0C:05EC    A$TSIPMon$2909
  0C:05EE    A$TSIPMon$2912
  0C:05EF    A$TSIPMon$2913
  0C:05F0    A$TSIPMon$2917
  0C:05F0    C$TSIPMon.c$733$1$1
  0C:05F2    A$TSIPMon$2920
  0C:05F4    A$TSIPMon$2921
  0C:05F6    A$TSIPMon$2922
  0C:05F8    A$TSIPMon$2924
  0C:05F9    A$TSIPMon$2925
  0C:05FB    A$TSIPMon$2926
  0C:05FD    A$TSIPMon$2928
  0C:0600    A$TSIPMon$2930
  0C:0602    A$TSIPMon$2931
  0C:0604    A$TSIPMon$2932
  0C:0606    A$TSIPMon$2933
  0C:0608    A$TSIPMon$2934
  0C:060B    A$TSIPMon$2935
  0C:060D    A$TSIPMon$2936
  0C:060F    A$TSIPMon$2941
  0C:060F    C$TSIPMon.c$736$1$1
  0C:0612    A$TSIPMon$2942
  0C:0613    A$TSIPMon$2943
  0C:0614    A$TSIPMon$2948
  0C:0617    A$TSIPMon$2954
  0C:061A    A$TSIPMon$2955
  0C:061C    A$TSIPMon$2956
  0C:061D    A$TSIPMon$2962
  0C:061D    C$TSIPMon.c$738$1$1
  0C:061F    A$TSIPMon$2964
  0C:0620    A$TSIPMon$2965
  0C:0622    A$TSIPMon$2967
  0C:0623    A$TSIPMon$2969
  0C:0624    A$TSIPMon$2970
  0C:0626    A$TSIPMon$2973
  0C:0627    A$TSIPMon$2976
  0C:0628    A$TSIPMon$2978
  0C:0629    A$TSIPMon$2981
  0C:062C    A$TSIPMon$2982
  0C:062D    A$TSIPMon$2986
  0C:062D    C$TSIPMon.c$739$1$1
  0C:062E    A$TSIPMon$2992
  0C:0631    A$TSIPMon$2993
  0C:0632    A$TSIPMon$2996
  0C:0633    A$TSIPMon$2997
  0C:0636    A$TSIPMon$2999
  0C:0637    A$TSIPMon$3004
  0C:0637    C$TSIPMon.c$740$1$1
  0C:0639    A$TSIPMon$3006
  0C:063A    A$TSIPMon$3012
  0C:063D    A$TSIPMon$3013
  0C:063E    A$TSIPMon$3016
  0C:063F    A$TSIPMon$3017
  0C:0642    A$TSIPMon$3019
  0C:0643    A$TSIPMon$3024
  0C:0643    C$TSIPMon.c$741$1$1
  0C:0645    A$TSIPMon$3026
  0C:0646    A$TSIPMon$3032
  0C:0649    A$TSIPMon$3033
  0C:064A    A$TSIPMon$3036
  0C:064B    A$TSIPMon$3037
  0C:064E    A$TSIPMon$3039
  0C:064F    A$TSIPMon$3044
  0C:064F    C$TSIPMon.c$742$1$1
  0C:0651    A$TSIPMon$3046
  0C:0652    A$TSIPMon$3047
  0C:0654    A$TSIPMon$3049
  0C:0655    A$TSIPMon$3051
  0C:0656    A$TSIPMon$3052
  0C:0658    A$TSIPMon$3055
  0C:0659    A$TSIPMon$3056
  0C:065A    A$TSIPMon$3060
  0C:065C    A$TSIPMon$3065
  0C:065C    C$TSIPMon.c$743$1$1
  0C:065E    A$TSIPMon$3067
  0C:065F    A$TSIPMon$3068
  0C:0661    A$TSIPMon$3070
  0C:0662    A$TSIPMon$3072
  0C:0663    A$TSIPMon$3073
  0C:0665    A$TSIPMon$3076
  0C:0666    A$TSIPMon$3086
  0C:0666    C$TSIPMon.c$745$1$1
  0C:0667    A$TSIPMon$3087
  0C:0669    A$TSIPMon$3089
  0C:066B    A$TSIPMon$3090
  0C:066C    A$TSIPMon$3094
  0C:066C    C$TSIPMon.c$746$1$1
  0C:066E    A$TSIPMon$3097
  0C:0670    A$TSIPMon$3098
  0C:0672    A$TSIPMon$3099
  0C:0674    A$TSIPMon$3101
  0C:0675    A$TSIPMon$3102
  0C:0677    A$TSIPMon$3103
  0C:0679    A$TSIPMon$3105
  0C:067C    A$TSIPMon$3107
  0C:067E    A$TSIPMon$3108
  0C:0680    A$TSIPMon$3109
  0C:0683    A$TSIPMon$3114
  0C:0683    C$TSIPMon.c$747$1$1
  0C:0686    A$TSIPMon$3115
  0C:0687    A$TSIPMon$3116
  0C:0688    A$TSIPMon$3121
  0C:068B    A$TSIPMon$3127
  0C:068E    A$TSIPMon$3128
  0C:0690    A$TSIPMon$3129
  0C:0691    A$TSIPMon$3135
  0C:0691    C$TSIPMon.c$748$1$1
  0C:0694    A$TSIPMon$3137
  0C:0695    A$TSIPMon$3138
  0C:0696    A$TSIPMon$3142
  0C:0696    C$TSIPMon.c$758$1$1
  0C:0696    XG$PrimaryTiming$0$0
  0C:0697    A$TSIPMon$3162
  0C:0697    C$TSIPMon.c$764$1$1
  0C:0697    G$SupplementalTiming$0$0
  0C:0697    _SupplementalTiming
  0C:069A    A$TSIPMon$3163
  0C:069D    A$TSIPMon$3167
  0C:069D    C$TSIPMon.c$786$1$1
  0C:06A0    A$TSIPMon$3168
  0C:06A3    A$TSIPMon$3170
  0C:06A6    A$TSIPMon$3172
  0C:06A9    A$TSIPMon$3173
  0C:06AC    A$TSIPMon$3178
  0C:06AC    C$TSIPMon.c$791$1$1
  0C:06AE    A$TSIPMon$3179
  0C:06B0    A$TSIPMon$3180
  0C:06B2    A$TSIPMon$3182
  0C:06B3    A$TSIPMon$3183
  0C:06B5    A$TSIPMon$3184
  0C:06B7    A$TSIPMon$3187
  0C:06B8    A$TSIPMon$3190
  0C:06B9    A$TSIPMon$3191
  0C:06BC    A$TSIPMon$3193
  0C:06BD    A$TSIPMon$3198
  0C:06BD    C$TSIPMon.c$792$1$1
  0C:06BF    A$TSIPMon$3199
  0C:06C1    A$TSIPMon$3200
  0C:06C3    A$TSIPMon$3202
  0C:06C4    A$TSIPMon$3203
  0C:06C6    A$TSIPMon$3204
  0C:06C8    A$TSIPMon$3207
  0C:06C9    A$TSIPMon$3210
  0C:06CA    A$TSIPMon$3211
  0C:06CD    A$TSIPMon$3213
  0C:06CE    A$TSIPMon$3218
  0C:06CE    C$TSIPMon.c$794$1$1
  0C:06D1    A$TSIPMon$3219
  0C:06D2    A$TSIPMon$3220
  0C:06D3    A$TSIPMon$3221
  0C:06D4    A$TSIPMon$3222
  0C:06D5    A$TSIPMon$3226
  0C:06D6    A$TSIPMon$3228
  0C:06D7    A$TSIPMon$3229
  0C:06D8    A$TSIPMon$3230
  0C:06DA    A$TSIPMon$3231
  0C:06DB    A$TSIPMon$3232
  0C:06DC    A$TSIPMon$3233
  0C:06DD    A$TSIPMon$3234
  0C:06DE    A$TSIPMon$3235
  0C:06DF    A$TSIPMon$3236
  0C:06E0    A$TSIPMon$3237
  0C:06E2    A$TSIPMon$3238
  0C:06E3    A$TSIPMon$3239
  0C:06E4    A$TSIPMon$3240
  0C:06E5    A$TSIPMon$3243
  0C:06E8    A$TSIPMon$3244
  0C:06E9    A$TSIPMon$3245
  0C:06EA    A$TSIPMon$3246
  0C:06EB    A$TSIPMon$3247
  0C:06EC    A$TSIPMon$3248
  0C:06ED    A$TSIPMon$3253
  0C:06ED    C$TSIPMon.c$796$1$1
  0C:06F0    A$TSIPMon$3254
  0C:06F1    A$TSIPMon$3255
  0C:06F2    A$TSIPMon$3258
  0C:06F4    A$TSIPMon$3259
  0C:06F6    A$TSIPMon$3260
  0C:06F7    A$TSIPMon$3262
  0C:06F8    A$TSIPMon$3263
  0C:06FA    A$TSIPMon$3264
  0C:06FB    A$TSIPMon$3267
  0C:06FD    A$TSIPMon$3268
  0C:06FF    A$TSIPMon$3269
  0C:0700    A$TSIPMon$3271
  0C:0701    A$TSIPMon$3273
  0C:0703    A$TSIPMon$3276
  0C:0706    A$TSIPMon$3277
  0C:0707    A$TSIPMon$3278
  0C:0708    A$TSIPMon$3282
  0C:0708    C$TSIPMon.c$799$1$1
  0C:070A    A$TSIPMon$3288
  0C:070A    C$TSIPMon.c$800$1$1
  0C:070D    A$TSIPMon$3294
  0C:070D    C$TSIPMon.c$801$1$1
  0C:070E    A$TSIPMon$3299
  0C:070E    C$TSIPMon.c$803$1$1
  0C:0711    A$TSIPMon$3300
  0C:0713    A$TSIPMon$3301
  0C:0715    A$TSIPMon$3302
  0C:0718    A$TSIPMon$3303
  0C:071A    A$TSIPMon$3304
  0C:071C    A$TSIPMon$3309
  0C:071C    C$TSIPMon.c$804$1$1
  0C:071F    A$TSIPMon$3310
  0C:0720    A$TSIPMon$3311
  0C:0721    A$TSIPMon$3312
  0C:0722    A$TSIPMon$3313
  0C:0723    A$TSIPMon$3314
  0C:0724    A$TSIPMon$3317
  0C:0727    A$TSIPMon$3318
  0C:072A    A$TSIPMon$3320
  0C:072C    A$TSIPMon$3324
  0C:072E    A$TSIPMon$3327
  0C:0731    A$TSIPMon$3335
  0C:0731    C$TSIPMon.c$805$2$2
  0C:0734    A$TSIPMon$3336
  0C:0735    A$TSIPMon$3337
  0C:0736    A$TSIPMon$3338
  0C:0737    A$TSIPMon$3339
  0C:0738    A$TSIPMon$3340
  0C:0739    A$TSIPMon$3342
  0C:073C    A$TSIPMon$3343
  0C:073F    A$TSIPMon$3345
  0C:0742    A$TSIPMon$3346
  0C:0745    A$TSIPMon$3348
  0C:0747    A$TSIPMon$3349
  0C:0749    A$TSIPMon$3350
  0C:074B    A$TSIPMon$3351
  0C:074D    A$TSIPMon$3352
  0C:0750    A$TSIPMon$3353
  0C:0752    A$TSIPMon$3354
  0C:0754    A$TSIPMon$3355
  0C:0756    A$TSIPMon$3361
  0C:0756    C$TSIPMon.c$806$2$2
  0C:0759    A$TSIPMon$3366
  0C:0759    C$TSIPMon.c$807$2$2
  0C:075C    A$TSIPMon$3367
  0C:075F    A$TSIPMon$3369
  0C:0762    A$TSIPMon$3371
  0C:0765    A$TSIPMon$3372
  0C:0767    A$TSIPMon$3373
  0C:0769    A$TSIPMon$3374
  0C:076C    A$TSIPMon$3375
  0C:076E    A$TSIPMon$3376
  0C:0770    A$TSIPMon$3382
  0C:0770    C$TSIPMon.c$808$2$2
  0C:0772    A$TSIPMon$3383
  0C:0774    A$TSIPMon$3384
  0C:0775    A$TSIPMon$3388
  0C:0776    A$TSIPMon$3390
  0C:0778    A$TSIPMon$3396
  0C:0778    C$TSIPMon.c$809$2$2
  0C:0779    A$TSIPMon$3402
  0C:0779    C$TSIPMon.c$812$1$1
  0C:077C    A$TSIPMon$3404
  0C:077D    A$TSIPMon$3410
  0C:077D    C$TSIPMon.c$813$2$3
  0C:077F    A$TSIPMon$3413
  0C:0780    A$TSIPMon$3414
  0C:0782    A$TSIPMon$3415
  0C:0784    A$TSIPMon$3416
  0C:0786    A$TSIPMon$3420
  0C:0788    A$TSIPMon$3425
  0C:0788    C$TSIPMon.c$814$2$3
  0C:078B    A$TSIPMon$3430
  0C:078B    C$TSIPMon.c$816$2$3
  0C:078E    A$TSIPMon$3434
  0C:078E    C$TSIPMon.c$817$2$3
  0C:0791    A$TSIPMon$3435
  0C:0794    A$TSIPMon$3440
  0C:0794    C$TSIPMon.c$818$2$3
  0C:0796    A$TSIPMon$3442
  0C:0799    A$TSIPMon$3443
  0C:079C    A$TSIPMon$3447
  0C:079D    A$TSIPMon$3449
  0C:079F    A$TSIPMon$3450
  0C:07A2    A$TSIPMon$3451
  0C:07A5    A$TSIPMon$3452
  0C:07A7    A$TSIPMon$3454
  0C:07A9    A$TSIPMon$3455
  0C:07AC    A$TSIPMon$3458
  0C:07AE    A$TSIPMon$3460
  0C:07B0    A$TSIPMon$3461
  0C:07B2    A$TSIPMon$3462
  0C:07B5    A$TSIPMon$3463
  0C:07B6    A$TSIPMon$3465
  0C:07B9    A$TSIPMon$3466
  0C:07BC    A$TSIPMon$3467
  0C:07BF    A$TSIPMon$3468
  0C:07C2    A$TSIPMon$3469
  0C:07C5    A$TSIPMon$3470
  0C:07C8    A$TSIPMon$3478
  0C:07C8    C$TSIPMon.c$819$3$4
  0C:07C8    C$TSIPMon.c$820$3$4
  0C:07CB    A$TSIPMon$3479
  0C:07CE    A$TSIPMon$3480
  0C:07CF    A$TSIPMon$3481
  0C:07D0    A$TSIPMon$3484
  0C:07D1    A$TSIPMon$3487
  0C:07D2    A$TSIPMon$3489
  0C:07D5    A$TSIPMon$3490
  0C:07D6    A$TSIPMon$3492
  0C:07D8    A$TSIPMon$3493
  0C:07D9    A$TSIPMon$3495
  0C:07DA    A$TSIPMon$3496
  0C:07DC    A$TSIPMon$3497
  0C:07DD    A$TSIPMon$3499
  0C:07DF    A$TSIPMon$3500
  0C:07E1    A$TSIPMon$3501
  0C:07E4    A$TSIPMon$3504
  0C:07E7    A$TSIPMon$3505
  0C:07EA    A$TSIPMon$3506
  0C:07ED    A$TSIPMon$3509
  0C:07ED    C$TSIPMon.c$821$3$4
  0C:07F0    A$TSIPMon$3517
  0C:07F0    C$TSIPMon.c$823$3$4
  0C:07F0    C$TSIPMon.c$824$3$4
  0C:07F2    A$TSIPMon$3518
  0C:07F4    A$TSIPMon$3519
  0C:07F6    A$TSIPMon$3521
  0C:07F7    A$TSIPMon$3522
  0C:07F9    A$TSIPMon$3523
  0C:07FB    A$TSIPMon$3526
  0C:07FC    A$TSIPMon$3529
  0C:07FD    A$TSIPMon$3531
  0C:0800    A$TSIPMon$3532
  0C:0801    A$TSIPMon$3534
  0C:0803    A$TSIPMon$3535
  0C:0804    A$TSIPMon$3537
  0C:0805    A$TSIPMon$3538
  0C:0807    A$TSIPMon$3539
  0C:0808    A$TSIPMon$3541
  0C:080A    A$TSIPMon$3542
  0C:080C    A$TSIPMon$3543
  0C:080F    A$TSIPMon$3546
  0C:0812    A$TSIPMon$3547
  0C:0815    A$TSIPMon$3548
  0C:0818    A$TSIPMon$3551
  0C:0818    C$TSIPMon.c$825$3$4
  0C:081B    A$TSIPMon$3559
  0C:081B    C$TSIPMon.c$827$3$4
  0C:081B    C$TSIPMon.c$828$3$4
  0C:081E    A$TSIPMon$3560
  0C:0821    A$TSIPMon$3561
  0C:0822    A$TSIPMon$3564
  0C:0823    A$TSIPMon$3567
  0C:0824    A$TSIPMon$3569
  0C:0827    A$TSIPMon$3570
  0C:0828    A$TSIPMon$3572
  0C:082A    A$TSIPMon$3573
  0C:082B    A$TSIPMon$3575
  0C:082C    A$TSIPMon$3576
  0C:082E    A$TSIPMon$3577
  0C:082F    A$TSIPMon$3579
  0C:0831    A$TSIPMon$3580
  0C:0833    A$TSIPMon$3581
  0C:0836    A$TSIPMon$3584
  0C:0839    A$TSIPMon$3585
  0C:083C    A$TSIPMon$3586
  0C:083F    A$TSIPMon$3589
  0C:083F    C$TSIPMon.c$829$3$4
  0C:0842    A$TSIPMon$3597
  0C:0842    C$TSIPMon.c$831$3$4
  0C:0842    C$TSIPMon.c$832$3$4
  0C:0844    A$TSIPMon$3598
  0C:0846    A$TSIPMon$3599
  0C:0848    A$TSIPMon$3601
  0C:0849    A$TSIPMon$3602
  0C:084B    A$TSIPMon$3603
  0C:084D    A$TSIPMon$3606
  0C:084E    A$TSIPMon$3609
  0C:084F    A$TSIPMon$3611
  0C:0852    A$TSIPMon$3612
  0C:0853    A$TSIPMon$3614
  0C:0855    A$TSIPMon$3615
  0C:0856    A$TSIPMon$3616
  0C:0858    A$TSIPMon$3617
  0C:085A    A$TSIPMon$3618
  0C:085B    A$TSIPMon$3620
  0C:085D    A$TSIPMon$3621
  0C:085F    A$TSIPMon$3622
  0C:0862    A$TSIPMon$3625
  0C:0865    A$TSIPMon$3626
  0C:0868    A$TSIPMon$3627
  0C:086B    A$TSIPMon$3630
  0C:086B    C$TSIPMon.c$833$3$4
  0C:086E    A$TSIPMon$3637
  0C:086E    C$TSIPMon.c$835$3$4
  0C:086E    C$TSIPMon.c$836$3$4
  0C:0871    A$TSIPMon$3641
  0C:0871    C$TSIPMon.c$837$3$4
  0C:0874    A$TSIPMon$3642
  0C:0875    A$TSIPMon$3643
  0C:0877    A$TSIPMon$3650
  0C:0877    C$TSIPMon.c$840$3$4
  0C:0877    C$TSIPMon.c$841$3$4
  0C:0879    A$TSIPMon$3651
  0C:087B    A$TSIPMon$3652
  0C:087D    A$TSIPMon$3654
  0C:087E    A$TSIPMon$3655
  0C:0880    A$TSIPMon$3656
  0C:0882    A$TSIPMon$3659
  0C:0883    A$TSIPMon$3660
  0C:0884    A$TSIPMon$3664
  0C:0886    A$TSIPMon$3668
  0C:0886    C$TSIPMon.c$842$3$4
  0C:0888    A$TSIPMon$3669
  0C:088A    A$TSIPMon$3672
  0C:088C    A$TSIPMon$3674
  0C:088D    A$TSIPMon$3675
  0C:088E    A$TSIPMon$3677
  0C:088F    A$TSIPMon$3679
  0C:0890    A$TSIPMon$3680
  0C:0891    A$TSIPMon$3683
  0C:0892    A$TSIPMon$3684
  0C:0894    A$TSIPMon$3685
  0C:0896    A$TSIPMon$3687
  0C:0897    A$TSIPMon$3688
  0C:0899    A$TSIPMon$3689
  0C:089B    A$TSIPMon$3692
  0C:089C    A$TSIPMon$3693
  0C:089D    A$TSIPMon$3697
  0C:089F    A$TSIPMon$3702
  0C:089F    C$TSIPMon.c$843$3$4
  0C:08A1    A$TSIPMon$3704
  0C:08A2    A$TSIPMon$3705
  0C:08A3    A$TSIPMon$3707
  0C:08A4    A$TSIPMon$3709
  0C:08A5    A$TSIPMon$3710
  0C:08A6    A$TSIPMon$3713
  0C:08A7    A$TSIPMon$3714
  0C:08A9    A$TSIPMon$3715
  0C:08AB    A$TSIPMon$3717
  0C:08AC    A$TSIPMon$3718
  0C:08AE    A$TSIPMon$3719
  0C:08B0    A$TSIPMon$3722
  0C:08B1    A$TSIPMon$3723
  0C:08B2    A$TSIPMon$3727
  0C:08B4    A$TSIPMon$3732
  0C:08B4    C$TSIPMon.c$844$3$4
  0C:08B6    A$TSIPMon$3734
  0C:08B7    A$TSIPMon$3735
  0C:08B8    A$TSIPMon$3737
  0C:08B9    A$TSIPMon$3739
  0C:08BA    A$TSIPMon$3740
  0C:08BB    A$TSIPMon$3743
  0C:08BC    A$TSIPMon$3744
  0C:08BE    A$TSIPMon$3745
  0C:08C0    A$TSIPMon$3747
  0C:08C1    A$TSIPMon$3748
  0C:08C3    A$TSIPMon$3749
  0C:08C5    A$TSIPMon$3752
  0C:08C6    A$TSIPMon$3753
  0C:08C7    A$TSIPMon$3757
  0C:08C9    A$TSIPMon$3762
  0C:08C9    C$TSIPMon.c$846$3$4
  0C:08CC    A$TSIPMon$3763
  0C:08CF    A$TSIPMon$3764
  0C:08D2    A$TSIPMon$3765
  0C:08D4    A$TSIPMon$3766
  0C:08D7    A$TSIPMon$3767
  0C:08DA    A$TSIPMon$3773
  0C:08DA    C$TSIPMon.c$847$3$4
  0C:08DD    A$TSIPMon$3774
  0C:08E0    A$TSIPMon$3775
  0C:08E3    A$TSIPMon$3776
  0C:08E6    A$TSIPMon$3778
  0C:08E8    A$TSIPMon$3779
  0C:08EA    A$TSIPMon$3781
  0C:08EC    A$TSIPMon$3782
  0C:08EE    A$TSIPMon$3783
  0C:08F1    A$TSIPMon$3784
  0C:08F3    A$TSIPMon$3785
  0C:08F5    A$TSIPMon$3786
  0C:08F7    A$TSIPMon$3787
  0C:08F8    A$TSIPMon$3789
  0C:08FA    A$TSIPMon$3790
  0C:08FC    A$TSIPMon$3791
  0C:08FE    A$TSIPMon$3792
  0C:0900    A$TSIPMon$3794
  0C:0903    A$TSIPMon$3795
  0C:0906    A$TSIPMon$3796
  0C:0909    A$TSIPMon$3797
  0C:090B    A$TSIPMon$3798
  0C:090E    A$TSIPMon$3799
  0C:0911    A$TSIPMon$3800
  0C:0914    A$TSIPMon$3801
  0C:0917    A$TSIPMon$3802
  0C:0919    A$TSIPMon$3803
  0C:091B    A$TSIPMon$3804
  0C:091D    A$TSIPMon$3805
  0C:091F    A$TSIPMon$3807
  0C:0922    A$TSIPMon$3808
  0C:0925    A$TSIPMon$3809
  0C:0928    A$TSIPMon$3810
  0C:092A    A$TSIPMon$3811
  0C:092C    A$TSIPMon$3812
  0C:092E    A$TSIPMon$3813
  0C:092F    A$TSIPMon$3815
  0C:0931    A$TSIPMon$3816
  0C:0933    A$TSIPMon$3817
  0C:0935    A$TSIPMon$3818
  0C:0937    A$TSIPMon$3820
  0C:093A    A$TSIPMon$3821
  0C:093D    A$TSIPMon$3822
  0C:0940    A$TSIPMon$3823
  0C:0942    A$TSIPMon$3824
  0C:0945    A$TSIPMon$3825
  0C:0947    A$TSIPMon$3826
  0C:0949    A$TSIPMon$3827
  0C:094B    A$TSIPMon$3828
  0C:094C    A$TSIPMon$3829
  0C:094E    A$TSIPMon$3830
  0C:0950    A$TSIPMon$3831
  0C:0952    A$TSIPMon$3833
  0C:0954    A$TSIPMon$3834
  0C:0956    A$TSIPMon$3835
  0C:0958    A$TSIPMon$3836
  0C:0959    A$TSIPMon$3837
  0C:095C    A$TSIPMon$3838
  0C:095F    A$TSIPMon$3839
  0C:0962    A$TSIPMon$3844
  0C:0962    C$TSIPMon.c$853$3$4
  0C:0964    A$TSIPMon$3845
  0C:0966    A$TSIPMon$3848
  0C:0969    A$TSIPMon$3849
  0C:096A    A$TSIPMon$3851
  0C:096C    A$TSIPMon$3852
  0C:096D    A$TSIPMon$3854
  0C:096E    A$TSIPMon$3855
  0C:0970    A$TSIPMon$3856
  0C:0971    A$TSIPMon$3858
  0C:0973    A$TSIPMon$3859
  0C:0975    A$TSIPMon$3860
  0C:0978    A$TSIPMon$3863
  0C:097B    A$TSIPMon$3864
  0C:097E    A$TSIPMon$3865
  0C:0981    A$TSIPMon$3869
  0C:0981    C$TSIPMon.c$854$3$4
  0C:0983    A$TSIPMon$3870
  0C:0985    A$TSIPMon$3873
  0C:0987    A$TSIPMon$3874
  0C:0989    A$TSIPMon$3875
  0C:098B    A$TSIPMon$3877
  0C:098C    A$TSIPMon$3878
  0C:098E    A$TSIPMon$3879
  0C:0990    A$TSIPMon$3881
  0C:0993    A$TSIPMon$3883
  0C:0995    A$TSIPMon$3884
  0C:0997    A$TSIPMon$3885
  0C:099A    A$TSIPMon$3890
  0C:099A    C$TSIPMon.c$855$3$4
  0C:099D    A$TSIPMon$3891
  0C:099F    A$TSIPMon$3892
  0C:09A0    A$TSIPMon$3897
  0C:09A0    C$TSIPMon.c$856$3$4
  0C:09A2    A$TSIPMon$3898
  0C:09A4    A$TSIPMon$3899
  0C:09A6    A$TSIPMon$3901
  0C:09A7    A$TSIPMon$3902
  0C:09A9    A$TSIPMon$3903
  0C:09AB    A$TSIPMon$3906
  0C:09AD    A$TSIPMon$3907
  0C:09AF    A$TSIPMon$3913
  0C:09B1    A$TSIPMon$3917
  0C:09B2    A$TSIPMon$3919
  0C:09B4    A$TSIPMon$3920
  0C:09B6    A$TSIPMon$3922
  0C:09B9    A$TSIPMon$3923
  0C:09BC    A$TSIPMon$3924
  0C:09BF    A$TSIPMon$3928
  0C:09BF    C$TSIPMon.c$858$2$1
  0C:09C1    A$TSIPMon$3932
  0C:09C4    A$TSIPMon$3936
  0C:09C6    A$TSIPMon$3942
  0C:09C6    C$TSIPMon.c$859$4$5
  0C:09C8    A$TSIPMon$3944
  0C:09C9    A$TSIPMon$3946
  0C:09CB    A$TSIPMon$3947
  0C:09CD    A$TSIPMon$3949
  0C:09CE    A$TSIPMon$3950
  0C:09D0    A$TSIPMon$3951
  0C:09D2    A$TSIPMon$3954
  0C:09D3    A$TSIPMon$3955
  0C:09D4    A$TSIPMon$3960
  0C:09D7    A$TSIPMon$3968
  0C:09D7    C$TSIPMon.c$860$4$5
  0C:09D9    A$TSIPMon$3970
  0C:09DA    A$TSIPMon$3972
  0C:09DC    A$TSIPMon$3973
  0C:09DE    A$TSIPMon$3975
  0C:09DF    A$TSIPMon$3976
  0C:09E1    A$TSIPMon$3977
  0C:09E3    A$TSIPMon$3980
  0C:09E5    A$TSIPMon$3981
  0C:09E6    A$TSIPMon$3986
  0C:09E6    C$TSIPMon.c$858$3$4
  0C:09E7    A$TSIPMon$3990
  0C:09E7    C$TSIPMon.c$866$2$3
  0C:09E9    A$TSIPMon$3995
  0C:09E9    C$TSIPMon.c$867$2$3
  0C:09EC    A$TSIPMon$3996
  0C:09EF    A$TSIPMon$3998
  0C:09F2    A$TSIPMon$4000
  0C:09F5    A$TSIPMon$4004
  0C:09F5    C$TSIPMon.c$870$2$1
  0C:09F5    XG$SupplementalTiming$0$0
  0C:09F8    A$TSIPMon$4017
  0C:09F8    C$TSIPMon.c$876$2$1
  0C:09F8    G$External_Interrupt_0$0$0
  0C:09F8    _External_Interrupt_0
  0C:09FA    A$TSIPMon$4018
  0C:09FC    A$TSIPMon$4019
  0C:09FE    A$TSIPMon$4020
  0C:0A00    A$TSIPMon$4021
  0C:0A02    A$TSIPMon$4022
  0C:0A04    A$TSIPMon$4023
  0C:0A06    A$TSIPMon$4024
  0C:0A08    A$TSIPMon$4025
  0C:0A0A    A$TSIPMon$4026
  0C:0A0C    A$TSIPMon$4027
  0C:0A0E    A$TSIPMon$4028
  0C:0A10    A$TSIPMon$4029
  0C:0A12    A$TSIPMon$4030
  0C:0A15    A$TSIPMon$4038
  0C:0A15    C$TSIPMon.c$881$2$2
  0C:0A18    A$TSIPMon$4039
  0C:0A1A    A$TSIPMon$4044
  0C:0A1A    C$TSIPMon.c$882$2$2
  0C:0A1C    A$TSIPMon$4045
  0C:0A1D    A$TSIPMon$4049
  0C:0A1D    C$TSIPMon.c$883$2$2
  0C:0A1F    A$TSIPMon$4051
  0C:0A21    A$TSIPMon$4055
  0C:0A21    C$TSIPMon.c$884$2$2
  0C:0A24    A$TSIPMon$4056
  0C:0A25    A$TSIPMon$4057
  0C:0A27    A$TSIPMon$4059
  0C:0A2A    A$TSIPMon$4060
  0C:0A2D    A$TSIPMon$4062
  0C:0A2F    A$TSIPMon$4063
  0C:0A31    A$TSIPMon$4064
  0C:0A33    A$TSIPMon$4065
  0C:0A35    A$TSIPMon$4066
  0C:0A37    A$TSIPMon$4067
  0C:0A39    A$TSIPMon$4068
  0C:0A3B    A$TSIPMon$4069
  0C:0A3D    A$TSIPMon$4070
  0C:0A3F    A$TSIPMon$4071
  0C:0A41    A$TSIPMon$4072
  0C:0A43    A$TSIPMon$4073
  0C:0A45    A$TSIPMon$4074
  0C:0A47    A$TSIPMon$4077
  0C:0A47    C$TSIPMon.c$887$2$1
  0C:0A47    XG$External_Interrupt_0$0$0
  0C:0A48    A$TSIPMon$4089
  0C:0A48    C$TSIPMon.c$893$2$1
  0C:0A48    G$External_Interrupt_1$0$0
  0C:0A48    _External_Interrupt_1
  0C:0A4A    A$TSIPMon$4090
  0C:0A4C    A$TSIPMon$4091
  0C:0A4E    A$TSIPMon$4092
  0C:0A50    A$TSIPMon$4093
  0C:0A52    A$TSIPMon$4094
  0C:0A54    A$TSIPMon$4095
  0C:0A56    A$TSIPMon$4096
  0C:0A58    A$TSIPMon$4097
  0C:0A5A    A$TSIPMon$4098
  0C:0A5C    A$TSIPMon$4099
  0C:0A5E    A$TSIPMon$4100
  0C:0A60    A$TSIPMon$4101
  0C:0A62    A$TSIPMon$4102
  0C:0A65    A$TSIPMon$4106
  0C:0A68    A$TSIPMon$4111
  0C:0A68    C$TSIPMon.c$896$1$1
  0C:0A6B    A$TSIPMon$4112
  0C:0A6E    A$TSIPMon$4117
  0C:0A70    A$TSIPMon$4122
  0C:0A70    C$TSIPMon.c$898$2$2
  0C:0A72    A$TSIPMon$4126
  0C:0A72    C$TSIPMon.c$899$2$2
  0C:0A74    A$TSIPMon$4130
  0C:0A74    C$TSIPMon.c$904$2$2
  0C:0A77    A$TSIPMon$4131
  0C:0A78    A$TSIPMon$4132
  0C:0A7A    A$TSIPMon$4134
  0C:0A7D    A$TSIPMon$4135
  0C:0A80    A$TSIPMon$4137
  0C:0A82    A$TSIPMon$4138
  0C:0A84    A$TSIPMon$4139
  0C:0A86    A$TSIPMon$4140
  0C:0A88    A$TSIPMon$4141
  0C:0A8A    A$TSIPMon$4142
  0C:0A8C    A$TSIPMon$4143
  0C:0A8E    A$TSIPMon$4144
  0C:0A90    A$TSIPMon$4145
  0C:0A92    A$TSIPMon$4146
  0C:0A94    A$TSIPMon$4147
  0C:0A96    A$TSIPMon$4148
  0C:0A98    A$TSIPMon$4149
  0C:0A9A    A$TSIPMon$4152
  0C:0A9A    C$TSIPMon.c$907$2$1
  0C:0A9A    XG$External_Interrupt_1$0$0
  0C:0A9B    A$TSIPMon$4167
  0C:0A9B    C$TSIPMon.c$915$2$1
  0C:0A9B    G$Timer_1_Overflow$0$0
  0C:0A9B    XG$Timer_1_Overflow$0$0
  0C:0A9B    _Timer_1_Overflow
  0C:0A9C    A$TSIPMon$4187
  0C:0A9C    C$TSIPMon.c$918$2$1
  0C:0A9C    G$SPI0$0$0
  0C:0A9C    XG$SPI0$0$0
  0C:0A9C    _SPI0
  0C:0A9D    A$TSIPMon$4207
  0C:0A9D    C$TSIPMon.c$919$2$1
  0C:0A9D    G$SMB0$0$0
  0C:0A9D    XG$SMB0$0$0
  0C:0A9D    _SMB0
  0C:0A9E    A$TSIPMon$4227
  0C:0A9E    C$TSIPMon.c$921$2$1
  0C:0A9E    G$ADC0_Window_Comparator$0$0
  0C:0A9E    XG$ADC0_Window_Comparator$0$0
  0C:0A9E    _ADC0_Window_Comparator
  0C:0A9F    A$TSIPMon$4247
  0C:0A9F    C$TSIPMon.c$922$2$1
  0C:0A9F    G$ADC0_End_of_Conversion$0$0
  0C:0A9F    XG$ADC0_End_of_Conversion$0$0
  0C:0A9F    _ADC0_End_of_Conversion
  0C:0AA0    A$TSIPMon$4267
  0C:0AA0    C$TSIPMon.c$923$2$1
  0C:0AA0    G$Programmable_Counter_Array$0$0
  0C:0AA0    XG$Programmable_Counter_Array$0$0
  0C:0AA0    _Programmable_Counter_Array
  0C:0AA1    A$TSIPMon$4287
  0C:0AA1    C$TSIPMon.c$924$2$1
  0C:0AA1    G$Comparator$0$0
  0C:0AA1    XG$Comparator$0$0
  0C:0AA1    _Comparator
  0C:0AA2    A$TSIPMon$4307
  0C:0AA2    C$TSIPMon.c$926$2$1
  0C:0AA2    G$Timer_3_Overflow$0$0
  0C:0AA2    XG$Timer_3_Overflow$0$0
  0C:0AA2    _Timer_3_Overflow
  0C:0AA3    A$lcd_if$810
  0C:0AA3    C$lcd_if.c$164$0$0
  0C:0AA3    C$lcd_if.c$173$1$1
  0C:0AA3    G$InitLCD$0$0
  0C:0AA3    _InitLCD
  0C:0AA6    A$lcd_if$811
  0C:0AA9    A$lcd_if$815
  0C:0AA9    C$lcd_if.c$174$1$1
  0C:0AAC    A$lcd_if$819
  0C:0AAC    C$lcd_if.c$175$1$1
  0C:0AAF    A$lcd_if$824
  0C:0AAF    C$lcd_if.c$176$1$1
  0C:0AB2    A$lcd_if$825
  0C:0AB5    A$lcd_if$829
  0C:0AB5    C$lcd_if.c$177$1$1
  0C:0AB8    A$lcd_if$834
  0C:0AB8    C$lcd_if.c$178$1$1
  0C:0ABB    A$lcd_if$835
  0C:0ABE    A$lcd_if$839
  0C:0ABE    C$lcd_if.c$179$1$1
  0C:0AC1    A$lcd_if$843
  0C:0AC1    C$lcd_if.c$180$1$1
  0C:0AC4    A$lcd_if$847
  0C:0AC4    C$lcd_if.c$181$1$1
  0C:0AC7    A$lcd_if$852
  0C:0AC7    C$lcd_if.c$182$1$1
  0C:0ACA    A$lcd_if$853
  0C:0ACD    A$lcd_if$857
  0C:0ACD    C$lcd_if.c$186$1$1
  0C:0AD0    A$lcd_if$858
  0C:0AD3    A$lcd_if$862
  0C:0AD3    C$lcd_if.c$188$1$1
  0C:0AD6    A$lcd_if$863
  0C:0AD9    A$lcd_if$867
  0C:0AD9    C$lcd_if.c$190$1$1
  0C:0ADC    A$lcd_if$868
  0C:0ADF    A$lcd_if$872
  0C:0ADF    C$lcd_if.c$192$1$1
  0C:0AE2    A$lcd_if$873
  0C:0AE5    A$lcd_if$878
  0C:0AE5    C$lcd_if.c$193$1$1
  0C:0AE8    A$lcd_if$882
  0C:0AE8    C$lcd_if.c$195$1$1
  0C:0AE8    XG$InitLCD$0$0
  0C:0AEB    A$lcd_if$898
  0C:0AEB    C$lcd_if.c$204$1$1
  0C:0AEB    G$ClearLCD$0$0
  0C:0AEB    _ClearLCD
  0C:0AED    A$lcd_if$905
  0C:0AED    C$lcd_if.c$208$1$1
  0C:0AF0    A$lcd_if$912
  0C:0AF0    C$lcd_if.c$210$2$2
  0C:0AF3    A$lcd_if$913
  0C:0AF6    A$lcd_if$918
  0C:0AF6    C$lcd_if.c$212$2$2
  0C:0AF9    A$lcd_if$922
  0C:0AFC    A$lcd_if$927
  0C:0AFC    C$lcd_if.c$215$2$3
  0C:0AFD    A$lcd_if$930
  0C:0B00    A$lcd_if$935
  0C:0B00    C$lcd_if.c$217$3$4
  0C:0B03    A$lcd_if$936
  0C:0B05    A$lcd_if$937
  0C:0B08    A$lcd_if$938
  0C:0B0A    A$lcd_if$942
  0C:0B0A    C$lcd_if.c$218$1$1
  0C:0B0C    A$lcd_if$946
  0C:0B0F    A$lcd_if$950
  0C:0B11    A$lcd_if$955
  0C:0B11    C$lcd_if.c$219$4$5
  0C:0B13    A$lcd_if$956
  0C:0B15    A$lcd_if$957
  0C:0B18    A$lcd_if$958
  0C:0B1A    A$lcd_if$959
  0C:0B1C    A$lcd_if$960
  0C:0B1D    A$lcd_if$961
  0C:0B1E    A$lcd_if$965
  0C:0B1E    C$lcd_if.c$220$4$5
  0C:0B21    A$lcd_if$966
  0C:0B23    A$lcd_if$967
  0C:0B25    A$lcd_if$968
  0C:0B28    A$lcd_if$969
  0C:0B2A    A$lcd_if$970
  0C:0B2C    A$lcd_if$975
  0C:0B2C    C$lcd_if.c$221$4$5
  0C:0B2D    A$lcd_if$977
  0C:0B2F    A$lcd_if$982
  0C:0B2F    C$lcd_if.c$224$2$3
  0C:0B30    A$lcd_if$985
  0C:0B33    A$lcd_if$990
  0C:0B33    C$lcd_if.c$226$3$6
  0C:0B36    A$lcd_if$991
  0C:0B39    A$lcd_if$995
  0C:0B39    C$lcd_if.c$228$1$1
  0C:0B3B    A$lcd_if$999
  0C:0B3E    A$lcd_if$1003
  0C:0B40    A$lcd_if$1008
  0C:0B40    C$lcd_if.c$229$4$7
  0C:0B42    A$lcd_if$1009
  0C:0B45    A$lcd_if$1010
  0C:0B47    A$lcd_if$1011
  0C:0B48    A$lcd_if$1012
  0C:0B49    A$lcd_if$1016
  0C:0B49    C$lcd_if.c$230$4$7
  0C:0B4C    A$lcd_if$1017
  0C:0B4E    A$lcd_if$1018
  0C:0B51    A$lcd_if$1019
  0C:0B53    A$lcd_if$1024
  0C:0B53    C$lcd_if.c$231$4$7
  0C:0B54    A$lcd_if$1026
  0C:0B56    A$lcd_if$1030
  0C:0B56    C$lcd_if.c$235$1$1
  0C:0B56    XG$ClearLCD$0$0
  0C:0B57    A$lcd_if$1046
  0C:0B57    C$lcd_if.c$246$1$1
  0C:0B57    G$printLCD$0$0
  0C:0B57    _printLCD
  0C:0B59    A$lcd_if$1053
  0C:0B59    C$lcd_if.c$249$1$1
  0C:0B5C    A$lcd_if$1061
  0C:0B5C    C$lcd_if.c$250$1$1
  0C:0B5E    A$lcd_if$1062
  0C:0B60    A$lcd_if$1063
  0C:0B62    A$lcd_if$1065
  0C:0B65    A$lcd_if$1067
  0C:0B67    A$lcd_if$1073
  0C:0B67    C$lcd_if.c$252$1$1
  0C:0B69    A$lcd_if$1074
  0C:0B6B    A$lcd_if$1075
  0C:0B6D    A$lcd_if$1077
  0C:0B70    A$lcd_if$1083
  0C:0B70    C$lcd_if.c$255$1$1
  0C:0B72    A$lcd_if$1084
  0C:0B74    A$lcd_if$1085
  0C:0B77    A$lcd_if$1086
  0C:0B79    A$lcd_if$1091
  0C:0B79    C$lcd_if.c$256$1$1
  0C:0B7B    A$lcd_if$1092
  0C:0B7D    A$lcd_if$1096
  0C:0B7E    A$lcd_if$1097
  0C:0B81    A$lcd_if$1098
  0C:0B82    A$lcd_if$1102
  0C:0B84    A$lcd_if$1103
  0C:0B86    A$lcd_if$1104
  0C:0B87    A$lcd_if$1108
  0C:0B88    A$lcd_if$1110
  0C:0B8A    A$lcd_if$1115
  0C:0B8A    C$lcd_if.c$257$2$2
  0C:0B8C    A$lcd_if$1116
  0C:0B8E    A$lcd_if$1117
  0C:0B91    A$lcd_if$1118
  0C:0B93    A$lcd_if$1119
  0C:0B95    A$lcd_if$1120
  0C:0B96    A$lcd_if$1121
  0C:0B97    A$lcd_if$1126
  0C:0B97    C$lcd_if.c$258$2$2
  0C:0B99    A$lcd_if$1127
  0C:0B9B    A$lcd_if$1128
  0C:0B9C    A$lcd_if$1130
  0C:0B9D    A$lcd_if$1132
  0C:0B9F    A$lcd_if$1133
  0C:0BA1    A$lcd_if$1134
  0C:0BA3    A$lcd_if$1135
  0C:0BA6    A$lcd_if$1136
  0C:0BA8    A$lcd_if$1137
  0C:0BAA    A$lcd_if$1139
  0C:0BAC    A$lcd_if$1143
  0C:0BAC    C$lcd_if.c$262$1$1
  0C:0BAC    XG$printLCD$0$0
  0C:0BAD    A$lcd_if$1159
  0C:0BAD    C$lcd_if.c$269$1$1
  0C:0BAD    G$printCode2LCD$0$0
  0C:0BAD    _printCode2LCD
  0C:0BAF    A$lcd_if$1166
  0C:0BAF    C$lcd_if.c$272$1$1
  0C:0BB2    A$lcd_if$1174
  0C:0BB2    C$lcd_if.c$273$1$1
  0C:0BB4    A$lcd_if$1175
  0C:0BB6    A$lcd_if$1176
  0C:0BB8    A$lcd_if$1178
  0C:0BBB    A$lcd_if$1180
  0C:0BBD    A$lcd_if$1186
  0C:0BBD    C$lcd_if.c$275$1$1
  0C:0BBF    A$lcd_if$1187
  0C:0BC1    A$lcd_if$1188
  0C:0BC3    A$lcd_if$1190
  0C:0BC6    A$lcd_if$1195
  0C:0BC6    C$lcd_if.c$279$1$1
  0C:0BC8    A$lcd_if$1196
  0C:0BCA    A$lcd_if$1201
  0C:0BCA    C$lcd_if.c$280$2$2
  0C:0BCC    A$lcd_if$1202
  0C:0BCE    A$lcd_if$1203
  0C:0BD1    A$lcd_if$1204
  0C:0BD3    A$lcd_if$1205
  0C:0BD5    A$lcd_if$1206
  0C:0BD6    A$lcd_if$1207
  0C:0BD7    A$lcd_if$1212
  0C:0BD7    C$lcd_if.c$281$2$2
  0C:0BD9    A$lcd_if$1213
  0C:0BDB    A$lcd_if$1214
  0C:0BDC    A$lcd_if$1215
  0C:0BDD    A$lcd_if$1216
  0C:0BDE    A$lcd_if$1217
  0C:0BDF    A$lcd_if$1218
  0C:0BE1    A$lcd_if$1219
  0C:0BE3    A$lcd_if$1221
  0C:0BE5    A$lcd_if$1222
  0C:0BE7    A$lcd_if$1223
  0C:0BE9    A$lcd_if$1224
  0C:0BEC    A$lcd_if$1225
  0C:0BEE    A$lcd_if$1226
  0C:0BF0    A$lcd_if$1231
  0C:0BF0    C$lcd_if.c$282$1$1
  0C:0BF2    A$lcd_if$1232
  0C:0BF4    A$lcd_if$1233
  0C:0BF5    A$lcd_if$1234
  0C:0BF6    A$lcd_if$1237
  0C:0BF7    A$lcd_if$1239
  0C:0BF9    A$lcd_if$1242
  0C:0BFB    A$lcd_if$1247
  0C:0BFB    C$lcd_if.c$284$1$1
  0C:0BFB    XG$printCode2LCD$0$0
  0C:0BFC    A$lcd_if$1262
  0C:0BFC    C$lcd_if.c$299$1$1
  0C:0BFC    G$IRWriteLCD$0$0
  0C:0BFC    _IRWriteLCD
  0C:0BFE    A$lcd_if$1266
  0C:0BFE    C$lcd_if.c$305$1$1
  0C:0C00    A$lcd_if$1267
  0C:0C03    A$lcd_if$1268
  0C:0C05    A$lcd_if$1272
  0C:0C05    C$lcd_if.c$306$1$1
  0C:0C07    A$lcd_if$1273
  0C:0C08    A$lcd_if$1274
  0C:0C09    A$lcd_if$1278
  0C:0C09    C$lcd_if.c$310$1$1
  0C:0C0B    A$lcd_if$1282
  0C:0C0B    C$lcd_if.c$311$1$1
  0C:0C0D    A$lcd_if$1283
  0C:0C10    A$lcd_if$1284
  0C:0C12    A$lcd_if$1288
  0C:0C12    C$lcd_if.c$312$1$1
  0C:0C14    A$lcd_if$1289
  0C:0C17    A$lcd_if$1290
  0C:0C19    A$lcd_if$1294
  0C:0C19    C$lcd_if.c$313$1$1
  0C:0C1B    A$lcd_if$1295
  0C:0C1E    A$lcd_if$1296
  0C:0C20    A$lcd_if$1300
  0C:0C20    C$lcd_if.c$317$1$1
  0C:0C22    A$lcd_if$1301
  0C:0C23    A$lcd_if$1307
  0C:0C23    C$lcd_if.c$319$1$1
  0C:0C24    A$lcd_if$1309
  0C:0C25    A$lcd_if$1310
  0C:0C27    A$lcd_if$1311
  0C:0C29    A$lcd_if$1315
  0C:0C29    C$lcd_if.c$322$1$1
  0C:0C2C    A$lcd_if$1319
  0C:0C2C    C$lcd_if.c$323$1$1
  0C:0C2F    A$lcd_if$1326
  0C:0C2F    C$lcd_if.c$324$1$1
  0C:0C2F    C$lcd_if.c$326$1$1
  0C:0C2F    XG$IRWriteLCD$0$0
  0C:0C32    A$lcd_if$1342
  0C:0C32    C$lcd_if.c$333$1$1
  0C:0C32    G$DRWriteLCD$0$0
  0C:0C32    _DRWriteLCD
  0C:0C34    A$lcd_if$1346
  0C:0C34    C$lcd_if.c$339$1$1
  0C:0C36    A$lcd_if$1347
  0C:0C39    A$lcd_if$1348
  0C:0C3B    A$lcd_if$1352
  0C:0C3B    C$lcd_if.c$340$1$1
  0C:0C3D    A$lcd_if$1353
  0C:0C3E    A$lcd_if$1354
  0C:0C3F    A$lcd_if$1358
  0C:0C3F    C$lcd_if.c$344$1$1
  0C:0C41    A$lcd_if$1362
  0C:0C41    C$lcd_if.c$345$1$1
  0C:0C43    A$lcd_if$1363
  0C:0C46    A$lcd_if$1364
  0C:0C48    A$lcd_if$1368
  0C:0C48    C$lcd_if.c$346$1$1
  0C:0C4A    A$lcd_if$1369
  0C:0C4D    A$lcd_if$1370
  0C:0C4F    A$lcd_if$1374
  0C:0C4F    C$lcd_if.c$347$1$1
  0C:0C51    A$lcd_if$1375
  0C:0C54    A$lcd_if$1376
  0C:0C56    A$lcd_if$1380
  0C:0C56    C$lcd_if.c$351$1$1
  0C:0C58    A$lcd_if$1381
  0C:0C59    A$lcd_if$1387
  0C:0C59    C$lcd_if.c$353$1$1
  0C:0C5A    A$lcd_if$1389
  0C:0C5B    A$lcd_if$1390
  0C:0C5D    A$lcd_if$1391
  0C:0C5F    A$lcd_if$1395
  0C:0C5F    C$lcd_if.c$356$1$1
  0C:0C62    A$lcd_if$1399
  0C:0C62    C$lcd_if.c$357$1$1
  0C:0C65    A$lcd_if$1406
  0C:0C65    C$lcd_if.c$358$1$1
  0C:0C65    C$lcd_if.c$360$1$1
  0C:0C65    XG$DRWriteLCD$0$0
  0C:0C68    A$lcd_if$1423
  0C:0C68    C$lcd_if.c$371$1$1
  0C:0C68    C$lcd_if.c$383$1$1
  0C:0C68    G$WaitLCD$0$0
  0C:0C68    _WaitLCD
  0C:0C6B    A$lcd_if$1427
  0C:0C6B    C$lcd_if.c$384$1$1
  0C:0C6E    A$lcd_if$1431
  0C:0C6E    C$lcd_if.c$385$1$1
  0C:0C71    A$lcd_if$1436
  0C:0C71    C$lcd_if.c$388$1$1
  0C:0C73    A$lcd_if$1441
  0C:0C75    A$lcd_if$1447
  0C:0C75    C$lcd_if.c$390$2$2
  0C:0C77    A$lcd_if$1451
  0C:0C77    C$lcd_if.c$391$1$1
  0C:0C79    A$lcd_if$1456
  0C:0C7B    A$lcd_if$1462
  0C:0C7B    C$lcd_if.c$393$2$2
  0C:0C7D    A$lcd_if$1463
  0C:0C7F    A$lcd_if$1467
  0C:0C7F    C$lcd_if.c$395$2$2
  0C:0C81    A$lcd_if$1473
  0C:0C81    C$lcd_if.c$396$1$1
  0C:0C84    A$lcd_if$1478
  0C:0C84    C$lcd_if.c$400$1$1
  0C:0C87    A$lcd_if$1482
  0C:0C87    C$lcd_if.c$402$1$1
  0C:0C88    A$lcd_if$1483
  0C:0C8A    A$lcd_if$1484
  0C:0C8B    A$lcd_if$1485
  0C:0C8D    A$lcd_if$1489
  0C:0C8D    C$lcd_if.c$404$1$1
  0C:0C8D    XG$WaitLCD$0$0
  0C:0C8E    A$lcd_if$1504
  0C:0C8E    C$lcd_if.c$415$1$1
  0C:0C8E    C$lcd_if.c$423$1$1
  0C:0C8E    G$SetLCDIn$0$0
  0C:0C8E    _SetLCDIn
  0C:0C90    A$lcd_if$1508
  0C:0C90    C$lcd_if.c$426$1$1
  0C:0C90    XG$SetLCDIn$0$0
  0C:0C91    A$lcd_if$1525
  0C:0C91    C$lcd_if.c$436$1$1
  0C:0C91    C$lcd_if.c$445$1$1
  0C:0C91    G$SetLCDOut$0$0
  0C:0C91    XG$SetLCDOut$0$0
  0C:0C91    _SetLCDOut
  0C:0C92    A$lcd_if$1541
  0C:0C92    C$lcd_if.c$450$1$1
  0C:0C92    C$lcd_if.c$454$1$1
  0C:0C92    G$ClockEn$0$0
  0C:0C92    _ClockEn
  0C:0C94    A$lcd_if$1545
  0C:0C94    C$lcd_if.c$457$1$1
  0C:0C96    A$lcd_if$1550
  0C:0C98    A$lcd_if$1556
  0C:0C98    C$lcd_if.c$459$1$1
  0C:0C9A    A$lcd_if$1560
  0C:0C9A    C$lcd_if.c$461$1$1
  0C:0C9A    XG$ClockEn$0$0
  0C:0C9B    A$lcd_if$1575
  0C:0C9B    C$lcd_if.c$468$1$1
  0C:0C9B    C$lcd_if.c$471$1$1
  0C:0C9B    G$SetLCDRs$0$0
  0C:0C9B    _SetLCDRs
  0C:0C9D    A$lcd_if$1579
  0C:0C9D    C$lcd_if.c$473$1$1
  0C:0C9D    XG$SetLCDRs$0$0
  0C:0C9E    A$lcd_if$1594
  0C:0C9E    C$lcd_if.c$480$1$1
  0C:0C9E    C$lcd_if.c$483$1$1
  0C:0C9E    G$ClrLCDRs$0$0
  0C:0C9E    _ClrLCDRs
  0C:0CA0    A$lcd_if$1598
  0C:0CA0    C$lcd_if.c$485$1$1
  0C:0CA0    XG$ClrLCDRs$0$0
  0C:0CA1    A$lcd_if$1613
  0C:0CA1    C$lcd_if.c$492$1$1
  0C:0CA1    C$lcd_if.c$495$1$1
  0C:0CA1    G$SetLCDRw$0$0
  0C:0CA1    _SetLCDRw
  0C:0CA3    A$lcd_if$1617
  0C:0CA3    C$lcd_if.c$497$1$1
  0C:0CA3    XG$SetLCDRw$0$0
  0C:0CA4    A$lcd_if$1632
  0C:0CA4    C$lcd_if.c$504$1$1
  0C:0CA4    C$lcd_if.c$507$1$1
  0C:0CA4    G$ClrLCDRw$0$0
  0C:0CA4    _ClrLCDRw
  0C:0CA6    A$lcd_if$1636
  0C:0CA6    C$lcd_if.c$509$1$1
  0C:0CA6    XG$ClrLCDRw$0$0
  0C:0CA7    A$iconv$793
  0C:0CA7    C$iconv.c$61$0$0
  0C:0CA7    G$AsciiToUnsigned$0$0
  0C:0CA7    _AsciiToUnsigned
  0C:0CA9    A$iconv$794
  0C:0CAB    A$iconv$798
  0C:0CAB    C$iconv.c$64$1$0
  0C:0CAD    A$iconv$802
  0C:0CAD    C$iconv.c$65$1$0
  0C:0CAF    A$iconv$803
  0C:0CB1    A$iconv$807
  0C:0CB1    C$iconv.c$67$1$1
  0C:0CB3    A$iconv$812
  0C:0CB6    A$iconv$816
  0C:0CB8    A$iconv$820
  0C:0CBB    A$iconv$824
  0C:0CBD    A$iconv$830
  0C:0CBD    C$iconv.c$68$2$2
  0C:0CBF    A$iconv$831
  0C:0CC1    A$iconv$832
  0C:0CC2    A$iconv$834
  0C:0CC3    A$iconv$838
  0C:0CC5    A$iconv$844
  0C:0CC5    C$iconv.c$71$2$2
  0C:0CC8    A$iconv$849
  0C:0CCA    A$iconv$856
  0C:0CCB    A$iconv$857
  0C:0CCD    A$iconv$858
  0C:0CCF    A$iconv$865
  0C:0CCF    C$iconv.c$72$3$3
  0C:0CD1    A$iconv$866
  0C:0CD3    A$iconv$867
  0C:0CD4    A$iconv$868
  0C:0CD5    A$iconv$871
  0C:0CD8    A$iconv$873
  0C:0CDA    A$iconv$878
  0C:0CDA    C$iconv.c$73$3$3
  0C:0CDC    A$iconv$880
  0C:0CDE    A$iconv$886
  0C:0CDE    C$iconv.c$75$3$4
  0C:0CDF    A$iconv$890
  0C:0CDF    C$iconv.c$76$1$1
  0C:0CE2    A$iconv$891
  0C:0CE3    A$iconv$892
  0C:0CE5    A$iconv$894
  0C:0CE7    A$iconv$895
  0C:0CE9    A$iconv$896
  0C:0CEB    A$iconv$897
  0C:0CED    A$iconv$898
  0C:0CEF    A$iconv$899
  0C:0CF1    A$iconv$900
  0C:0CF3    A$iconv$901
  0C:0CF6    A$iconv$902
  0C:0CF8    A$iconv$903
  0C:0CFA    A$iconv$904
  0C:0CFC    A$iconv$905
  0C:0CFE    A$iconv$906
  0C:0D00    A$iconv$907
  0C:0D02    A$iconv$908
  0C:0D04    A$iconv$912
  0C:0D04    C$iconv.c$77$3$4
  0C:0D07    A$iconv$914
  0C:0D09    A$iconv$917
  0C:0D0A    A$iconv$919
  0C:0D0B    A$iconv$920
  0C:0D0C    A$iconv$922
  0C:0D0D    A$iconv$924
  0C:0D0E    A$iconv$925
  0C:0D0F    A$iconv$931
  0C:0D0F    C$iconv.c$80$2$2
  0C:0D10    A$iconv$936
  0C:0D10    C$iconv.c$81$2$2
  0C:0D11    A$iconv$939
  0C:0D14    A$iconv$940
  0C:0D15    A$iconv$942
  0C:0D17    A$iconv$948
  0C:0D17    C$iconv.c$84$1$1
  0C:0D19    A$iconv$949
  0C:0D1B    A$iconv$950
  0C:0D1C    A$iconv$953
  0C:0D1E    A$iconv$956
  0C:0D1F    A$iconv$959
  0C:0D21    A$iconv$964
  0C:0D21    C$iconv.c$85$2$5
  0C:0D23    A$iconv$965
  0C:0D25    A$iconv$966
  0C:0D27    A$iconv$969
  0C:0D29    A$iconv$970
  0C:0D2B    A$iconv$971
  0C:0D2D    A$iconv$972
  0C:0D2E    A$iconv$973
  0C:0D31    A$iconv$974
  0C:0D32    A$iconv$975
  0C:0D33    A$iconv$976
  0C:0D36    A$iconv$980
  0C:0D36    C$iconv.c$86$2$5
  0C:0D39    A$iconv$988
  0C:0D39    C$iconv.c$88$1$1
  0C:0D39    C$iconv.c$90$1$1
  0C:0D39    XG$AsciiToUnsigned$0$0
  0C:0D3A    A$iconv$990
  0C:0D3D    A$iconv$992
  0C:0D3E    A$iconv$1011
  0C:0D3E    C$iconv.c$99$1$1
  0C:0D3E    G$UnsignedToAscii$0$0
  0C:0D3E    _UnsignedToAscii
  0C:0D40    A$iconv$1012
  0C:0D42    A$iconv$1020
  0C:0D42    C$iconv.c$106$1$1
  0C:0D42    C$iconv.c$108$1$1
  0C:0D44    A$iconv$1021
  0C:0D45    A$iconv$1022
  0C:0D46    A$iconv$1024
  0C:0D48    A$iconv$1025
  0C:0D4A    A$iconv$1026
  0C:0D4C    A$iconv$1028
  0C:0D4D    A$iconv$1029
  0C:0D4F    A$iconv$1030
  0C:0D51    A$iconv$1034
  0C:0D52    A$iconv$1035
  0C:0D53    A$iconv$1037
  0C:0D55    A$iconv$1043
  0C:0D56    A$iconv$1046
  0C:0D59    A$iconv$1051
  0C:0D59    C$iconv.c$110$1$1
  0C:0D5C    A$iconv$1052
  0C:0D5D    A$iconv$1053
  0C:0D5F    A$iconv$1055
  0C:0D61    A$iconv$1056
  0C:0D63    A$iconv$1057
  0C:0D65    A$iconv$1058
  0C:0D67    A$iconv$1059
  0C:0D69    A$iconv$1060
  0C:0D6C    A$iconv$1061
  0C:0D6E    A$iconv$1062
  0C:0D70    A$iconv$1063
  0C:0D72    A$iconv$1064
  0C:0D74    A$iconv$1065
  0C:0D76    A$iconv$1069
  0C:0D76    C$iconv.c$111$1$1
  0C:0D79    A$iconv$1070
  0C:0D7A    A$iconv$1071
  0C:0D7C    A$iconv$1073
  0C:0D7E    A$iconv$1074
  0C:0D80    A$iconv$1075
  0C:0D82    A$iconv$1076
  0C:0D84    A$iconv$1077
  0C:0D86    A$iconv$1078
  0C:0D88    A$iconv$1079
  0C:0D8A    A$iconv$1080
  0C:0D8D    A$iconv$1081
  0C:0D8F    A$iconv$1082
  0C:0D91    A$iconv$1083
  0C:0D93    A$iconv$1084
  0C:0D95    A$iconv$1085
  0C:0D97    A$iconv$1086
  0C:0D99    A$iconv$1087
  0C:0D9B    A$iconv$1089
  0C:0D9C    A$iconv$1090
  0C:0D9D    A$iconv$1092
  0C:0D9E    A$iconv$1093
  0C:0D9F    A$iconv$1094
  0C:0DA0    A$iconv$1096
  0C:0DA1    A$iconv$1097
  0C:0DA2    A$iconv$1101
  0C:0DA2    C$iconv.c$112$2$2
  0C:0DA4    A$iconv$1102
  0C:0DA6    A$iconv$1107
  0C:0DA6    C$iconv.c$113$2$2
  0C:0DA7    A$iconv$1108
  0C:0DA9    A$iconv$1109
  0C:0DAB    A$iconv$1111
  0C:0DAC    A$iconv$1112
  0C:0DAE    A$iconv$1113
  0C:0DB0    A$iconv$1115
  0C:0DB3    A$iconv$1119
  0C:0DB4    A$iconv$1120
  0C:0DB5    A$iconv$1124
  0C:0DB5    C$iconv.c$114$2$2
  0C:0DB6    A$iconv$1125
  0C:0DB7    A$iconv$1128
  0C:0DB9    A$iconv$1134
  0C:0DB9    C$iconv.c$109$1$1
  0C:0DBA    A$iconv$1136
  0C:0DBC    A$iconv$1141
  0C:0DBC    C$iconv.c$117$1$1
  0C:0DBD    A$iconv$1142
  0C:0DBE    A$iconv$1145
  0C:0DC0    A$iconv$1151
  0C:0DC2    A$iconv$1152
  0C:0DC3    A$iconv$1153
  0C:0DC4    A$iconv$1155
  0C:0DC6    A$iconv$1159
  0C:0DC7    A$iconv$1162
  0C:0DCA    A$iconv$1168
  0C:0DCA    C$iconv.c$120$2$3
  0C:0DCB    A$iconv$1169
  0C:0DCD    A$iconv$1170
  0C:0DCF    A$iconv$1172
  0C:0DD0    A$iconv$1173
  0C:0DD2    A$iconv$1174
  0C:0DD4    A$iconv$1177
  0C:0DD6    A$iconv$1178
  0C:0DD7    A$iconv$1183
  0C:0DD7    C$iconv.c$119$2$3
  0C:0DD8    A$iconv$1185
  0C:0DDA    A$iconv$1192
  0C:0DDA    C$iconv.c$121$2$3
  0C:0DDB    A$iconv$1198
  0C:0DDB    C$iconv.c$125$1$1
  0C:0DDC    A$iconv$1199
  0C:0DDD    A$iconv$1200
  0C:0DDE    A$iconv$1204
  0C:0DDE    C$iconv.c$126$1$1
  0C:0DE0    A$iconv$1208
  0C:0DE1    A$iconv$1211
  0C:0DE4    A$iconv$1216
  0C:0DE4    C$iconv.c$127$1$1
  0C:0DE6    A$iconv$1219
  0C:0DE7    A$iconv$1222
  0C:0DE8    A$iconv$1223
  0C:0DEA    A$iconv$1224
  0C:0DEC    A$iconv$1226
  0C:0DED    A$iconv$1227
  0C:0DEF    A$iconv$1228
  0C:0DF1    A$iconv$1231
  0C:0DF3    A$iconv$1232
  0C:0DF4    A$iconv$1234
  0C:0DF6    A$iconv$1238
  0C:0DF6    C$iconv.c$129$1$1
  0C:0DF6    XG$UnsignedToAscii$0$0
  0C:0DF7    A$Extdebug$792
  0C:0DF7    C$Extdebug.c$100$0$0
  0C:0DF7    G$Fault_Msg_Query$0$0
  0C:0DF7    _Fault_Msg_Query
  0C:0DF9    A$Extdebug$793
  0C:0DFB    A$Extdebug$797
  0C:0DFB    C$Extdebug.c$106$1$1
  0C:0DFC    A$Extdebug$798
  0C:0DFD    A$Extdebug$805
  0C:0DFD    C$Extdebug.c$107$1$1
  0C:0DFF    A$Extdebug$808
  0C:0E01    A$Extdebug$810
  0C:0E02    A$Extdebug$815
  0C:0E02    C$Extdebug.c$109$1$1
  0C:0E05    A$Extdebug$816
  0C:0E06    A$Extdebug$822
  0C:0E07    A$Extdebug$824
  0C:0E09    A$Extdebug$825
  0C:0E0B    A$Extdebug$830
  0C:0E0B    C$Extdebug.c$110$1$1
  0C:0E0E    A$Extdebug$832
  0C:0E0F    A$Extdebug$833
  0C:0E10    A$Extdebug$838
  0C:0E10    C$Extdebug.c$111$1$1
  0C:0E12    A$Extdebug$841
  0C:0E15    A$Extdebug$842
  0C:0E16    A$Extdebug$843
  0C:0E17    A$Extdebug$845
  0C:0E19    A$Extdebug$846
  0C:0E1B    A$Extdebug$847
  0C:0E1D    A$Extdebug$848
  0C:0E1F    A$Extdebug$849
  0C:0E21    A$Extdebug$851
  0C:0E22    A$Extdebug$853
  0C:0E23    A$Extdebug$854
  0C:0E24    A$Extdebug$855
  0C:0E25    A$Extdebug$856
  0C:0E26    A$Extdebug$857
  0C:0E27    A$Extdebug$859
  0C:0E2A    A$Extdebug$861
  0C:0E2B    A$Extdebug$862
  0C:0E2D    A$Extdebug$863
  0C:0E2E    A$Extdebug$864
  0C:0E30    A$Extdebug$866
  0C:0E31    A$Extdebug$867
  0C:0E32    A$Extdebug$870
  0C:0E34    A$Extdebug$875
  0C:0E34    C$Extdebug.c$112$2$2
  0C:0E37    A$Extdebug$877
  0C:0E39    A$Extdebug$879
  0C:0E3A    A$Extdebug$880
  0C:0E3B    A$Extdebug$884
  0C:0E3B    C$Extdebug.c$113$2$2
  0C:0E3E    A$Extdebug$885
  0C:0E3F    A$Extdebug$886
  0C:0E40    A$Extdebug$889
  0C:0E43    A$Extdebug$893
  0C:0E45    A$Extdebug$896
  0C:0E47    A$Extdebug$899
  0C:0E48    A$Extdebug$902
  0C:0E4B    A$Extdebug$907
  0C:0E4D    A$Extdebug$913
  0C:0E4D    C$Extdebug.c$114$3$3
  0C:0E50    A$Extdebug$915
  0C:0E51    A$Extdebug$916
  0C:0E52    A$Extdebug$921
  0C:0E52    C$Extdebug.c$115$3$3
  0C:0E53    A$Extdebug$922
  0C:0E55    A$Extdebug$925
  0C:0E56    A$Extdebug$931
  0C:0E56    C$Extdebug.c$120$1$1
  0C:0E57    A$Extdebug$932
  0C:0E5A    A$Extdebug$933
  0C:0E5B    A$Extdebug$935
  0C:0E5D    A$Extdebug$936
  0C:0E5E    A$Extdebug$937
  0C:0E60    A$Extdebug$938
  0C:0E62    A$Extdebug$939
  0C:0E63    A$Extdebug$942
  0C:0E65    A$Extdebug$943
  0C:0E67    A$Extdebug$944
  0C:0E68    A$Extdebug$945
  0C:0E69    A$Extdebug$948
  0C:0E6B    A$Extdebug$953
  0C:0E6B    C$Extdebug.c$121$2$4
  0C:0E6E    A$Extdebug$955
  0C:0E70    A$Extdebug$957
  0C:0E71    A$Extdebug$958
  0C:0E72    A$Extdebug$962
  0C:0E72    C$Extdebug.c$122$2$4
  0C:0E75    A$Extdebug$963
  0C:0E78    A$Extdebug$967
  0C:0E79    A$Extdebug$968
  0C:0E7A    A$Extdebug$973
  0C:0E7A    C$Extdebug.c$123$2$4
  0C:0E7B    A$Extdebug$974
  0C:0E7D    A$Extdebug$979
  0C:0E7E    A$Extdebug$982
  0C:0E80    A$Extdebug$986
  0C:0E83    A$Extdebug$990
  0C:0E85    A$Extdebug$996
  0C:0E85    C$Extdebug.c$127$2$5
  0C:0E86    A$Extdebug$997
  0C:0E88    A$Extdebug$998
  0C:0E89    A$Extdebug$1000
  0C:0E8A    A$Extdebug$1001
  0C:0E8C    A$Extdebug$1002
  0C:0E8D    A$Extdebug$1004
  0C:0E90    A$Extdebug$1005
  0C:0E91    A$Extdebug$1008
  0C:0E92    A$Extdebug$1010
  0C:0E95    A$Extdebug$1011
  0C:0E96    A$Extdebug$1013
  0C:0E98    A$Extdebug$1014
  0C:0E99    A$Extdebug$1016
  0C:0E9A    A$Extdebug$1017
  0C:0E9C    A$Extdebug$1018
  0C:0E9D    A$Extdebug$1021
  0C:0E9E    A$Extdebug$1023
  0C:0E9F    A$Extdebug$1024
  0C:0EA1    A$Extdebug$1026
  0C:0EA2    A$Extdebug$1028
  0C:0EA3    A$Extdebug$1029
  0C:0EA5    A$Extdebug$1032
  0C:0EA6    A$Extdebug$1033
  0C:0EA7    A$Extdebug$1036
  0C:0EA8    A$Extdebug$1037
  0C:0EAA    A$Extdebug$1038
  0C:0EAC    A$Extdebug$1040
  0C:0EAD    A$Extdebug$1044
  0C:0EAD    C$Extdebug.c$128$2$5
  0C:0EAE    A$Extdebug$1047
  0C:0EB0    A$Extdebug$1053
  0C:0EB0    C$Extdebug.c$126$1$1
  0C:0EB1    A$Extdebug$1055
  0C:0EB3    A$Extdebug$1060
  0C:0EB3    C$Extdebug.c$131$1$1
  0C:0EB6    A$Extdebug$1061
  0C:0EB7    A$Extdebug$1062
  0C:0EB8    A$Extdebug$1064
  0C:0EBB    A$Extdebug$1066
  0C:0EBD    A$Extdebug$1068
  0C:0EBE    A$Extdebug$1069
  0C:0EBF    A$Extdebug$1073
  0C:0EBF    C$Extdebug.c$133$1$1
  0C:0EC1    A$Extdebug$1074
  0C:0EC3    A$Extdebug$1078
  0C:0EC3    C$Extdebug.c$134$1$1
  0C:0EC3    XG$Fault_Msg_Query$0$0
  0C:0EC4    ___fssub
  0C:0ECF    __divuint
  0C:0EF8    _strcpy
  0C:0F38    ___fsmul
  0C:0FDB    fsgetargs
  0C:1009    fs_normalize_a
  0C:1032    __gptrput
  0C:104B    __mulint
  0C:104B    __mulint_dummy
  0C:1068    ___fsadd
  0C:106B    fsadd_direct_entry
  0C:10C1    ___sint2fs
  0C:10CE    ___uint2fs
  0C:10DA    ___fs2uint
  0C:10E5    fs_round_and_return
  0C:10FD    fs_zerocheck_return
  0C:1106    fs_return_zero
  0C:110E    fs_direct_return
  0C:111C    fs_return_inf
  0C:1129    fs_return_nan
  0C:1134    fs_swap_a_b
  0C:114E    __gptrget
  0C:116A    ___fs2uchar
  0C:1172    ___slong2fs
  0C:117B    slong2fs_doit
  0C:119F    ___ulong2fs
  0C:11A8    ulong2fs_doit
  0C:11B2    fs_rshift_a
  0C:11F5    __sdcc_external_startup
  0C:11F9    ___fs2ulong
  0C:11FB    fs2ulong_begin
  0C:1220    fsgetarg

Hexadecimal

Area                               Addr   Size   Decimal Bytes (Attributes)
--------------------------------   ----   ----   ------- ----- ------------
CONST                              1232   0443 =   1091. bytes (REL,CON,CODE)

      Value  Global
   --------  --------------------------------
  0C:1232    G$Month$0$0
  0C:1232    _Month
  0C:1257    G$RxMode$0$0
  0C:1257    _RxMode
  0C:12DF    G$DiscMode$0$0
  0C:12DF    _DiscMode
  0C:1356    G$GPSDecodeStatus$0$0
  0C:1356    _GPSDecodeStatus
  0C:1477    G$DiscActivity$0$0
  0C:1477    _DiscActivity
  0C:1510    G$VersionMsg$0$0
  0C:1510    _VersionMsg
  0C:1521    G$LCDInitMsg$0$0
  0C:1521    _LCDInitMsg
  0C:1532    G$prompt$0$0
  0C:1532    _prompt
  0C:1544    FTSIPMon$_str_0$0$0
  0C:1554    FTSIPMon$_str_1$0$0
  0C:1565    G$ALARM_MSG$0$0
  0C:1565    _ALARM_MSG

Hexadecimal

Area                               Addr   Size   Decimal Bytes (Attributes)
--------------------------------   ----   ----   ------- ----- ------------
XINIT                              1675   0001 =      1. bytes (REL,CON,CODE)

      Value  Global
   --------  --------------------------------
  0C:1675    FExtdebug$__xinit_fault_query_ndx$0$0
ASxxxx Linker V01.70 + NoICE + SDCC Feb 1999,  page 1.

Files Linked      [ module(s) ]

C:\SDCC\GPSMon\dev\TSIPMon.rel
C:\SDCC\GPSMon\dev\lcd_if.rel
C:\SDCC\GPSMon\dev\iconv.rel
C:\SDCC\GPSMon\dev\Extdebug.rel

Libraries Linked            [   object  file   ]

C:\Program Files\SDCC\bin\..\lib\small/libfloat.lib    [           _fssub ]
C:\Program Files\SDCC\bin\..\lib\small/libint.lib    [         _divuint ]
C:\Program Files\SDCC\bin\..\lib\small/libsdcc.lib    [          _strcpy ]
C:\Program Files\SDCC\bin\..\lib\small/libfloat.lib    [           _fsmul ]
C:\Program Files\SDCC\bin\..\lib\small/libfloat.lib    [      _fsget2args ]
C:\Program Files\SDCC\bin\..\lib\small/mcs51.lib    [     crtclear.rel ]
C:\Program Files\SDCC\bin\..\lib\small/libfloat.lib    [     _fsnormalize ]
C:\Program Files\SDCC\bin\..\lib\small/mcs51.lib    [     crtxinit.rel ]
C:\Program Files\SDCC\bin\..\lib\small/libsdcc.lib    [         _gptrput ]
C:\Program Files\SDCC\bin\..\lib\small/libint.lib    [          _mulint ]
C:\Program Files\SDCC\bin\..\lib\small/libfloat.lib    [           _fsadd ]
C:\Program Files\SDCC\bin\..\lib\small/mcs51.lib    [    crtxclear.rel ]
C:\Program Files\SDCC\bin\..\lib\small/libfloat.lib    [         _sint2fs ]
C:\Program Files\SDCC\bin\..\lib\small/libfloat.lib    [         _uint2fs ]
C:\Program Files\SDCC\bin\..\lib\small/libfloat.lib    [         _fs2uint ]
C:\Program Files\SDCC\bin\..\lib\small/libfloat.lib    [     _fsreturnval ]
C:\Program Files\SDCC\bin\..\lib\small/libfloat.lib    [      _fsswapargs ]
C:\Program Files\SDCC\bin\..\lib\small/mcs51.lib    [     crtstart.rel ]
C:\Program Files\SDCC\bin\..\lib\small/libsdcc.lib    [         _gptrget ]
C:\Program Files\SDCC\bin\..\lib\small/libfloat.lib    [        _fs2uchar ]
C:\Program Files\SDCC\bin\..\lib\small/libfloat.lib    [        _slong2fs ]
C:\Program Files\SDCC\bin\..\lib\small/libfloat.lib    [        _ulong2fs ]
C:\Program Files\SDCC\bin\..\lib\small/libfloat.lib    [        _fsrshift ]
C:\Program Files\SDCC\bin\..\lib\small/libsdcc.lib    [         _startup ]
C:\Program Files\SDCC\bin\..\lib\small/libfloat.lib    [        _fs2ulong ]
C:\Program Files\SDCC\bin\..\lib\small/libfloat.lib    [       _fsget1arg ]

ASxxxx Linker V01.70 + NoICE + SDCC Feb 1999,  page 2.

User Base Address Definitions

HOME = 0x0000
ISEG = 0x0080
BSEG = 0x0000

